[2025-07-18T12:20:04.263+0000][gc,heap] Heap region size: 1M
[2025-07-18T12:20:04.278+0000][gc     ] Using G1
[2025-07-18T12:20:04.278+0000][gc,heap,coops] Heap address: 0x00000000c0000000, size: 1024 MB, Compressed Oops mode: 32-bit
[2025-07-18T12:20:04.278+0000][gc,cds       ] Mark closed archive regions in map: [0x00000000fff00000, 0x00000000fff6bff8]
[2025-07-18T12:20:04.278+0000][gc,cds       ] Mark open archive regions in map: [0x00000000ffe00000, 0x00000000ffe47ff8]
[2025-07-18T12:20:06.474+0000][gc,start     ] GC(0) Pause Young (Normal) (G1 Evacuation Pause)
[2025-07-18T12:20:06.474+0000][gc,task      ] GC(0) Using 2 workers of 2 for evacuation
[2025-07-18T12:20:06.486+0000][gc,phases    ] GC(0)   Pre Evacuate Collection Set: 0.0ms
[2025-07-18T12:20:06.486+0000][gc,phases    ] GC(0)   Evacuate Collection Set: 11.0ms
[2025-07-18T12:20:06.486+0000][gc,phases    ] GC(0)   Post Evacuate Collection Set: 0.6ms
[2025-07-18T12:20:06.486+0000][gc,phases    ] GC(0)   Other: 0.4ms
[2025-07-18T12:20:06.486+0000][gc,heap      ] GC(0) Eden regions: 51->0(44)
[2025-07-18T12:20:06.486+0000][gc,heap      ] GC(0) Survivor regions: 0->7(7)
[2025-07-18T12:20:06.486+0000][gc,heap      ] GC(0) Old regions: 2->2
[2025-07-18T12:20:06.486+0000][gc,heap      ] GC(0) Humongous regions: 0->0
[2025-07-18T12:20:06.486+0000][gc,metaspace ] GC(0) Metaspace: 14183K(14848K)->14183K(14848K) NonClass: 12439K(12800K)->12439K(12800K) Class: 1743K(2048K)->1743K(2048K)
[2025-07-18T12:20:06.486+0000][gc           ] GC(0) Pause Young (Normal) (G1 Evacuation Pause) 51M->7M(1024M) 12.221ms
[2025-07-18T12:20:06.486+0000][gc,cpu       ] GC(0) User=0.02s Sys=0.00s Real=0.01s
[2025-07-18T12:20:15.239+0000][gc,start     ] GC(1) Pause Young (Concurrent Start) (Metadata GC Threshold)
[2025-07-18T12:20:15.239+0000][gc,task      ] GC(1) Using 2 workers of 2 for evacuation
[2025-07-18T12:20:15.261+0000][gc,mmu       ] GC(1) MMU target violated: 21.0ms (20.0ms/21.0ms)
[2025-07-18T12:20:15.261+0000][gc,phases    ] GC(1)   Pre Evacuate Collection Set: 0.1ms
[2025-07-18T12:20:15.261+0000][gc,phases    ] GC(1)   Evacuate Collection Set: 21.4ms
[2025-07-18T12:20:15.261+0000][gc,phases    ] GC(1)   Post Evacuate Collection Set: 0.6ms
[2025-07-18T12:20:15.261+0000][gc,phases    ] GC(1)   Other: 0.3ms
[2025-07-18T12:20:15.261+0000][gc,heap      ] GC(1) Eden regions: 30->0(49)
[2025-07-18T12:20:15.261+0000][gc,heap      ] GC(1) Survivor regions: 7->2(7)
[2025-07-18T12:20:15.261+0000][gc,heap      ] GC(1) Old regions: 2->10
[2025-07-18T12:20:15.261+0000][gc,heap      ] GC(1) Humongous regions: 0->0
[2025-07-18T12:20:15.261+0000][gc,metaspace ] GC(1) Metaspace: 20649K(21248K)->20649K(21248K) NonClass: 18132K(18432K)->18132K(18432K) Class: 2516K(2816K)->2516K(2816K)
[2025-07-18T12:20:15.261+0000][gc           ] GC(1) Pause Young (Concurrent Start) (Metadata GC Threshold) 37M->9M(1024M) 22.422ms
[2025-07-18T12:20:15.261+0000][gc,cpu       ] GC(1) User=0.04s Sys=0.00s Real=0.02s
[2025-07-18T12:20:15.261+0000][gc           ] GC(2) Concurrent Cycle
[2025-07-18T12:20:15.261+0000][gc,marking   ] GC(2) Concurrent Clear Claimed Marks
[2025-07-18T12:20:15.261+0000][gc,marking   ] GC(2) Concurrent Clear Claimed Marks 0.074ms
[2025-07-18T12:20:15.261+0000][gc,marking   ] GC(2) Concurrent Scan Root Regions
[2025-07-18T12:20:15.263+0000][gc,marking   ] GC(2) Concurrent Scan Root Regions 1.897ms
[2025-07-18T12:20:15.263+0000][gc,marking   ] GC(2) Concurrent Mark (11.004s)
[2025-07-18T12:20:15.263+0000][gc,marking   ] GC(2) Concurrent Mark From Roots
[2025-07-18T12:20:15.263+0000][gc,task      ] GC(2) Using 1 workers of 1 for marking
[2025-07-18T12:20:15.289+0000][gc,marking   ] GC(2) Concurrent Mark From Roots 25.616ms
[2025-07-18T12:20:15.289+0000][gc,marking   ] GC(2) Concurrent Preclean
[2025-07-18T12:20:15.289+0000][gc,marking   ] GC(2) Concurrent Preclean 0.145ms
[2025-07-18T12:20:15.289+0000][gc,marking   ] GC(2) Concurrent Mark (11.004s, 11.030s) 25.823ms
[2025-07-18T12:20:15.289+0000][gc,start     ] GC(2) Pause Remark
[2025-07-18T12:20:15.293+0000][gc,stringtable] GC(2) Cleaned string and symbol table, strings: 5768 processed, 0 removed, symbols: 53375 processed, 40 removed
[2025-07-18T12:20:15.294+0000][gc            ] GC(2) Pause Remark 10M->10M(1024M) 4.568ms
[2025-07-18T12:20:15.294+0000][gc,cpu        ] GC(2) User=0.01s Sys=0.00s Real=0.00s
[2025-07-18T12:20:15.294+0000][gc,marking    ] GC(2) Concurrent Rebuild Remembered Sets
[2025-07-18T12:20:15.300+0000][gc,marking    ] GC(2) Concurrent Rebuild Remembered Sets 6.470ms
[2025-07-18T12:20:15.300+0000][gc,start      ] GC(2) Pause Cleanup
[2025-07-18T12:20:15.301+0000][gc            ] GC(2) Pause Cleanup 10M->10M(1024M) 0.223ms
[2025-07-18T12:20:15.301+0000][gc,cpu        ] GC(2) User=0.00s Sys=0.00s Real=0.00s
[2025-07-18T12:20:15.301+0000][gc,marking    ] GC(2) Concurrent Cleanup for Next Mark
[2025-07-18T12:20:15.314+0000][gc,marking    ] GC(2) Concurrent Cleanup for Next Mark 13.131ms
[2025-07-18T12:20:15.314+0000][gc            ] GC(2) Concurrent Cycle 52.873ms
[2025-07-18T12:20:16.197+0000][gc,start      ] GC(3) Pause Young (Normal) (G1 Evacuation Pause)
[2025-07-18T12:20:16.197+0000][gc,task       ] GC(3) Using 2 workers of 2 for evacuation
[2025-07-18T12:20:16.211+0000][gc,phases     ] GC(3)   Pre Evacuate Collection Set: 0.0ms
[2025-07-18T12:20:16.211+0000][gc,phases     ] GC(3)   Evacuate Collection Set: 13.2ms
[2025-07-18T12:20:16.211+0000][gc,phases     ] GC(3)   Post Evacuate Collection Set: 0.6ms
[2025-07-18T12:20:16.211+0000][gc,phases     ] GC(3)   Other: 0.2ms
[2025-07-18T12:20:16.211+0000][gc,heap       ] GC(3) Eden regions: 49->0(46)
[2025-07-18T12:20:16.211+0000][gc,heap       ] GC(3) Survivor regions: 2->5(7)
[2025-07-18T12:20:16.211+0000][gc,heap       ] GC(3) Old regions: 10->10
[2025-07-18T12:20:16.211+0000][gc,heap       ] GC(3) Humongous regions: 129->129
[2025-07-18T12:20:16.211+0000][gc,metaspace  ] GC(3) Metaspace: 28411K(29696K)->28411K(29696K) NonClass: 25080K(25856K)->25080K(25856K) Class: 3330K(3840K)->3330K(3840K)
[2025-07-18T12:20:16.211+0000][gc            ] GC(3) Pause Young (Normal) (G1 Evacuation Pause) 187M->141M(1024M) 14.093ms
[2025-07-18T12:20:16.211+0000][gc,cpu        ] GC(3) User=0.03s Sys=0.00s Real=0.01s
[2025-07-18T12:20:16.853+0000][gc,start      ] GC(4) Pause Young (Concurrent Start) (Metadata GC Threshold)
[2025-07-18T12:20:16.853+0000][gc,task       ] GC(4) Using 2 workers of 2 for evacuation
[2025-07-18T12:20:16.864+0000][gc,phases     ] GC(4)   Pre Evacuate Collection Set: 0.1ms
[2025-07-18T12:20:16.864+0000][gc,phases     ] GC(4)   Evacuate Collection Set: 10.2ms
[2025-07-18T12:20:16.864+0000][gc,phases     ] GC(4)   Post Evacuate Collection Set: 0.5ms
[2025-07-18T12:20:16.864+0000][gc,phases     ] GC(4)   Other: 0.3ms
[2025-07-18T12:20:16.864+0000][gc,heap       ] GC(4) Eden regions: 36->0(45)
[2025-07-18T12:20:16.864+0000][gc,heap       ] GC(4) Survivor regions: 5->6(7)
[2025-07-18T12:20:16.864+0000][gc,heap       ] GC(4) Old regions: 10->10
[2025-07-18T12:20:16.864+0000][gc,heap       ] GC(4) Humongous regions: 129->129
[2025-07-18T12:20:16.864+0000][gc,metaspace  ] GC(4) Metaspace: 34471K(35840K)->34471K(35840K) NonClass: 30434K(31104K)->30434K(31104K) Class: 4037K(4736K)->4037K(4736K)
[2025-07-18T12:20:16.864+0000][gc            ] GC(4) Pause Young (Concurrent Start) (Metadata GC Threshold) 176M->143M(1024M) 11.172ms
[2025-07-18T12:20:16.864+0000][gc,cpu        ] GC(4) User=0.02s Sys=0.00s Real=0.01s
[2025-07-18T12:20:16.864+0000][gc            ] GC(5) Concurrent Cycle
[2025-07-18T12:20:16.864+0000][gc,marking    ] GC(5) Concurrent Clear Claimed Marks
[2025-07-18T12:20:16.864+0000][gc,marking    ] GC(5) Concurrent Clear Claimed Marks 0.107ms
[2025-07-18T12:20:16.864+0000][gc,marking    ] GC(5) Concurrent Scan Root Regions
[2025-07-18T12:20:16.872+0000][gc,marking    ] GC(5) Concurrent Scan Root Regions 8.426ms
[2025-07-18T12:20:16.872+0000][gc,marking    ] GC(5) Concurrent Mark (12.613s)
[2025-07-18T12:20:16.872+0000][gc,marking    ] GC(5) Concurrent Mark From Roots
[2025-07-18T12:20:16.872+0000][gc,task       ] GC(5) Using 1 workers of 1 for marking
[2025-07-18T12:20:16.896+0000][gc,marking    ] GC(5) Concurrent Mark From Roots 23.680ms
[2025-07-18T12:20:16.896+0000][gc,marking    ] GC(5) Concurrent Preclean
[2025-07-18T12:20:16.896+0000][gc,marking    ] GC(5) Concurrent Preclean 0.080ms
[2025-07-18T12:20:16.896+0000][gc,marking    ] GC(5) Concurrent Mark (12.613s, 12.637s) 23.803ms
[2025-07-18T12:20:16.897+0000][gc,start      ] GC(5) Pause Remark
[2025-07-18T12:20:16.904+0000][gc,stringtable] GC(5) Cleaned string and symbol table, strings: 10494 processed, 10 removed, symbols: 86368 processed, 16 removed
[2025-07-18T12:20:16.904+0000][gc            ] GC(5) Pause Remark 146M->146M(1024M) 7.720ms
[2025-07-18T12:20:16.904+0000][gc,cpu        ] GC(5) User=0.02s Sys=0.00s Real=0.00s
[2025-07-18T12:20:16.905+0000][gc,marking    ] GC(5) Concurrent Rebuild Remembered Sets
[2025-07-18T12:20:16.930+0000][gc,marking    ] GC(5) Concurrent Rebuild Remembered Sets 24.584ms
[2025-07-18T12:20:16.933+0000][gc,start      ] GC(5) Pause Cleanup
[2025-07-18T12:20:16.933+0000][gc            ] GC(5) Pause Cleanup 147M->147M(1024M) 0.177ms
[2025-07-18T12:20:16.933+0000][gc,cpu        ] GC(5) User=0.00s Sys=0.00s Real=0.00s
[2025-07-18T12:20:16.934+0000][gc,marking    ] GC(5) Concurrent Cleanup for Next Mark
[2025-07-18T12:20:16.953+0000][gc,marking    ] GC(5) Concurrent Cleanup for Next Mark 19.374ms
[2025-07-18T12:20:16.953+0000][gc            ] GC(5) Concurrent Cycle 89.031ms
[2025-07-18T12:24:09.415+0000][gc,start      ] GC(6) Pause Young (Concurrent Start) (G1 Evacuation Pause)
[2025-07-18T12:24:09.415+0000][gc,task       ] GC(6) Using 2 workers of 2 for evacuation
[2025-07-18T12:24:09.436+0000][gc,mmu        ] GC(6) MMU target violated: 20.5ms (20.0ms/21.0ms)
[2025-07-18T12:24:09.436+0000][gc,phases     ] GC(6)   Pre Evacuate Collection Set: 0.3ms
[2025-07-18T12:24:09.436+0000][gc,phases     ] GC(6)   Evacuate Collection Set: 19.2ms
[2025-07-18T12:24:09.436+0000][gc,phases     ] GC(6)   Post Evacuate Collection Set: 0.9ms
[2025-07-18T12:24:09.436+0000][gc,phases     ] GC(6)   Other: 0.4ms
[2025-07-18T12:24:09.436+0000][gc,heap       ] GC(6) Eden regions: 45->0(46)
[2025-07-18T12:24:09.436+0000][gc,heap       ] GC(6) Survivor regions: 6->5(7)
[2025-07-18T12:24:09.436+0000][gc,heap       ] GC(6) Old regions: 10->14
[2025-07-18T12:24:09.436+0000][gc,heap       ] GC(6) Humongous regions: 129->129
[2025-07-18T12:24:09.436+0000][gc,metaspace  ] GC(6) Metaspace: 41635K(44416K)->41635K(44416K) NonClass: 36149K(37632K)->36149K(37632K) Class: 5486K(6784K)->5486K(6784K)
[2025-07-18T12:24:09.436+0000][gc            ] GC(6) Pause Young (Concurrent Start) (G1 Evacuation Pause) 188M->145M(1024M) 20.694ms
[2025-07-18T12:24:09.436+0000][gc,cpu        ] GC(6) User=0.04s Sys=0.00s Real=0.02s
[2025-07-18T12:24:09.438+0000][gc            ] GC(7) Concurrent Cycle
[2025-07-18T12:24:09.438+0000][gc,marking    ] GC(7) Concurrent Clear Claimed Marks
[2025-07-18T12:24:09.438+0000][gc,marking    ] GC(7) Concurrent Clear Claimed Marks 0.231ms
[2025-07-18T12:24:09.438+0000][gc,marking    ] GC(7) Concurrent Scan Root Regions
[2025-07-18T12:24:09.448+0000][gc,marking    ] GC(7) Concurrent Scan Root Regions 9.951ms
[2025-07-18T12:24:09.448+0000][gc,marking    ] GC(7) Concurrent Mark (245.189s)
[2025-07-18T12:24:09.448+0000][gc,marking    ] GC(7) Concurrent Mark From Roots
[2025-07-18T12:24:09.448+0000][gc,task       ] GC(7) Using 1 workers of 1 for marking
[2025-07-18T12:24:09.483+0000][gc,marking    ] GC(7) Concurrent Mark From Roots 35.248ms
[2025-07-18T12:24:09.483+0000][gc,marking    ] GC(7) Concurrent Preclean
[2025-07-18T12:24:09.483+0000][gc,marking    ] GC(7) Concurrent Preclean 0.153ms
[2025-07-18T12:24:09.483+0000][gc,marking    ] GC(7) Concurrent Mark (245.189s, 245.224s) 35.451ms
[2025-07-18T12:24:09.484+0000][gc,start      ] GC(7) Pause Remark
[2025-07-18T12:24:09.492+0000][gc,stringtable] GC(7) Cleaned string and symbol table, strings: 11650 processed, 9 removed, symbols: 94177 processed, 2 removed
[2025-07-18T12:24:09.492+0000][gc            ] GC(7) Pause Remark 147M->147M(1024M) 8.117ms
[2025-07-18T12:24:09.492+0000][gc,cpu        ] GC(7) User=0.01s Sys=0.01s Real=0.01s
[2025-07-18T12:24:09.494+0000][gc,marking    ] GC(7) Concurrent Rebuild Remembered Sets
[2025-07-18T12:24:09.520+0000][gc,marking    ] GC(7) Concurrent Rebuild Remembered Sets 26.318ms
[2025-07-18T12:24:09.520+0000][gc,start      ] GC(7) Pause Cleanup
[2025-07-18T12:24:09.520+0000][gc            ] GC(7) Pause Cleanup 148M->148M(1024M) 0.237ms
[2025-07-18T12:24:09.520+0000][gc,cpu        ] GC(7) User=0.00s Sys=0.00s Real=0.00s
[2025-07-18T12:24:09.520+0000][gc,marking    ] GC(7) Concurrent Cleanup for Next Mark
[2025-07-18T12:24:09.527+0000][gc,marking    ] GC(7) Concurrent Cleanup for Next Mark 6.935ms
[2025-07-18T12:24:09.527+0000][gc            ] GC(7) Concurrent Cycle 91.351ms
[2025-07-18T12:26:41.375+0000][gc,start      ] GC(8) Pause Young (Normal) (G1 Evacuation Pause)
[2025-07-18T12:26:41.375+0000][gc,task       ] GC(8) Using 2 workers of 2 for evacuation
[2025-07-18T12:26:41.394+0000][gc,phases     ] GC(8)   Pre Evacuate Collection Set: 0.0ms
[2025-07-18T12:26:41.394+0000][gc,phases     ] GC(8)   Evacuate Collection Set: 18.2ms
[2025-07-18T12:26:41.394+0000][gc,phases     ] GC(8)   Post Evacuate Collection Set: 0.9ms
[2025-07-18T12:26:41.394+0000][gc,phases     ] GC(8)   Other: 0.2ms
[2025-07-18T12:26:41.394+0000][gc,heap       ] GC(8) Eden regions: 46->0(46)
[2025-07-18T12:26:41.394+0000][gc,heap       ] GC(8) Survivor regions: 5->5(7)
[2025-07-18T12:26:41.394+0000][gc,heap       ] GC(8) Old regions: 14->16
[2025-07-18T12:26:41.394+0000][gc,heap       ] GC(8) Humongous regions: 129->129
[2025-07-18T12:26:41.394+0000][gc,metaspace  ] GC(8) Metaspace: 45172K(48256K)->45172K(48256K) NonClass: 39129K(40704K)->39129K(40704K) Class: 6042K(7552K)->6042K(7552K)
[2025-07-18T12:26:41.394+0000][gc            ] GC(8) Pause Young (Normal) (G1 Evacuation Pause) 191M->148M(1024M) 19.407ms
[2025-07-18T12:26:41.394+0000][gc,cpu        ] GC(8) User=0.04s Sys=0.00s Real=0.02s
[2025-07-18T12:30:01.679+0000][gc,start      ] GC(9) Pause Young (Normal) (G1 Evacuation Pause)
[2025-07-18T12:30:01.679+0000][gc,task       ] GC(9) Using 2 workers of 2 for evacuation
[2025-07-18T12:30:01.691+0000][gc,phases     ] GC(9)   Pre Evacuate Collection Set: 0.1ms
[2025-07-18T12:30:01.691+0000][gc,phases     ] GC(9)   Evacuate Collection Set: 11.1ms
[2025-07-18T12:30:01.691+0000][gc,phases     ] GC(9)   Post Evacuate Collection Set: 0.8ms
[2025-07-18T12:30:01.691+0000][gc,phases     ] GC(9)   Other: 0.2ms
[2025-07-18T12:30:01.691+0000][gc,heap       ] GC(9) Eden regions: 46->0(47)
[2025-07-18T12:30:01.691+0000][gc,heap       ] GC(9) Survivor regions: 5->4(7)
[2025-07-18T12:30:01.691+0000][gc,heap       ] GC(9) Old regions: 16->18
[2025-07-18T12:30:01.691+0000][gc,heap       ] GC(9) Humongous regions: 129->129
[2025-07-18T12:30:01.691+0000][gc,metaspace  ] GC(9) Metaspace: 46251K(49664K)->46251K(49664K) NonClass: 39995K(41728K)->39995K(41728K) Class: 6255K(7936K)->6255K(7936K)
[2025-07-18T12:30:01.691+0000][gc            ] GC(9) Pause Young (Normal) (G1 Evacuation Pause) 194M->149M(1024M) 12.310ms
[2025-07-18T12:30:01.691+0000][gc,cpu        ] GC(9) User=0.02s Sys=0.00s Real=0.01s
[2025-07-18T12:33:22.391+0000][gc,start      ] GC(10) Pause Young (Normal) (G1 Evacuation Pause)
[2025-07-18T12:33:22.391+0000][gc,task       ] GC(10) Using 2 workers of 2 for evacuation
[2025-07-18T12:33:22.403+0000][gc,phases     ] GC(10)   Pre Evacuate Collection Set: 0.0ms
[2025-07-18T12:33:22.403+0000][gc,phases     ] GC(10)   Evacuate Collection Set: 10.9ms
[2025-07-18T12:33:22.403+0000][gc,phases     ] GC(10)   Post Evacuate Collection Set: 0.7ms
[2025-07-18T12:33:22.403+0000][gc,phases     ] GC(10)   Other: 0.2ms
[2025-07-18T12:33:22.403+0000][gc,heap       ] GC(10) Eden regions: 47->0(45)
[2025-07-18T12:33:22.403+0000][gc,heap       ] GC(10) Survivor regions: 4->6(7)
[2025-07-18T12:33:22.403+0000][gc,heap       ] GC(10) Old regions: 18->18
[2025-07-18T12:33:22.403+0000][gc,heap       ] GC(10) Humongous regions: 129->129
[2025-07-18T12:33:22.403+0000][gc,metaspace  ] GC(10) Metaspace: 46539K(49920K)->46539K(49920K) NonClass: 40246K(41984K)->40246K(41984K) Class: 6292K(7936K)->6292K(7936K)
[2025-07-18T12:33:22.403+0000][gc            ] GC(10) Pause Young (Normal) (G1 Evacuation Pause) 196M->150M(1024M) 11.916ms
[2025-07-18T12:33:22.403+0000][gc,cpu        ] GC(10) User=0.02s Sys=0.00s Real=0.01s
[2025-07-18T12:36:59.761+0000][gc,start      ] GC(11) Pause Young (Normal) (G1 Evacuation Pause)
[2025-07-18T12:36:59.761+0000][gc,task       ] GC(11) Using 2 workers of 2 for evacuation
[2025-07-18T12:36:59.776+0000][gc,phases     ] GC(11)   Pre Evacuate Collection Set: 0.0ms
[2025-07-18T12:36:59.776+0000][gc,phases     ] GC(11)   Evacuate Collection Set: 13.3ms
[2025-07-18T12:36:59.776+0000][gc,phases     ] GC(11)   Post Evacuate Collection Set: 0.6ms
[2025-07-18T12:36:59.776+0000][gc,phases     ] GC(11)   Other: 0.3ms
[2025-07-18T12:36:59.776+0000][gc,heap       ] GC(11) Eden regions: 45->0(45)
[2025-07-18T12:36:59.776+0000][gc,heap       ] GC(11) Survivor regions: 6->6(7)
[2025-07-18T12:36:59.776+0000][gc,heap       ] GC(11) Old regions: 18->21
[2025-07-18T12:36:59.776+0000][gc,heap       ] GC(11) Humongous regions: 129->129
[2025-07-18T12:36:59.776+0000][gc,metaspace  ] GC(11) Metaspace: 46787K(50176K)->46787K(50176K) NonClass: 40489K(42240K)->40489K(42240K) Class: 6297K(7936K)->6297K(7936K)
[2025-07-18T12:36:59.776+0000][gc            ] GC(11) Pause Young (Normal) (G1 Evacuation Pause) 195M->153M(1024M) 14.241ms
[2025-07-18T12:36:59.776+0000][gc,cpu        ] GC(11) User=0.03s Sys=0.01s Real=0.01s
[2025-07-18T12:41:46.702+0000][gc,start      ] GC(12) Pause Young (Normal) (G1 Evacuation Pause)
[2025-07-18T12:41:46.702+0000][gc,task       ] GC(12) Using 2 workers of 2 for evacuation
[2025-07-18T12:41:46.716+0000][gc,phases     ] GC(12)   Pre Evacuate Collection Set: 0.0ms
[2025-07-18T12:41:46.717+0000][gc,phases     ] GC(12)   Evacuate Collection Set: 13.3ms
[2025-07-18T12:41:46.717+0000][gc,phases     ] GC(12)   Post Evacuate Collection Set: 0.6ms
[2025-07-18T12:41:46.717+0000][gc,phases     ] GC(12)   Other: 0.2ms
[2025-07-18T12:41:46.717+0000][gc,heap       ] GC(12) Eden regions: 45->0(45)
[2025-07-18T12:41:46.717+0000][gc,heap       ] GC(12) Survivor regions: 6->6(7)
[2025-07-18T12:41:46.717+0000][gc,heap       ] GC(12) Old regions: 21->23
[2025-07-18T12:41:46.717+0000][gc,heap       ] GC(12) Humongous regions: 129->129
[2025-07-18T12:41:46.717+0000][gc,metaspace  ] GC(12) Metaspace: 46920K(50432K)->46920K(50432K) NonClass: 40622K(42496K)->40622K(42496K) Class: 6297K(7936K)->6297K(7936K)
[2025-07-18T12:41:46.717+0000][gc            ] GC(12) Pause Young (Normal) (G1 Evacuation Pause) 198M->156M(1024M) 14.323ms
[2025-07-18T12:41:46.717+0000][gc,cpu        ] GC(12) User=0.02s Sys=0.00s Real=0.02s
[2025-07-18T12:46:47.030+0000][gc,start      ] GC(13) Pause Young (Normal) (G1 Evacuation Pause)
[2025-07-18T12:46:47.030+0000][gc,task       ] GC(13) Using 2 workers of 2 for evacuation
[2025-07-18T12:46:47.044+0000][gc,phases     ] GC(13)   Pre Evacuate Collection Set: 0.0ms
[2025-07-18T12:46:47.044+0000][gc,phases     ] GC(13)   Evacuate Collection Set: 13.5ms
[2025-07-18T12:46:47.044+0000][gc,phases     ] GC(13)   Post Evacuate Collection Set: 0.5ms
[2025-07-18T12:46:47.044+0000][gc,phases     ] GC(13)   Other: 0.3ms
[2025-07-18T12:46:47.044+0000][gc,heap       ] GC(13) Eden regions: 45->0(45)
[2025-07-18T12:46:47.044+0000][gc,heap       ] GC(13) Survivor regions: 6->6(7)
[2025-07-18T12:46:47.044+0000][gc,heap       ] GC(13) Old regions: 23->25
[2025-07-18T12:46:47.044+0000][gc,heap       ] GC(13) Humongous regions: 129->129
[2025-07-18T12:46:47.044+0000][gc,metaspace  ] GC(13) Metaspace: 46939K(50432K)->46939K(50432K) NonClass: 40641K(42496K)->40641K(42496K) Class: 6297K(7936K)->6297K(7936K)
[2025-07-18T12:46:47.044+0000][gc            ] GC(13) Pause Young (Normal) (G1 Evacuation Pause) 201M->158M(1024M) 14.379ms
[2025-07-18T12:46:47.044+0000][gc,cpu        ] GC(13) User=0.03s Sys=0.00s Real=0.01s
[2025-07-18T12:51:49.013+0000][gc,start      ] GC(14) Pause Young (Normal) (G1 Evacuation Pause)
[2025-07-18T12:51:49.013+0000][gc,task       ] GC(14) Using 2 workers of 2 for evacuation
[2025-07-18T12:51:49.027+0000][gc,phases     ] GC(14)   Pre Evacuate Collection Set: 0.0ms
[2025-07-18T12:51:49.027+0000][gc,phases     ] GC(14)   Evacuate Collection Set: 13.4ms
[2025-07-18T12:51:49.027+0000][gc,phases     ] GC(14)   Post Evacuate Collection Set: 0.5ms
[2025-07-18T12:51:49.027+0000][gc,phases     ] GC(14)   Other: 0.2ms
[2025-07-18T12:51:49.027+0000][gc,heap       ] GC(14) Eden regions: 45->0(45)
[2025-07-18T12:51:49.027+0000][gc,heap       ] GC(14) Survivor regions: 6->6(7)
[2025-07-18T12:51:49.027+0000][gc,heap       ] GC(14) Old regions: 25->28
[2025-07-18T12:51:49.027+0000][gc,heap       ] GC(14) Humongous regions: 129->129
[2025-07-18T12:51:49.027+0000][gc,metaspace  ] GC(14) Metaspace: 46978K(50432K)->46978K(50432K) NonClass: 40680K(42496K)->40680K(42496K) Class: 6297K(7936K)->6297K(7936K)
[2025-07-18T12:51:49.027+0000][gc            ] GC(14) Pause Young (Normal) (G1 Evacuation Pause) 203M->160M(1024M) 14.231ms
[2025-07-18T12:51:49.027+0000][gc,cpu        ] GC(14) User=0.03s Sys=0.00s Real=0.02s
[2025-07-18T12:56:51.342+0000][gc,start      ] GC(15) Pause Young (Normal) (G1 Evacuation Pause)
[2025-07-18T12:56:51.342+0000][gc,task       ] GC(15) Using 2 workers of 2 for evacuation
[2025-07-18T12:56:51.358+0000][gc,phases     ] GC(15)   Pre Evacuate Collection Set: 0.0ms
[2025-07-18T12:56:51.358+0000][gc,phases     ] GC(15)   Evacuate Collection Set: 14.8ms
[2025-07-18T12:56:51.358+0000][gc,phases     ] GC(15)   Post Evacuate Collection Set: 0.5ms
[2025-07-18T12:56:51.358+0000][gc,phases     ] GC(15)   Other: 0.3ms
[2025-07-18T12:56:51.358+0000][gc,heap       ] GC(15) Eden regions: 45->0(44)
[2025-07-18T12:56:51.358+0000][gc,heap       ] GC(15) Survivor regions: 6->7(7)
[2025-07-18T12:56:51.358+0000][gc,heap       ] GC(15) Old regions: 28->31
[2025-07-18T12:56:51.358+0000][gc,heap       ] GC(15) Humongous regions: 129->129
[2025-07-18T12:56:51.358+0000][gc,metaspace  ] GC(15) Metaspace: 46999K(50432K)->46999K(50432K) NonClass: 40701K(42496K)->40701K(42496K) Class: 6297K(7936K)->6297K(7936K)
[2025-07-18T12:56:51.358+0000][gc            ] GC(15) Pause Young (Normal) (G1 Evacuation Pause) 205M->164M(1024M) 15.748ms
[2025-07-18T12:56:51.358+0000][gc,cpu        ] GC(15) User=0.03s Sys=0.01s Real=0.02s
[2025-07-18T13:01:45.391+0000][gc,start      ] GC(16) Pause Young (Normal) (G1 Evacuation Pause)
[2025-07-18T13:01:45.391+0000][gc,task       ] GC(16) Using 2 workers of 2 for evacuation
[2025-07-18T13:01:45.407+0000][gc,phases     ] GC(16)   Pre Evacuate Collection Set: 0.0ms
[2025-07-18T13:01:45.407+0000][gc,phases     ] GC(16)   Evacuate Collection Set: 15.6ms
[2025-07-18T13:01:45.407+0000][gc,phases     ] GC(16)   Post Evacuate Collection Set: 0.5ms
[2025-07-18T13:01:45.407+0000][gc,phases     ] GC(16)   Other: 0.2ms
[2025-07-18T13:01:45.407+0000][gc,heap       ] GC(16) Eden regions: 44->0(47)
[2025-07-18T13:01:45.407+0000][gc,heap       ] GC(16) Survivor regions: 7->4(7)
[2025-07-18T13:01:45.407+0000][gc,heap       ] GC(16) Old regions: 31->36
[2025-07-18T13:01:45.407+0000][gc,heap       ] GC(16) Humongous regions: 129->129
[2025-07-18T13:01:45.407+0000][gc,metaspace  ] GC(16) Metaspace: 47012K(50432K)->47012K(50432K) NonClass: 40714K(42496K)->40714K(42496K) Class: 6297K(7936K)->6297K(7936K)
[2025-07-18T13:01:45.407+0000][gc            ] GC(16) Pause Young (Normal) (G1 Evacuation Pause) 208M->167M(1024M) 16.373ms
[2025-07-18T13:01:45.407+0000][gc,cpu        ] GC(16) User=0.03s Sys=0.00s Real=0.02s
[2025-07-18T13:06:57.684+0000][gc,start      ] GC(17) Pause Young (Normal) (G1 Evacuation Pause)
[2025-07-18T13:06:57.684+0000][gc,task       ] GC(17) Using 2 workers of 2 for evacuation
[2025-07-18T13:06:57.697+0000][gc,phases     ] GC(17)   Pre Evacuate Collection Set: 0.0ms
[2025-07-18T13:06:57.697+0000][gc,phases     ] GC(17)   Evacuate Collection Set: 11.8ms
[2025-07-18T13:06:57.697+0000][gc,phases     ] GC(17)   Post Evacuate Collection Set: 0.5ms
[2025-07-18T13:06:57.697+0000][gc,phases     ] GC(17)   Other: 0.2ms
[2025-07-18T13:06:57.697+0000][gc,heap       ] GC(17) Eden regions: 47->0(47)
[2025-07-18T13:06:57.697+0000][gc,heap       ] GC(17) Survivor regions: 4->4(7)
[2025-07-18T13:06:57.697+0000][gc,heap       ] GC(17) Old regions: 36->39
[2025-07-18T13:06:57.697+0000][gc,heap       ] GC(17) Humongous regions: 129->129
[2025-07-18T13:06:57.697+0000][gc,metaspace  ] GC(17) Metaspace: 47039K(50432K)->47039K(50432K) NonClass: 40741K(42496K)->40741K(42496K) Class: 6297K(7936K)->6297K(7936K)
[2025-07-18T13:06:57.697+0000][gc            ] GC(17) Pause Young (Normal) (G1 Evacuation Pause) 214M->169M(1024M) 12.597ms
[2025-07-18T13:06:57.697+0000][gc,cpu        ] GC(17) User=0.02s Sys=0.00s Real=0.02s
[2025-07-18T13:12:10.554+0000][gc,start      ] GC(18) Pause Young (Normal) (G1 Evacuation Pause)
[2025-07-18T13:12:10.554+0000][gc,task       ] GC(18) Using 2 workers of 2 for evacuation
[2025-07-18T13:12:10.565+0000][gc,phases     ] GC(18)   Pre Evacuate Collection Set: 0.0ms
[2025-07-18T13:12:10.565+0000][gc,phases     ] GC(18)   Evacuate Collection Set: 11.0ms
[2025-07-18T13:12:10.565+0000][gc,phases     ] GC(18)   Post Evacuate Collection Set: 0.5ms
[2025-07-18T13:12:10.565+0000][gc,phases     ] GC(18)   Other: 0.2ms
[2025-07-18T13:12:10.565+0000][gc,heap       ] GC(18) Eden regions: 47->0(44)
[2025-07-18T13:12:10.565+0000][gc,heap       ] GC(18) Survivor regions: 4->7(7)
[2025-07-18T13:12:10.565+0000][gc,heap       ] GC(18) Old regions: 39->39
[2025-07-18T13:12:10.565+0000][gc,heap       ] GC(18) Humongous regions: 129->129
[2025-07-18T13:12:10.565+0000][gc,metaspace  ] GC(18) Metaspace: 47054K(50432K)->47054K(50432K) NonClass: 40757K(42496K)->40757K(42496K) Class: 6297K(7936K)->6297K(7936K)
[2025-07-18T13:12:10.565+0000][gc            ] GC(18) Pause Young (Normal) (G1 Evacuation Pause) 216M->172M(1024M) 11.804ms
[2025-07-18T13:12:10.565+0000][gc,cpu        ] GC(18) User=0.02s Sys=0.00s Real=0.01s
