[2025-07-18 12:20:05,538] INFO Registered kafka:type=kafka.Log4jController MBean (kafka.utils.Log4jControllerRegistration$)
[2025-07-18 12:20:06,332] INFO Setting -D jdk.tls.rejectClientInitiatedRenegotiation=true to disable client-initiated TLS renegotiation (org.apache.zookeeper.common.X509Util)
[2025-07-18 12:20:06,472] INFO Registered signal handlers for TERM, INT, HUP (org.apache.kafka.common.utils.LoggingSignalHandler)
[2025-07-18 12:20:06,487] INFO starting (kafka.server.KafkaServer)
[2025-07-18 12:20:06,488] INFO Connecting to zookeeper on kafka-nodo01:2181,kafka-nodo02:2181,kafka-nodo03:2181,kafka-nodo04:2181,kafka-nodo05:2181 (kafka.server.KafkaServer)
[2025-07-18 12:20:06,523] INFO [ZooKeeperClient Kafka server] Initializing a new session to kafka-nodo01:2181,kafka-nodo02:2181,kafka-nodo03:2181,kafka-nodo04:2181,kafka-nodo05:2181. (kafka.zookeeper.ZooKeeperClient)
[2025-07-18 12:20:06,532] INFO Client environment:zookeeper.version=3.8.3-6ad6d364c7c0bcf0de452d54ebefa3058098ab56, built on 2023-10-05 10:34 UTC (org.apache.zookeeper.ZooKeeper)
[2025-07-18 12:20:06,532] INFO Client environment:host.name=kafka-nodo01 (org.apache.zookeeper.ZooKeeper)
[2025-07-18 12:20:06,533] INFO Client environment:java.version=11.0.27 (org.apache.zookeeper.ZooKeeper)
[2025-07-18 12:20:06,533] INFO Client environment:java.vendor=Ubuntu (org.apache.zookeeper.ZooKeeper)
[2025-07-18 12:20:06,533] INFO Client environment:java.home=/usr/lib/jvm/java-11-openjdk-amd64 (org.apache.zookeeper.ZooKeeper)
[2025-07-18 12:20:06,533] INFO Client environment:java.class.path=/opt/kafka/kafka/bin/../libs/activation-1.1.1.jar:/opt/kafka/kafka/bin/../libs/aopalliance-repackaged-2.6.1.jar:/opt/kafka/kafka/bin/../libs/argparse4j-0.7.0.jar:/opt/kafka/kafka/bin/../libs/audience-annotations-0.12.0.jar:/opt/kafka/kafka/bin/../libs/caffeine-2.9.3.jar:/opt/kafka/kafka/bin/../libs/checker-qual-3.19.0.jar:/opt/kafka/kafka/bin/../libs/commons-beanutils-1.9.4.jar:/opt/kafka/kafka/bin/../libs/commons-cli-1.4.jar:/opt/kafka/kafka/bin/../libs/commons-collections-3.2.2.jar:/opt/kafka/kafka/bin/../libs/commons-digester-2.1.jar:/opt/kafka/kafka/bin/../libs/commons-io-2.11.0.jar:/opt/kafka/kafka/bin/../libs/commons-lang3-3.8.1.jar:/opt/kafka/kafka/bin/../libs/commons-logging-1.2.jar:/opt/kafka/kafka/bin/../libs/commons-validator-1.7.jar:/opt/kafka/kafka/bin/../libs/connect-api-3.6.1.jar:/opt/kafka/kafka/bin/../libs/connect-basic-auth-extension-3.6.1.jar:/opt/kafka/kafka/bin/../libs/connect-json-3.6.1.jar:/opt/kafka/kafka/bin/../libs/connect-mirror-3.6.1.jar:/opt/kafka/kafka/bin/../libs/connect-mirror-client-3.6.1.jar:/opt/kafka/kafka/bin/../libs/connect-runtime-3.6.1.jar:/opt/kafka/kafka/bin/../libs/connect-transforms-3.6.1.jar:/opt/kafka/kafka/bin/../libs/error_prone_annotations-2.10.0.jar:/opt/kafka/kafka/bin/../libs/hk2-api-2.6.1.jar:/opt/kafka/kafka/bin/../libs/hk2-locator-2.6.1.jar:/opt/kafka/kafka/bin/../libs/hk2-utils-2.6.1.jar:/opt/kafka/kafka/bin/../libs/jackson-annotations-2.13.5.jar:/opt/kafka/kafka/bin/../libs/jackson-core-2.13.5.jar:/opt/kafka/kafka/bin/../libs/jackson-databind-2.13.5.jar:/opt/kafka/kafka/bin/../libs/jackson-dataformat-csv-2.13.5.jar:/opt/kafka/kafka/bin/../libs/jackson-datatype-jdk8-2.13.5.jar:/opt/kafka/kafka/bin/../libs/jackson-jaxrs-base-2.13.5.jar:/opt/kafka/kafka/bin/../libs/jackson-jaxrs-json-provider-2.13.5.jar:/opt/kafka/kafka/bin/../libs/jackson-module-jaxb-annotations-2.13.5.jar:/opt/kafka/kafka/bin/../libs/jackson-module-scala_2.13-2.13.5.jar:/opt/kafka/kafka/bin/../libs/jakarta.activation-api-1.2.2.jar:/opt/kafka/kafka/bin/../libs/jakarta.annotation-api-1.3.5.jar:/opt/kafka/kafka/bin/../libs/jakarta.inject-2.6.1.jar:/opt/kafka/kafka/bin/../libs/jakarta.validation-api-2.0.2.jar:/opt/kafka/kafka/bin/../libs/jakarta.ws.rs-api-2.1.6.jar:/opt/kafka/kafka/bin/../libs/jakarta.xml.bind-api-2.3.3.jar:/opt/kafka/kafka/bin/../libs/javassist-3.29.2-GA.jar:/opt/kafka/kafka/bin/../libs/javax.activation-api-1.2.0.jar:/opt/kafka/kafka/bin/../libs/javax.annotation-api-1.3.2.jar:/opt/kafka/kafka/bin/../libs/javax.servlet-api-3.1.0.jar:/opt/kafka/kafka/bin/../libs/javax.ws.rs-api-2.1.1.jar:/opt/kafka/kafka/bin/../libs/jaxb-api-2.3.1.jar:/opt/kafka/kafka/bin/../libs/jersey-client-2.39.1.jar:/opt/kafka/kafka/bin/../libs/jersey-common-2.39.1.jar:/opt/kafka/kafka/bin/../libs/jersey-container-servlet-2.39.1.jar:/opt/kafka/kafka/bin/../libs/jersey-container-servlet-core-2.39.1.jar:/opt/kafka/kafka/bin/../libs/jersey-hk2-2.39.1.jar:/opt/kafka/kafka/bin/../libs/jersey-server-2.39.1.jar:/opt/kafka/kafka/bin/../libs/jetty-client-9.4.52.v20230823.jar:/opt/kafka/kafka/bin/../libs/jetty-continuation-9.4.52.v20230823.jar:/opt/kafka/kafka/bin/../libs/jetty-http-9.4.52.v20230823.jar:/opt/kafka/kafka/bin/../libs/jetty-io-9.4.52.v20230823.jar:/opt/kafka/kafka/bin/../libs/jetty-security-9.4.52.v20230823.jar:/opt/kafka/kafka/bin/../libs/jetty-server-9.4.52.v20230823.jar:/opt/kafka/kafka/bin/../libs/jetty-servlet-9.4.52.v20230823.jar:/opt/kafka/kafka/bin/../libs/jetty-servlets-9.4.52.v20230823.jar:/opt/kafka/kafka/bin/../libs/jetty-util-9.4.52.v20230823.jar:/opt/kafka/kafka/bin/../libs/jetty-util-ajax-9.4.52.v20230823.jar:/opt/kafka/kafka/bin/../libs/jline-3.22.0.jar:/opt/kafka/kafka/bin/../libs/jopt-simple-5.0.4.jar:/opt/kafka/kafka/bin/../libs/jose4j-0.9.3.jar:/opt/kafka/kafka/bin/../libs/jsr305-3.0.2.jar:/opt/kafka/kafka/bin/../libs/kafka-clients-3.6.1.jar:/opt/kafka/kafka/bin/../libs/kafka-group-coordinator-3.6.1.jar:/opt/kafka/kafka/bin/../libs/kafka-log4j-appender-3.6.1.jar:/opt/kafka/kafka/bin/../libs/kafka-metadata-3.6.1.jar:/opt/kafka/kafka/bin/../libs/kafka-raft-3.6.1.jar:/opt/kafka/kafka/bin/../libs/kafka-server-common-3.6.1.jar:/opt/kafka/kafka/bin/../libs/kafka-shell-3.6.1.jar:/opt/kafka/kafka/bin/../libs/kafka-storage-3.6.1.jar:/opt/kafka/kafka/bin/../libs/kafka-storage-api-3.6.1.jar:/opt/kafka/kafka/bin/../libs/kafka-streams-3.6.1.jar:/opt/kafka/kafka/bin/../libs/kafka-streams-examples-3.6.1.jar:/opt/kafka/kafka/bin/../libs/kafka-streams-scala_2.13-3.6.1.jar:/opt/kafka/kafka/bin/../libs/kafka-streams-test-utils-3.6.1.jar:/opt/kafka/kafka/bin/../libs/kafka-tools-3.6.1.jar:/opt/kafka/kafka/bin/../libs/kafka-tools-api-3.6.1.jar:/opt/kafka/kafka/bin/../libs/kafka_2.13-3.6.1.jar:/opt/kafka/kafka/bin/../libs/lz4-java-1.8.0.jar:/opt/kafka/kafka/bin/../libs/maven-artifact-3.8.8.jar:/opt/kafka/kafka/bin/../libs/metrics-core-2.2.0.jar:/opt/kafka/kafka/bin/../libs/metrics-core-4.1.12.1.jar:/opt/kafka/kafka/bin/../libs/netty-buffer-4.1.100.Final.jar:/opt/kafka/kafka/bin/../libs/netty-codec-4.1.100.Final.jar:/opt/kafka/kafka/bin/../libs/netty-common-4.1.100.Final.jar:/opt/kafka/kafka/bin/../libs/netty-handler-4.1.100.Final.jar:/opt/kafka/kafka/bin/../libs/netty-resolver-4.1.100.Final.jar:/opt/kafka/kafka/bin/../libs/netty-transport-4.1.100.Final.jar:/opt/kafka/kafka/bin/../libs/netty-transport-classes-epoll-4.1.100.Final.jar:/opt/kafka/kafka/bin/../libs/netty-transport-native-epoll-4.1.100.Final.jar:/opt/kafka/kafka/bin/../libs/netty-transport-native-unix-common-4.1.100.Final.jar:/opt/kafka/kafka/bin/../libs/osgi-resource-locator-1.0.3.jar:/opt/kafka/kafka/bin/../libs/paranamer-2.8.jar:/opt/kafka/kafka/bin/../libs/pcollections-4.0.1.jar:/opt/kafka/kafka/bin/../libs/plexus-utils-3.3.1.jar:/opt/kafka/kafka/bin/../libs/reflections-0.10.2.jar:/opt/kafka/kafka/bin/../libs/reload4j-1.2.25.jar:/opt/kafka/kafka/bin/../libs/rocksdbjni-7.9.2.jar:/opt/kafka/kafka/bin/../libs/scala-collection-compat_2.13-2.10.0.jar:/opt/kafka/kafka/bin/../libs/scala-java8-compat_2.13-1.0.2.jar:/opt/kafka/kafka/bin/../libs/scala-library-2.13.11.jar:/opt/kafka/kafka/bin/../libs/scala-logging_2.13-3.9.4.jar:/opt/kafka/kafka/bin/../libs/scala-reflect-2.13.11.jar:/opt/kafka/kafka/bin/../libs/slf4j-api-1.7.36.jar:/opt/kafka/kafka/bin/../libs/slf4j-reload4j-1.7.36.jar:/opt/kafka/kafka/bin/../libs/snappy-java-1.1.10.5.jar:/opt/kafka/kafka/bin/../libs/swagger-annotations-2.2.8.jar:/opt/kafka/kafka/bin/../libs/trogdor-3.6.1.jar:/opt/kafka/kafka/bin/../libs/zookeeper-3.8.3.jar:/opt/kafka/kafka/bin/../libs/zookeeper-jute-3.8.3.jar:/opt/kafka/kafka/bin/../libs/zstd-jni-1.5.5-1.jar (org.apache.zookeeper.ZooKeeper)
[2025-07-18 12:20:06,533] INFO Client environment:java.library.path=/usr/java/packages/lib:/usr/lib/x86_64-linux-gnu/jni:/lib/x86_64-linux-gnu:/usr/lib/x86_64-linux-gnu:/usr/lib/jni:/lib:/usr/lib (org.apache.zookeeper.ZooKeeper)
[2025-07-18 12:20:06,533] INFO Client environment:java.io.tmpdir=/tmp (org.apache.zookeeper.ZooKeeper)
[2025-07-18 12:20:06,533] INFO Client environment:java.compiler=<NA> (org.apache.zookeeper.ZooKeeper)
[2025-07-18 12:20:06,533] INFO Client environment:os.name=Linux (org.apache.zookeeper.ZooKeeper)
[2025-07-18 12:20:06,533] INFO Client environment:os.arch=amd64 (org.apache.zookeeper.ZooKeeper)
[2025-07-18 12:20:06,533] INFO Client environment:os.version=6.8.0-1031-aws (org.apache.zookeeper.ZooKeeper)
[2025-07-18 12:20:06,533] INFO Client environment:user.name=kafka (org.apache.zookeeper.ZooKeeper)
[2025-07-18 12:20:06,533] INFO Client environment:user.home=/home/kafka (org.apache.zookeeper.ZooKeeper)
[2025-07-18 12:20:06,534] INFO Client environment:user.dir=/home/kafka/scripts-kafka (org.apache.zookeeper.ZooKeeper)
[2025-07-18 12:20:06,534] INFO Client environment:os.memory.free=1013MB (org.apache.zookeeper.ZooKeeper)
[2025-07-18 12:20:06,534] INFO Client environment:os.memory.max=1024MB (org.apache.zookeeper.ZooKeeper)
[2025-07-18 12:20:06,534] INFO Client environment:os.memory.total=1024MB (org.apache.zookeeper.ZooKeeper)
[2025-07-18 12:20:06,538] INFO Initiating client connection, connectString=kafka-nodo01:2181,kafka-nodo02:2181,kafka-nodo03:2181,kafka-nodo04:2181,kafka-nodo05:2181 sessionTimeout=18000 watcher=kafka.zookeeper.ZooKeeperClient$ZooKeeperClientWatcher$@1c39680d (org.apache.zookeeper.ZooKeeper)
[2025-07-18 12:20:06,543] INFO jute.maxbuffer value is 4194304 Bytes (org.apache.zookeeper.ClientCnxnSocket)
[2025-07-18 12:20:06,555] INFO zookeeper.request.timeout value is 0. feature enabled=false (org.apache.zookeeper.ClientCnxn)
[2025-07-18 12:20:06,557] INFO [ZooKeeperClient Kafka server] Waiting until connected. (kafka.zookeeper.ZooKeeperClient)
[2025-07-18 12:20:06,559] INFO Opening socket connection to server kafka-nodo05/172.31.67.191:2181. (org.apache.zookeeper.ClientCnxn)
[2025-07-18 12:20:06,567] WARN Session 0x0 for server kafka-nodo05/172.31.67.191:2181, Closing socket connection. Attempting reconnect except it is a SessionExpiredException. (org.apache.zookeeper.ClientCnxn)
java.net.ConnectException: Connection refused
	at java.base/sun.nio.ch.SocketChannelImpl.checkConnect(Native Method)
	at java.base/sun.nio.ch.SocketChannelImpl.finishConnect(SocketChannelImpl.java:777)
	at org.apache.zookeeper.ClientCnxnSocketNIO.doTransport(ClientCnxnSocketNIO.java:344)
	at org.apache.zookeeper.ClientCnxn$SendThread.run(ClientCnxn.java:1289)
[2025-07-18 12:20:06,672] INFO Opening socket connection to server kafka-nodo04/172.31.65.228:2181. (org.apache.zookeeper.ClientCnxn)
[2025-07-18 12:20:06,672] WARN Session 0x0 for server kafka-nodo04/172.31.65.228:2181, Closing socket connection. Attempting reconnect except it is a SessionExpiredException. (org.apache.zookeeper.ClientCnxn)
java.net.ConnectException: Connection refused
	at java.base/sun.nio.ch.SocketChannelImpl.checkConnect(Native Method)
	at java.base/sun.nio.ch.SocketChannelImpl.finishConnect(SocketChannelImpl.java:777)
	at org.apache.zookeeper.ClientCnxnSocketNIO.doTransport(ClientCnxnSocketNIO.java:344)
	at org.apache.zookeeper.ClientCnxn$SendThread.run(ClientCnxn.java:1289)
[2025-07-18 12:20:06,773] INFO Opening socket connection to server kafka-nodo02/172.31.64.227:2181. (org.apache.zookeeper.ClientCnxn)
[2025-07-18 12:20:06,774] WARN Session 0x0 for server kafka-nodo02/172.31.64.227:2181, Closing socket connection. Attempting reconnect except it is a SessionExpiredException. (org.apache.zookeeper.ClientCnxn)
java.net.ConnectException: Connection refused
	at java.base/sun.nio.ch.SocketChannelImpl.checkConnect(Native Method)
	at java.base/sun.nio.ch.SocketChannelImpl.finishConnect(SocketChannelImpl.java:777)
	at org.apache.zookeeper.ClientCnxnSocketNIO.doTransport(ClientCnxnSocketNIO.java:344)
	at org.apache.zookeeper.ClientCnxn$SendThread.run(ClientCnxn.java:1289)
[2025-07-18 12:20:06,875] INFO Opening socket connection to server kafka-nodo03/172.31.69.157:2181. (org.apache.zookeeper.ClientCnxn)
[2025-07-18 12:20:06,876] WARN Session 0x0 for server kafka-nodo03/172.31.69.157:2181, Closing socket connection. Attempting reconnect except it is a SessionExpiredException. (org.apache.zookeeper.ClientCnxn)
java.net.ConnectException: Connection refused
	at java.base/sun.nio.ch.SocketChannelImpl.checkConnect(Native Method)
	at java.base/sun.nio.ch.SocketChannelImpl.finishConnect(SocketChannelImpl.java:777)
	at org.apache.zookeeper.ClientCnxnSocketNIO.doTransport(ClientCnxnSocketNIO.java:344)
	at org.apache.zookeeper.ClientCnxn$SendThread.run(ClientCnxn.java:1289)
[2025-07-18 12:20:06,976] INFO Opening socket connection to server kafka-nodo01/172.31.70.116:2181. (org.apache.zookeeper.ClientCnxn)
[2025-07-18 12:20:06,977] INFO Socket connection established, initiating session, client: /172.31.70.116:55622, server: kafka-nodo01/172.31.70.116:2181 (org.apache.zookeeper.ClientCnxn)
[2025-07-18 12:20:06,987] WARN Session 0x0 for server kafka-nodo01/172.31.70.116:2181, Closing socket connection. Attempting reconnect except it is a SessionExpiredException. (org.apache.zookeeper.ClientCnxn)
EndOfStreamException: Unable to read additional data from server sessionid 0x0, likely server has closed socket
	at org.apache.zookeeper.ClientCnxnSocketNIO.doIO(ClientCnxnSocketNIO.java:77)
	at org.apache.zookeeper.ClientCnxnSocketNIO.doTransport(ClientCnxnSocketNIO.java:350)
	at org.apache.zookeeper.ClientCnxn$SendThread.run(ClientCnxn.java:1289)
[2025-07-18 12:20:08,368] INFO Opening socket connection to server kafka-nodo05/172.31.67.191:2181. (org.apache.zookeeper.ClientCnxn)
[2025-07-18 12:20:08,369] WARN Session 0x0 for server kafka-nodo05/172.31.67.191:2181, Closing socket connection. Attempting reconnect except it is a SessionExpiredException. (org.apache.zookeeper.ClientCnxn)
java.net.ConnectException: Connection refused
	at java.base/sun.nio.ch.SocketChannelImpl.checkConnect(Native Method)
	at java.base/sun.nio.ch.SocketChannelImpl.finishConnect(SocketChannelImpl.java:777)
	at org.apache.zookeeper.ClientCnxnSocketNIO.doTransport(ClientCnxnSocketNIO.java:344)
	at org.apache.zookeeper.ClientCnxn$SendThread.run(ClientCnxn.java:1289)
[2025-07-18 12:20:08,742] INFO Opening socket connection to server kafka-nodo04/172.31.65.228:2181. (org.apache.zookeeper.ClientCnxn)
[2025-07-18 12:20:08,742] WARN Session 0x0 for server kafka-nodo04/172.31.65.228:2181, Closing socket connection. Attempting reconnect except it is a SessionExpiredException. (org.apache.zookeeper.ClientCnxn)
java.net.ConnectException: Connection refused
	at java.base/sun.nio.ch.SocketChannelImpl.checkConnect(Native Method)
	at java.base/sun.nio.ch.SocketChannelImpl.finishConnect(SocketChannelImpl.java:777)
	at org.apache.zookeeper.ClientCnxnSocketNIO.doTransport(ClientCnxnSocketNIO.java:344)
	at org.apache.zookeeper.ClientCnxn$SendThread.run(ClientCnxn.java:1289)
[2025-07-18 12:20:09,539] INFO Opening socket connection to server kafka-nodo02/172.31.64.227:2181. (org.apache.zookeeper.ClientCnxn)
[2025-07-18 12:20:09,540] WARN Session 0x0 for server kafka-nodo02/172.31.64.227:2181, Closing socket connection. Attempting reconnect except it is a SessionExpiredException. (org.apache.zookeeper.ClientCnxn)
java.net.ConnectException: Connection refused
	at java.base/sun.nio.ch.SocketChannelImpl.checkConnect(Native Method)
	at java.base/sun.nio.ch.SocketChannelImpl.finishConnect(SocketChannelImpl.java:777)
	at org.apache.zookeeper.ClientCnxnSocketNIO.doTransport(ClientCnxnSocketNIO.java:344)
	at org.apache.zookeeper.ClientCnxn$SendThread.run(ClientCnxn.java:1289)
[2025-07-18 12:20:09,751] INFO Opening socket connection to server kafka-nodo03/172.31.69.157:2181. (org.apache.zookeeper.ClientCnxn)
[2025-07-18 12:20:09,751] WARN Session 0x0 for server kafka-nodo03/172.31.69.157:2181, Closing socket connection. Attempting reconnect except it is a SessionExpiredException. (org.apache.zookeeper.ClientCnxn)
java.net.ConnectException: Connection refused
	at java.base/sun.nio.ch.SocketChannelImpl.checkConnect(Native Method)
	at java.base/sun.nio.ch.SocketChannelImpl.finishConnect(SocketChannelImpl.java:777)
	at org.apache.zookeeper.ClientCnxnSocketNIO.doTransport(ClientCnxnSocketNIO.java:344)
	at org.apache.zookeeper.ClientCnxn$SendThread.run(ClientCnxn.java:1289)
[2025-07-18 12:20:10,784] INFO Opening socket connection to server kafka-nodo01/172.31.70.116:2181. (org.apache.zookeeper.ClientCnxn)
[2025-07-18 12:20:10,785] INFO Socket connection established, initiating session, client: /172.31.70.116:55632, server: kafka-nodo01/172.31.70.116:2181 (org.apache.zookeeper.ClientCnxn)
[2025-07-18 12:20:10,787] WARN Session 0x0 for server kafka-nodo01/172.31.70.116:2181, Closing socket connection. Attempting reconnect except it is a SessionExpiredException. (org.apache.zookeeper.ClientCnxn)
EndOfStreamException: Unable to read additional data from server sessionid 0x0, likely server has closed socket
	at org.apache.zookeeper.ClientCnxnSocketNIO.doIO(ClientCnxnSocketNIO.java:77)
	at org.apache.zookeeper.ClientCnxnSocketNIO.doTransport(ClientCnxnSocketNIO.java:350)
	at org.apache.zookeeper.ClientCnxn$SendThread.run(ClientCnxn.java:1289)
[2025-07-18 12:20:12,167] INFO Opening socket connection to server kafka-nodo05/172.31.67.191:2181. (org.apache.zookeeper.ClientCnxn)
[2025-07-18 12:20:12,168] WARN Session 0x0 for server kafka-nodo05/172.31.67.191:2181, Closing socket connection. Attempting reconnect except it is a SessionExpiredException. (org.apache.zookeeper.ClientCnxn)
java.net.ConnectException: Connection refused
	at java.base/sun.nio.ch.SocketChannelImpl.checkConnect(Native Method)
	at java.base/sun.nio.ch.SocketChannelImpl.finishConnect(SocketChannelImpl.java:777)
	at org.apache.zookeeper.ClientCnxnSocketNIO.doTransport(ClientCnxnSocketNIO.java:344)
	at org.apache.zookeeper.ClientCnxn$SendThread.run(ClientCnxn.java:1289)
[2025-07-18 12:20:12,953] INFO Opening socket connection to server kafka-nodo04/172.31.65.228:2181. (org.apache.zookeeper.ClientCnxn)
[2025-07-18 12:20:12,953] WARN Session 0x0 for server kafka-nodo04/172.31.65.228:2181, Closing socket connection. Attempting reconnect except it is a SessionExpiredException. (org.apache.zookeeper.ClientCnxn)
java.net.ConnectException: Connection refused
	at java.base/sun.nio.ch.SocketChannelImpl.checkConnect(Native Method)
	at java.base/sun.nio.ch.SocketChannelImpl.finishConnect(SocketChannelImpl.java:777)
	at org.apache.zookeeper.ClientCnxnSocketNIO.doTransport(ClientCnxnSocketNIO.java:344)
	at org.apache.zookeeper.ClientCnxn$SendThread.run(ClientCnxn.java:1289)
[2025-07-18 12:20:13,332] INFO Opening socket connection to server kafka-nodo02/172.31.64.227:2181. (org.apache.zookeeper.ClientCnxn)
[2025-07-18 12:20:13,333] INFO Socket connection established, initiating session, client: /172.31.70.116:58918, server: kafka-nodo02/172.31.64.227:2181 (org.apache.zookeeper.ClientCnxn)
[2025-07-18 12:20:13,335] WARN Session 0x0 for server kafka-nodo02/172.31.64.227:2181, Closing socket connection. Attempting reconnect except it is a SessionExpiredException. (org.apache.zookeeper.ClientCnxn)
EndOfStreamException: Unable to read additional data from server sessionid 0x0, likely server has closed socket
	at org.apache.zookeeper.ClientCnxnSocketNIO.doIO(ClientCnxnSocketNIO.java:77)
	at org.apache.zookeeper.ClientCnxnSocketNIO.doTransport(ClientCnxnSocketNIO.java:350)
	at org.apache.zookeeper.ClientCnxn$SendThread.run(ClientCnxn.java:1289)
[2025-07-18 12:20:13,877] INFO Opening socket connection to server kafka-nodo03/172.31.69.157:2181. (org.apache.zookeeper.ClientCnxn)
[2025-07-18 12:20:13,878] INFO Socket connection established, initiating session, client: /172.31.70.116:40340, server: kafka-nodo03/172.31.69.157:2181 (org.apache.zookeeper.ClientCnxn)
[2025-07-18 12:20:13,888] WARN Session 0x0 for server kafka-nodo03/172.31.69.157:2181, Closing socket connection. Attempting reconnect except it is a SessionExpiredException. (org.apache.zookeeper.ClientCnxn)
EndOfStreamException: Unable to read additional data from server sessionid 0x0, likely server has closed socket
	at org.apache.zookeeper.ClientCnxnSocketNIO.doIO(ClientCnxnSocketNIO.java:77)
	at org.apache.zookeeper.ClientCnxnSocketNIO.doTransport(ClientCnxnSocketNIO.java:350)
	at org.apache.zookeeper.ClientCnxn$SendThread.run(ClientCnxn.java:1289)
[2025-07-18 12:20:14,677] INFO Opening socket connection to server kafka-nodo01/172.31.70.116:2181. (org.apache.zookeeper.ClientCnxn)
[2025-07-18 12:20:14,677] INFO Socket connection established, initiating session, client: /172.31.70.116:55640, server: kafka-nodo01/172.31.70.116:2181 (org.apache.zookeeper.ClientCnxn)
[2025-07-18 12:20:14,702] INFO Session establishment complete on server kafka-nodo01/172.31.70.116:2181, session id = 0x1000008b4d10000, negotiated timeout = 18000 (org.apache.zookeeper.ClientCnxn)
[2025-07-18 12:20:14,706] INFO [ZooKeeperClient Kafka server] Connected. (kafka.zookeeper.ZooKeeperClient)
[2025-07-18 12:20:15,138] INFO Cluster ID = q2dpSZJOTRyy7eldl5TWPw (kafka.server.KafkaServer)
[2025-07-18 12:20:15,142] WARN No meta.properties file under dir /tmp/kafka-logs/meta.properties (kafka.server.BrokerMetadataCheckpoint)
[2025-07-18 12:20:15,210] INFO KafkaConfig values: 
	advertised.listeners = null
	alter.config.policy.class.name = null
	alter.log.dirs.replication.quota.window.num = 11
	alter.log.dirs.replication.quota.window.size.seconds = 1
	authorizer.class.name = 
	auto.create.topics.enable = true
	auto.include.jmx.reporter = true
	auto.leader.rebalance.enable = true
	background.threads = 10
	broker.heartbeat.interval.ms = 2000
	broker.id = 1
	broker.id.generation.enable = true
	broker.rack = null
	broker.session.timeout.ms = 9000
	client.quota.callback.class = null
	compression.type = producer
	connection.failed.authentication.delay.ms = 100
	connections.max.idle.ms = 600000
	connections.max.reauth.ms = 0
	control.plane.listener.name = null
	controlled.shutdown.enable = true
	controlled.shutdown.max.retries = 3
	controlled.shutdown.retry.backoff.ms = 5000
	controller.listener.names = null
	controller.quorum.append.linger.ms = 25
	controller.quorum.election.backoff.max.ms = 1000
	controller.quorum.election.timeout.ms = 1000
	controller.quorum.fetch.timeout.ms = 2000
	controller.quorum.request.timeout.ms = 2000
	controller.quorum.retry.backoff.ms = 20
	controller.quorum.voters = []
	controller.quota.window.num = 11
	controller.quota.window.size.seconds = 1
	controller.socket.timeout.ms = 30000
	create.topic.policy.class.name = null
	default.replication.factor = 1
	delegation.token.expiry.check.interval.ms = 3600000
	delegation.token.expiry.time.ms = 86400000
	delegation.token.master.key = null
	delegation.token.max.lifetime.ms = 604800000
	delegation.token.secret.key = null
	delete.records.purgatory.purge.interval.requests = 1
	delete.topic.enable = true
	early.start.listeners = null
	fetch.max.bytes = 57671680
	fetch.purgatory.purge.interval.requests = 1000
	group.consumer.assignors = [org.apache.kafka.coordinator.group.assignor.RangeAssignor]
	group.consumer.heartbeat.interval.ms = 5000
	group.consumer.max.heartbeat.interval.ms = 15000
	group.consumer.max.session.timeout.ms = 60000
	group.consumer.max.size = 2147483647
	group.consumer.min.heartbeat.interval.ms = 5000
	group.consumer.min.session.timeout.ms = 45000
	group.consumer.session.timeout.ms = 45000
	group.coordinator.new.enable = false
	group.coordinator.threads = 1
	group.initial.rebalance.delay.ms = 0
	group.max.session.timeout.ms = 1800000
	group.max.size = 2147483647
	group.min.session.timeout.ms = 6000
	initial.broker.registration.timeout.ms = 60000
	inter.broker.listener.name = null
	inter.broker.protocol.version = 3.6-IV2
	kafka.metrics.polling.interval.secs = 10
	kafka.metrics.reporters = []
	leader.imbalance.check.interval.seconds = 300
	leader.imbalance.per.broker.percentage = 10
	listener.security.protocol.map = PLAINTEXT:PLAINTEXT,SSL:SSL,SASL_PLAINTEXT:SASL_PLAINTEXT,SASL_SSL:SASL_SSL
	listeners = PLAINTEXT://kafka-nodo01:9092
	log.cleaner.backoff.ms = 15000
	log.cleaner.dedupe.buffer.size = 134217728
	log.cleaner.delete.retention.ms = 86400000
	log.cleaner.enable = true
	log.cleaner.io.buffer.load.factor = 0.9
	log.cleaner.io.buffer.size = 524288
	log.cleaner.io.max.bytes.per.second = 1.7976931348623157E308
	log.cleaner.max.compaction.lag.ms = 9223372036854775807
	log.cleaner.min.cleanable.ratio = 0.5
	log.cleaner.min.compaction.lag.ms = 0
	log.cleaner.threads = 1
	log.cleanup.policy = [delete]
	log.dir = /tmp/kafka-logs
	log.dirs = /tmp/kafka-logs
	log.flush.interval.messages = 9223372036854775807
	log.flush.interval.ms = null
	log.flush.offset.checkpoint.interval.ms = 60000
	log.flush.scheduler.interval.ms = 9223372036854775807
	log.flush.start.offset.checkpoint.interval.ms = 60000
	log.index.interval.bytes = 4096
	log.index.size.max.bytes = 10485760
	log.local.retention.bytes = -2
	log.local.retention.ms = -2
	log.message.downconversion.enable = true
	log.message.format.version = 3.0-IV1
	log.message.timestamp.after.max.ms = 9223372036854775807
	log.message.timestamp.before.max.ms = 9223372036854775807
	log.message.timestamp.difference.max.ms = 9223372036854775807
	log.message.timestamp.type = CreateTime
	log.preallocate = false
	log.retention.bytes = -1
	log.retention.check.interval.ms = 300000
	log.retention.hours = 168
	log.retention.minutes = null
	log.retention.ms = null
	log.roll.hours = 168
	log.roll.jitter.hours = 0
	log.roll.jitter.ms = null
	log.roll.ms = null
	log.segment.bytes = 1073741824
	log.segment.delete.delay.ms = 60000
	max.connection.creation.rate = 2147483647
	max.connections = 2147483647
	max.connections.per.ip = 2147483647
	max.connections.per.ip.overrides = 
	max.incremental.fetch.session.cache.slots = 1000
	message.max.bytes = 1048588
	metadata.log.dir = null
	metadata.log.max.record.bytes.between.snapshots = 20971520
	metadata.log.max.snapshot.interval.ms = 3600000
	metadata.log.segment.bytes = 1073741824
	metadata.log.segment.min.bytes = 8388608
	metadata.log.segment.ms = 604800000
	metadata.max.idle.interval.ms = 500
	metadata.max.retention.bytes = 104857600
	metadata.max.retention.ms = 604800000
	metric.reporters = []
	metrics.num.samples = 2
	metrics.recording.level = INFO
	metrics.sample.window.ms = 30000
	min.insync.replicas = 1
	node.id = 1
	num.io.threads = 8
	num.network.threads = 3
	num.partitions = 1
	num.recovery.threads.per.data.dir = 1
	num.replica.alter.log.dirs.threads = null
	num.replica.fetchers = 1
	offset.metadata.max.bytes = 4096
	offsets.commit.required.acks = -1
	offsets.commit.timeout.ms = 5000
	offsets.load.buffer.size = 5242880
	offsets.retention.check.interval.ms = 600000
	offsets.retention.minutes = 10080
	offsets.topic.compression.codec = 0
	offsets.topic.num.partitions = 50
	offsets.topic.replication.factor = 1
	offsets.topic.segment.bytes = 104857600
	password.encoder.cipher.algorithm = AES/CBC/PKCS5Padding
	password.encoder.iterations = 4096
	password.encoder.key.length = 128
	password.encoder.keyfactory.algorithm = null
	password.encoder.old.secret = null
	password.encoder.secret = null
	principal.builder.class = class org.apache.kafka.common.security.authenticator.DefaultKafkaPrincipalBuilder
	process.roles = []
	producer.id.expiration.check.interval.ms = 600000
	producer.id.expiration.ms = 86400000
	producer.purgatory.purge.interval.requests = 1000
	queued.max.request.bytes = -1
	queued.max.requests = 500
	quota.window.num = 11
	quota.window.size.seconds = 1
	remote.log.index.file.cache.total.size.bytes = 1073741824
	remote.log.manager.task.interval.ms = 30000
	remote.log.manager.task.retry.backoff.max.ms = 30000
	remote.log.manager.task.retry.backoff.ms = 500
	remote.log.manager.task.retry.jitter = 0.2
	remote.log.manager.thread.pool.size = 10
	remote.log.metadata.custom.metadata.max.bytes = 128
	remote.log.metadata.manager.class.name = org.apache.kafka.server.log.remote.metadata.storage.TopicBasedRemoteLogMetadataManager
	remote.log.metadata.manager.class.path = null
	remote.log.metadata.manager.impl.prefix = rlmm.config.
	remote.log.metadata.manager.listener.name = null
	remote.log.reader.max.pending.tasks = 100
	remote.log.reader.threads = 10
	remote.log.storage.manager.class.name = null
	remote.log.storage.manager.class.path = null
	remote.log.storage.manager.impl.prefix = rsm.config.
	remote.log.storage.system.enable = false
	replica.fetch.backoff.ms = 1000
	replica.fetch.max.bytes = 1048576
	replica.fetch.min.bytes = 1
	replica.fetch.response.max.bytes = 10485760
	replica.fetch.wait.max.ms = 500
	replica.high.watermark.checkpoint.interval.ms = 5000
	replica.lag.time.max.ms = 30000
	replica.selector.class = null
	replica.socket.receive.buffer.bytes = 65536
	replica.socket.timeout.ms = 30000
	replication.quota.window.num = 11
	replication.quota.window.size.seconds = 1
	request.timeout.ms = 30000
	reserved.broker.max.id = 1000
	sasl.client.callback.handler.class = null
	sasl.enabled.mechanisms = [GSSAPI]
	sasl.jaas.config = null
	sasl.kerberos.kinit.cmd = /usr/bin/kinit
	sasl.kerberos.min.time.before.relogin = 60000
	sasl.kerberos.principal.to.local.rules = [DEFAULT]
	sasl.kerberos.service.name = null
	sasl.kerberos.ticket.renew.jitter = 0.05
	sasl.kerberos.ticket.renew.window.factor = 0.8
	sasl.login.callback.handler.class = null
	sasl.login.class = null
	sasl.login.connect.timeout.ms = null
	sasl.login.read.timeout.ms = null
	sasl.login.refresh.buffer.seconds = 300
	sasl.login.refresh.min.period.seconds = 60
	sasl.login.refresh.window.factor = 0.8
	sasl.login.refresh.window.jitter = 0.05
	sasl.login.retry.backoff.max.ms = 10000
	sasl.login.retry.backoff.ms = 100
	sasl.mechanism.controller.protocol = GSSAPI
	sasl.mechanism.inter.broker.protocol = GSSAPI
	sasl.oauthbearer.clock.skew.seconds = 30
	sasl.oauthbearer.expected.audience = null
	sasl.oauthbearer.expected.issuer = null
	sasl.oauthbearer.jwks.endpoint.refresh.ms = 3600000
	sasl.oauthbearer.jwks.endpoint.retry.backoff.max.ms = 10000
	sasl.oauthbearer.jwks.endpoint.retry.backoff.ms = 100
	sasl.oauthbearer.jwks.endpoint.url = null
	sasl.oauthbearer.scope.claim.name = scope
	sasl.oauthbearer.sub.claim.name = sub
	sasl.oauthbearer.token.endpoint.url = null
	sasl.server.callback.handler.class = null
	sasl.server.max.receive.size = 524288
	security.inter.broker.protocol = PLAINTEXT
	security.providers = null
	server.max.startup.time.ms = 9223372036854775807
	socket.connection.setup.timeout.max.ms = 30000
	socket.connection.setup.timeout.ms = 10000
	socket.listen.backlog.size = 50
	socket.receive.buffer.bytes = 102400
	socket.request.max.bytes = 104857600
	socket.send.buffer.bytes = 102400
	ssl.cipher.suites = []
	ssl.client.auth = none
	ssl.enabled.protocols = [TLSv1.2, TLSv1.3]
	ssl.endpoint.identification.algorithm = https
	ssl.engine.factory.class = null
	ssl.key.password = null
	ssl.keymanager.algorithm = SunX509
	ssl.keystore.certificate.chain = null
	ssl.keystore.key = null
	ssl.keystore.location = null
	ssl.keystore.password = null
	ssl.keystore.type = JKS
	ssl.principal.mapping.rules = DEFAULT
	ssl.protocol = TLSv1.3
	ssl.provider = null
	ssl.secure.random.implementation = null
	ssl.trustmanager.algorithm = PKIX
	ssl.truststore.certificates = null
	ssl.truststore.location = null
	ssl.truststore.password = null
	ssl.truststore.type = JKS
	transaction.abort.timed.out.transaction.cleanup.interval.ms = 10000
	transaction.max.timeout.ms = 900000
	transaction.partition.verification.enable = true
	transaction.remove.expired.transaction.cleanup.interval.ms = 3600000
	transaction.state.log.load.buffer.size = 5242880
	transaction.state.log.min.isr = 1
	transaction.state.log.num.partitions = 50
	transaction.state.log.replication.factor = 1
	transaction.state.log.segment.bytes = 104857600
	transactional.id.expiration.ms = 604800000
	unclean.leader.election.enable = false
	unstable.api.versions.enable = false
	zookeeper.clientCnxnSocket = null
	zookeeper.connect = kafka-nodo01:2181,kafka-nodo02:2181,kafka-nodo03:2181,kafka-nodo04:2181,kafka-nodo05:2181
	zookeeper.connection.timeout.ms = 18000
	zookeeper.max.in.flight.requests = 10
	zookeeper.metadata.migration.enable = false
	zookeeper.session.timeout.ms = 18000
	zookeeper.set.acl = false
	zookeeper.ssl.cipher.suites = null
	zookeeper.ssl.client.enable = false
	zookeeper.ssl.crl.enable = false
	zookeeper.ssl.enabled.protocols = null
	zookeeper.ssl.endpoint.identification.algorithm = HTTPS
	zookeeper.ssl.keystore.location = null
	zookeeper.ssl.keystore.password = null
	zookeeper.ssl.keystore.type = null
	zookeeper.ssl.ocsp.enable = false
	zookeeper.ssl.protocol = TLSv1.2
	zookeeper.ssl.truststore.location = null
	zookeeper.ssl.truststore.password = null
	zookeeper.ssl.truststore.type = null
 (kafka.server.KafkaConfig)
[2025-07-18 12:20:15,316] INFO [ThrottledChannelReaper-Fetch]: Starting (kafka.server.ClientQuotaManager$ThrottledChannelReaper)
[2025-07-18 12:20:15,317] INFO [ThrottledChannelReaper-Produce]: Starting (kafka.server.ClientQuotaManager$ThrottledChannelReaper)
[2025-07-18 12:20:15,319] INFO [ThrottledChannelReaper-Request]: Starting (kafka.server.ClientQuotaManager$ThrottledChannelReaper)
[2025-07-18 12:20:15,322] INFO [ThrottledChannelReaper-ControllerMutation]: Starting (kafka.server.ClientQuotaManager$ThrottledChannelReaper)
[2025-07-18 12:20:15,347] INFO Log directory /tmp/kafka-logs not found, creating it. (kafka.log.LogManager)
[2025-07-18 12:20:15,371] INFO Loading logs from log dirs ArraySeq(/tmp/kafka-logs) (kafka.log.LogManager)
[2025-07-18 12:20:15,377] INFO No logs found to be loaded in /tmp/kafka-logs (kafka.log.LogManager)
[2025-07-18 12:20:15,386] INFO Loaded 0 logs in 15ms (kafka.log.LogManager)
[2025-07-18 12:20:15,388] INFO Starting log cleanup with a period of 300000 ms. (kafka.log.LogManager)
[2025-07-18 12:20:15,390] INFO Starting log flusher with a default period of 9223372036854775807 ms. (kafka.log.LogManager)
[2025-07-18 12:20:15,508] INFO [kafka-log-cleaner-thread-0]: Starting (kafka.log.LogCleaner$CleanerThread)
[2025-07-18 12:20:15,535] INFO [feature-zk-node-event-process-thread]: Starting (kafka.server.FinalizedFeatureChangeListener$ChangeNotificationProcessorThread)
[2025-07-18 12:20:15,555] INFO Feature ZK node at path: /feature does not exist (kafka.server.FinalizedFeatureChangeListener)
[2025-07-18 12:20:15,608] INFO [zk-broker-1-to-controller-forwarding-channel-manager]: Starting (kafka.server.BrokerToControllerRequestThread)
[2025-07-18 12:20:16,185] INFO Updated connection-accept-rate max connection creation rate to 2147483647 (kafka.network.ConnectionQuotas)
[2025-07-18 12:20:16,243] INFO [SocketServer listenerType=ZK_BROKER, nodeId=1] Created data-plane acceptor and processors for endpoint : ListenerName(PLAINTEXT) (kafka.network.SocketServer)
[2025-07-18 12:20:16,257] INFO [zk-broker-1-to-controller-alter-partition-channel-manager]: Starting (kafka.server.BrokerToControllerRequestThread)
[2025-07-18 12:20:16,308] INFO [ExpirationReaper-1-Produce]: Starting (kafka.server.DelayedOperationPurgatory$ExpiredOperationReaper)
[2025-07-18 12:20:16,310] INFO [ExpirationReaper-1-Fetch]: Starting (kafka.server.DelayedOperationPurgatory$ExpiredOperationReaper)
[2025-07-18 12:20:16,312] INFO [ExpirationReaper-1-DeleteRecords]: Starting (kafka.server.DelayedOperationPurgatory$ExpiredOperationReaper)
[2025-07-18 12:20:16,315] INFO [ExpirationReaper-1-ElectLeader]: Starting (kafka.server.DelayedOperationPurgatory$ExpiredOperationReaper)
[2025-07-18 12:20:16,317] INFO [ExpirationReaper-1-RemoteFetch]: Starting (kafka.server.DelayedOperationPurgatory$ExpiredOperationReaper)
[2025-07-18 12:20:16,343] INFO [LogDirFailureHandler]: Starting (kafka.server.ReplicaManager$LogDirFailureHandler)
[2025-07-18 12:20:16,344] INFO [AddPartitionsToTxnSenderThread-1]: Starting (kafka.server.AddPartitionsToTxnManager)
[2025-07-18 12:20:16,391] INFO Creating /brokers/ids/1 (is it secure? false) (kafka.zk.KafkaZkClient)
[2025-07-18 12:20:16,453] INFO Stat of the created znode at /brokers/ids/1 is: 4294967364,4294967364,1752841216422,1752841216422,1,0,0,72057631431262208,208,0,4294967364
 (kafka.zk.KafkaZkClient)
[2025-07-18 12:20:16,454] INFO Registered broker 1 at path /brokers/ids/1 with addresses: PLAINTEXT://kafka-nodo01:9092, czxid (broker epoch): 4294967364 (kafka.zk.KafkaZkClient)
[2025-07-18 12:20:16,567] INFO [ExpirationReaper-1-topic]: Starting (kafka.server.DelayedOperationPurgatory$ExpiredOperationReaper)
[2025-07-18 12:20:16,587] INFO [ExpirationReaper-1-Heartbeat]: Starting (kafka.server.DelayedOperationPurgatory$ExpiredOperationReaper)
[2025-07-18 12:20:16,590] INFO [ExpirationReaper-1-Rebalance]: Starting (kafka.server.DelayedOperationPurgatory$ExpiredOperationReaper)
[2025-07-18 12:20:16,603] INFO Successfully created /controller_epoch with initial epoch 0 (kafka.zk.KafkaZkClient)
[2025-07-18 12:20:16,616] INFO [GroupCoordinator 1]: Starting up. (kafka.coordinator.group.GroupCoordinator)
[2025-07-18 12:20:16,626] INFO [GroupCoordinator 1]: Startup complete. (kafka.coordinator.group.GroupCoordinator)
[2025-07-18 12:20:16,643] INFO Feature ZK node created at path: /feature (kafka.server.FinalizedFeatureChangeListener)
[2025-07-18 12:20:16,663] INFO [TransactionCoordinator id=1] Starting up. (kafka.coordinator.transaction.TransactionCoordinator)
[2025-07-18 12:20:16,670] INFO [TxnMarkerSenderThread-1]: Starting (kafka.coordinator.transaction.TransactionMarkerChannelManager)
[2025-07-18 12:20:16,672] INFO [TransactionCoordinator id=1] Startup complete. (kafka.coordinator.transaction.TransactionCoordinator)
[2025-07-18 12:20:16,678] INFO [MetadataCache brokerId=1] Updated cache from existing None to latest Features(version=3.6-IV2, finalizedFeatures={}, finalizedFeaturesEpoch=0). (kafka.server.metadata.ZkMetadataCache)
[2025-07-18 12:20:16,736] INFO [ExpirationReaper-1-AlterAcls]: Starting (kafka.server.DelayedOperationPurgatory$ExpiredOperationReaper)
[2025-07-18 12:20:16,797] INFO [/config/changes-event-process-thread]: Starting (kafka.common.ZkNodeChangeNotificationListener$ChangeEventProcessThread)
[2025-07-18 12:20:16,836] INFO [SocketServer listenerType=ZK_BROKER, nodeId=1] Enabling request processing. (kafka.network.SocketServer)
[2025-07-18 12:20:16,843] INFO Awaiting socket connections on kafka-nodo01:9092. (kafka.network.DataPlaneAcceptor)
[2025-07-18 12:20:16,868] INFO [Controller id=1, targetBrokerId=3] Node 3 disconnected. (org.apache.kafka.clients.NetworkClient)
[2025-07-18 12:20:16,878] WARN [Controller id=1, targetBrokerId=3] Connection to node 3 (kafka-nodo03/172.31.69.157:9092) could not be established. Broker may not be available. (org.apache.kafka.clients.NetworkClient)
[2025-07-18 12:20:16,896] INFO [Controller id=1, targetBrokerId=3] Client requested connection close from node 3 (org.apache.kafka.clients.NetworkClient)
[2025-07-18 12:20:16,919] INFO Kafka version: 3.6.1 (org.apache.kafka.common.utils.AppInfoParser)
[2025-07-18 12:20:16,919] INFO Kafka commitId: 5e3c2b738d253ff5 (org.apache.kafka.common.utils.AppInfoParser)
[2025-07-18 12:20:16,919] INFO Kafka startTimeMs: 1752841216852 (org.apache.kafka.common.utils.AppInfoParser)
[2025-07-18 12:20:16,925] INFO [KafkaServer id=1] started (kafka.server.KafkaServer)
[2025-07-18 12:20:17,024] INFO [zk-broker-1-to-controller-forwarding-channel-manager]: Recorded new controller, from now on will use node kafka-nodo01:9092 (id: 1 rack: null) (kafka.server.BrokerToControllerRequestThread)
[2025-07-18 12:20:17,071] INFO [zk-broker-1-to-controller-alter-partition-channel-manager]: Recorded new controller, from now on will use node kafka-nodo01:9092 (id: 1 rack: null) (kafka.server.BrokerToControllerRequestThread)
[2025-07-18 12:20:17,154] INFO [Controller id=1, targetBrokerId=2] Node 2 disconnected. (org.apache.kafka.clients.NetworkClient)
[2025-07-18 12:20:17,156] WARN [Controller id=1, targetBrokerId=2] Connection to node 2 (kafka-nodo02/172.31.64.227:9092) could not be established. Broker may not be available. (org.apache.kafka.clients.NetworkClient)
[2025-07-18 12:20:17,157] INFO [Controller id=1, targetBrokerId=2] Client requested connection close from node 2 (org.apache.kafka.clients.NetworkClient)
[2025-07-18 12:20:17,258] INFO [Controller id=1, targetBrokerId=2] Node 2 disconnected. (org.apache.kafka.clients.NetworkClient)
[2025-07-18 12:20:17,259] WARN [Controller id=1, targetBrokerId=2] Connection to node 2 (kafka-nodo02/172.31.64.227:9092) could not be established. Broker may not be available. (org.apache.kafka.clients.NetworkClient)
[2025-07-18 12:20:17,259] INFO [Controller id=1, targetBrokerId=2] Client requested connection close from node 2 (org.apache.kafka.clients.NetworkClient)
[2025-07-18 12:20:17,360] INFO [Controller id=1, targetBrokerId=2] Node 2 disconnected. (org.apache.kafka.clients.NetworkClient)
[2025-07-18 12:20:17,360] WARN [Controller id=1, targetBrokerId=2] Connection to node 2 (kafka-nodo02/172.31.64.227:9092) could not be established. Broker may not be available. (org.apache.kafka.clients.NetworkClient)
[2025-07-18 12:20:17,360] INFO [Controller id=1, targetBrokerId=2] Client requested connection close from node 2 (org.apache.kafka.clients.NetworkClient)
[2025-07-18 12:20:17,946] INFO [Controller id=1, targetBrokerId=4] Node 4 disconnected. (org.apache.kafka.clients.NetworkClient)
[2025-07-18 12:20:17,946] WARN [Controller id=1, targetBrokerId=4] Connection to node 4 (kafka-nodo04/172.31.65.228:9092) could not be established. Broker may not be available. (org.apache.kafka.clients.NetworkClient)
[2025-07-18 12:20:17,949] INFO [Controller id=1, targetBrokerId=4] Client requested connection close from node 4 (org.apache.kafka.clients.NetworkClient)
[2025-07-18 12:20:18,050] INFO [Controller id=1, targetBrokerId=4] Node 4 disconnected. (org.apache.kafka.clients.NetworkClient)
[2025-07-18 12:20:18,050] WARN [Controller id=1, targetBrokerId=4] Connection to node 4 (kafka-nodo04/172.31.65.228:9092) could not be established. Broker may not be available. (org.apache.kafka.clients.NetworkClient)
[2025-07-18 12:20:18,051] INFO [Controller id=1, targetBrokerId=4] Client requested connection close from node 4 (org.apache.kafka.clients.NetworkClient)
[2025-07-18 12:20:18,152] INFO [Controller id=1, targetBrokerId=4] Node 4 disconnected. (org.apache.kafka.clients.NetworkClient)
[2025-07-18 12:20:18,152] WARN [Controller id=1, targetBrokerId=4] Connection to node 4 (kafka-nodo04/172.31.65.228:9092) could not be established. Broker may not be available. (org.apache.kafka.clients.NetworkClient)
[2025-07-18 12:20:18,152] INFO [Controller id=1, targetBrokerId=4] Client requested connection close from node 4 (org.apache.kafka.clients.NetworkClient)
[2025-07-18 12:20:21,232] INFO [Controller id=1, targetBrokerId=5] Node 5 disconnected. (org.apache.kafka.clients.NetworkClient)
[2025-07-18 12:20:21,232] WARN [Controller id=1, targetBrokerId=5] Connection to node 5 (kafka-nodo05/172.31.67.191:9092) could not be established. Broker may not be available. (org.apache.kafka.clients.NetworkClient)
[2025-07-18 12:20:21,234] INFO [Controller id=1, targetBrokerId=5] Client requested connection close from node 5 (org.apache.kafka.clients.NetworkClient)
[2025-07-18 12:20:21,336] INFO [Controller id=1, targetBrokerId=5] Node 5 disconnected. (org.apache.kafka.clients.NetworkClient)
[2025-07-18 12:20:21,336] WARN [Controller id=1, targetBrokerId=5] Connection to node 5 (kafka-nodo05/172.31.67.191:9092) could not be established. Broker may not be available. (org.apache.kafka.clients.NetworkClient)
[2025-07-18 12:20:21,336] INFO [Controller id=1, targetBrokerId=5] Client requested connection close from node 5 (org.apache.kafka.clients.NetworkClient)
[2025-07-18 12:20:21,438] INFO [Controller id=1, targetBrokerId=5] Node 5 disconnected. (org.apache.kafka.clients.NetworkClient)
[2025-07-18 12:20:21,438] WARN [Controller id=1, targetBrokerId=5] Connection to node 5 (kafka-nodo05/172.31.67.191:9092) could not be established. Broker may not be available. (org.apache.kafka.clients.NetworkClient)
[2025-07-18 12:20:21,438] INFO [Controller id=1, targetBrokerId=5] Client requested connection close from node 5 (org.apache.kafka.clients.NetworkClient)
[2025-07-18 12:23:58,315] INFO Creating topic demo-topic with configuration {} and initial partition assignment HashMap(0 -> ArrayBuffer(4, 1, 2), 1 -> ArrayBuffer(2, 4, 3), 2 -> ArrayBuffer(3, 2, 5), 3 -> ArrayBuffer(5, 3, 1), 4 -> ArrayBuffer(1, 5, 4), 5 -> ArrayBuffer(4, 2, 3), 6 -> ArrayBuffer(2, 3, 5), 7 -> ArrayBuffer(3, 5, 1), 8 -> ArrayBuffer(5, 1, 4), 9 -> ArrayBuffer(1, 4, 2)) (kafka.zk.AdminZkClient)
[2025-07-18 12:23:58,517] INFO [ReplicaFetcherManager on broker 1] Removed fetcher for partitions Set(demo-topic-9, demo-topic-4) (kafka.server.ReplicaFetcherManager)
[2025-07-18 12:23:58,606] INFO [LogLoader partition=demo-topic-9, dir=/tmp/kafka-logs] Loading producer state till offset 0 with message format version 2 (kafka.log.UnifiedLog$)
[2025-07-18 12:23:58,626] INFO Created log for partition demo-topic-9 in /tmp/kafka-logs/demo-topic-9 with properties {} (kafka.log.LogManager)
[2025-07-18 12:23:58,629] INFO [Partition demo-topic-9 broker=1] No checkpointed highwatermark is found for partition demo-topic-9 (kafka.cluster.Partition)
[2025-07-18 12:23:58,631] INFO [Partition demo-topic-9 broker=1] Log loaded for partition demo-topic-9 with initial high watermark 0 (kafka.cluster.Partition)
[2025-07-18 12:23:58,657] INFO [LogLoader partition=demo-topic-4, dir=/tmp/kafka-logs] Loading producer state till offset 0 with message format version 2 (kafka.log.UnifiedLog$)
[2025-07-18 12:23:58,659] INFO Created log for partition demo-topic-4 in /tmp/kafka-logs/demo-topic-4 with properties {} (kafka.log.LogManager)
[2025-07-18 12:23:58,659] INFO [Partition demo-topic-4 broker=1] No checkpointed highwatermark is found for partition demo-topic-4 (kafka.cluster.Partition)
[2025-07-18 12:23:58,659] INFO [Partition demo-topic-4 broker=1] Log loaded for partition demo-topic-4 with initial high watermark 0 (kafka.cluster.Partition)
[2025-07-18 12:23:58,683] INFO [LogLoader partition=demo-topic-0, dir=/tmp/kafka-logs] Loading producer state till offset 0 with message format version 2 (kafka.log.UnifiedLog$)
[2025-07-18 12:23:58,683] INFO Created log for partition demo-topic-0 in /tmp/kafka-logs/demo-topic-0 with properties {} (kafka.log.LogManager)
[2025-07-18 12:23:58,684] INFO [Partition demo-topic-0 broker=1] No checkpointed highwatermark is found for partition demo-topic-0 (kafka.cluster.Partition)
[2025-07-18 12:23:58,684] INFO [Partition demo-topic-0 broker=1] Log loaded for partition demo-topic-0 with initial high watermark 0 (kafka.cluster.Partition)
[2025-07-18 12:23:58,690] INFO [LogLoader partition=demo-topic-3, dir=/tmp/kafka-logs] Loading producer state till offset 0 with message format version 2 (kafka.log.UnifiedLog$)
[2025-07-18 12:23:58,691] INFO Created log for partition demo-topic-3 in /tmp/kafka-logs/demo-topic-3 with properties {} (kafka.log.LogManager)
[2025-07-18 12:23:58,691] INFO [Partition demo-topic-3 broker=1] No checkpointed highwatermark is found for partition demo-topic-3 (kafka.cluster.Partition)
[2025-07-18 12:23:58,692] INFO [Partition demo-topic-3 broker=1] Log loaded for partition demo-topic-3 with initial high watermark 0 (kafka.cluster.Partition)
[2025-07-18 12:23:58,696] INFO [LogLoader partition=demo-topic-8, dir=/tmp/kafka-logs] Loading producer state till offset 0 with message format version 2 (kafka.log.UnifiedLog$)
[2025-07-18 12:23:58,698] INFO Created log for partition demo-topic-8 in /tmp/kafka-logs/demo-topic-8 with properties {} (kafka.log.LogManager)
[2025-07-18 12:23:58,700] INFO [Partition demo-topic-8 broker=1] No checkpointed highwatermark is found for partition demo-topic-8 (kafka.cluster.Partition)
[2025-07-18 12:23:58,701] INFO [Partition demo-topic-8 broker=1] Log loaded for partition demo-topic-8 with initial high watermark 0 (kafka.cluster.Partition)
[2025-07-18 12:23:58,706] INFO [LogLoader partition=demo-topic-7, dir=/tmp/kafka-logs] Loading producer state till offset 0 with message format version 2 (kafka.log.UnifiedLog$)
[2025-07-18 12:23:58,707] INFO Created log for partition demo-topic-7 in /tmp/kafka-logs/demo-topic-7 with properties {} (kafka.log.LogManager)
[2025-07-18 12:23:58,708] INFO [Partition demo-topic-7 broker=1] No checkpointed highwatermark is found for partition demo-topic-7 (kafka.cluster.Partition)
[2025-07-18 12:23:58,708] INFO [Partition demo-topic-7 broker=1] Log loaded for partition demo-topic-7 with initial high watermark 0 (kafka.cluster.Partition)
[2025-07-18 12:23:58,709] INFO [ReplicaFetcherManager on broker 1] Removed fetcher for partitions HashSet(demo-topic-0, demo-topic-3, demo-topic-8, demo-topic-7) (kafka.server.ReplicaFetcherManager)
[2025-07-18 12:23:58,766] INFO [ReplicaFetcherThread-0-4]: Starting (kafka.server.ReplicaFetcherThread)
[2025-07-18 12:23:58,773] INFO [ReplicaFetcherManager on broker 1] Added fetcher to broker 4 for partitions Map(demo-topic-0 -> InitialFetchState(Some(4jN896TtQ8-WYjK8CsWtCA),BrokerEndPoint(id=4, host=kafka-nodo04:9092),0,0)) (kafka.server.ReplicaFetcherManager)
[2025-07-18 12:23:58,776] INFO [ReplicaFetcher replicaId=1, leaderId=4, fetcherId=0] Truncating partition demo-topic-0 with TruncationState(offset=0, completed=true) due to local high watermark 0 (kafka.server.ReplicaFetcherThread)
[2025-07-18 12:23:58,778] INFO [UnifiedLog partition=demo-topic-0, dir=/tmp/kafka-logs] Truncating to 0 has no effect as the largest offset in the log is -1 (kafka.log.UnifiedLog)
[2025-07-18 12:23:58,788] INFO [ReplicaFetcherManager on broker 1] Added fetcher to broker 5 for partitions Map(demo-topic-3 -> InitialFetchState(Some(4jN896TtQ8-WYjK8CsWtCA),BrokerEndPoint(id=5, host=kafka-nodo05:9092),0,0), demo-topic-8 -> InitialFetchState(Some(4jN896TtQ8-WYjK8CsWtCA),BrokerEndPoint(id=5, host=kafka-nodo05:9092),0,0)) (kafka.server.ReplicaFetcherManager)
[2025-07-18 12:23:58,799] INFO [ReplicaFetcherManager on broker 1] Added fetcher to broker 3 for partitions Map(demo-topic-7 -> InitialFetchState(Some(4jN896TtQ8-WYjK8CsWtCA),BrokerEndPoint(id=3, host=kafka-nodo03:9092),0,0)) (kafka.server.ReplicaFetcherManager)
[2025-07-18 12:23:58,788] INFO [ReplicaFetcherThread-0-5]: Starting (kafka.server.ReplicaFetcherThread)
[2025-07-18 12:23:58,799] INFO [ReplicaFetcherThread-0-3]: Starting (kafka.server.ReplicaFetcherThread)
[2025-07-18 12:23:58,819] INFO [ReplicaFetcher replicaId=1, leaderId=3, fetcherId=0] Truncating partition demo-topic-7 with TruncationState(offset=0, completed=true) due to local high watermark 0 (kafka.server.ReplicaFetcherThread)
[2025-07-18 12:23:58,819] INFO [ReplicaFetcher replicaId=1, leaderId=5, fetcherId=0] Truncating partition demo-topic-3 with TruncationState(offset=0, completed=true) due to local high watermark 0 (kafka.server.ReplicaFetcherThread)
[2025-07-18 12:23:58,819] INFO [UnifiedLog partition=demo-topic-3, dir=/tmp/kafka-logs] Truncating to 0 has no effect as the largest offset in the log is -1 (kafka.log.UnifiedLog)
[2025-07-18 12:23:58,819] INFO [UnifiedLog partition=demo-topic-7, dir=/tmp/kafka-logs] Truncating to 0 has no effect as the largest offset in the log is -1 (kafka.log.UnifiedLog)
[2025-07-18 12:23:58,823] INFO [ReplicaFetcher replicaId=1, leaderId=5, fetcherId=0] Truncating partition demo-topic-8 with TruncationState(offset=0, completed=true) due to local high watermark 0 (kafka.server.ReplicaFetcherThread)
[2025-07-18 12:23:58,823] INFO [UnifiedLog partition=demo-topic-8, dir=/tmp/kafka-logs] Truncating to 0 has no effect as the largest offset in the log is -1 (kafka.log.UnifiedLog)
[2025-07-18 12:24:09,194] INFO Creating topic __consumer_offsets with configuration {compression.type=producer, cleanup.policy=compact, segment.bytes=104857600} and initial partition assignment HashMap(0 -> ArrayBuffer(4), 1 -> ArrayBuffer(2), 2 -> ArrayBuffer(3), 3 -> ArrayBuffer(5), 4 -> ArrayBuffer(1), 5 -> ArrayBuffer(4), 6 -> ArrayBuffer(2), 7 -> ArrayBuffer(3), 8 -> ArrayBuffer(5), 9 -> ArrayBuffer(1), 10 -> ArrayBuffer(4), 11 -> ArrayBuffer(2), 12 -> ArrayBuffer(3), 13 -> ArrayBuffer(5), 14 -> ArrayBuffer(1), 15 -> ArrayBuffer(4), 16 -> ArrayBuffer(2), 17 -> ArrayBuffer(3), 18 -> ArrayBuffer(5), 19 -> ArrayBuffer(1), 20 -> ArrayBuffer(4), 21 -> ArrayBuffer(2), 22 -> ArrayBuffer(3), 23 -> ArrayBuffer(5), 24 -> ArrayBuffer(1), 25 -> ArrayBuffer(4), 26 -> ArrayBuffer(2), 27 -> ArrayBuffer(3), 28 -> ArrayBuffer(5), 29 -> ArrayBuffer(1), 30 -> ArrayBuffer(4), 31 -> ArrayBuffer(2), 32 -> ArrayBuffer(3), 33 -> ArrayBuffer(5), 34 -> ArrayBuffer(1), 35 -> ArrayBuffer(4), 36 -> ArrayBuffer(2), 37 -> ArrayBuffer(3), 38 -> ArrayBuffer(5), 39 -> ArrayBuffer(1), 40 -> ArrayBuffer(4), 41 -> ArrayBuffer(2), 42 -> ArrayBuffer(3), 43 -> ArrayBuffer(5), 44 -> ArrayBuffer(1), 45 -> ArrayBuffer(4), 46 -> ArrayBuffer(2), 47 -> ArrayBuffer(3), 48 -> ArrayBuffer(5), 49 -> ArrayBuffer(1)) (kafka.zk.AdminZkClient)
[2025-07-18 12:24:09,470] INFO [ReplicaFetcherManager on broker 1] Removed fetcher for partitions HashSet(__consumer_offsets-4, __consumer_offsets-9, __consumer_offsets-49, __consumer_offsets-24, __consumer_offsets-19, __consumer_offsets-14, __consumer_offsets-44, __consumer_offsets-39, __consumer_offsets-29, __consumer_offsets-34) (kafka.server.ReplicaFetcherManager)
[2025-07-18 12:24:09,494] INFO [LogLoader partition=__consumer_offsets-19, dir=/tmp/kafka-logs] Loading producer state till offset 0 with message format version 2 (kafka.log.UnifiedLog$)
[2025-07-18 12:24:09,496] INFO Created log for partition __consumer_offsets-19 in /tmp/kafka-logs/__consumer_offsets-19 with properties {cleanup.policy=compact, compression.type="producer", segment.bytes=104857600} (kafka.log.LogManager)
[2025-07-18 12:24:09,497] INFO [Partition __consumer_offsets-19 broker=1] No checkpointed highwatermark is found for partition __consumer_offsets-19 (kafka.cluster.Partition)
[2025-07-18 12:24:09,497] INFO [Partition __consumer_offsets-19 broker=1] Log loaded for partition __consumer_offsets-19 with initial high watermark 0 (kafka.cluster.Partition)
[2025-07-18 12:24:09,524] INFO [LogLoader partition=__consumer_offsets-34, dir=/tmp/kafka-logs] Loading producer state till offset 0 with message format version 2 (kafka.log.UnifiedLog$)
[2025-07-18 12:24:09,526] INFO Created log for partition __consumer_offsets-34 in /tmp/kafka-logs/__consumer_offsets-34 with properties {cleanup.policy=compact, compression.type="producer", segment.bytes=104857600} (kafka.log.LogManager)
[2025-07-18 12:24:09,527] INFO [Partition __consumer_offsets-34 broker=1] No checkpointed highwatermark is found for partition __consumer_offsets-34 (kafka.cluster.Partition)
[2025-07-18 12:24:09,528] INFO [Partition __consumer_offsets-34 broker=1] Log loaded for partition __consumer_offsets-34 with initial high watermark 0 (kafka.cluster.Partition)
[2025-07-18 12:24:09,540] INFO [LogLoader partition=__consumer_offsets-4, dir=/tmp/kafka-logs] Loading producer state till offset 0 with message format version 2 (kafka.log.UnifiedLog$)
[2025-07-18 12:24:09,541] INFO Created log for partition __consumer_offsets-4 in /tmp/kafka-logs/__consumer_offsets-4 with properties {cleanup.policy=compact, compression.type="producer", segment.bytes=104857600} (kafka.log.LogManager)
[2025-07-18 12:24:09,541] INFO [Partition __consumer_offsets-4 broker=1] No checkpointed highwatermark is found for partition __consumer_offsets-4 (kafka.cluster.Partition)
[2025-07-18 12:24:09,541] INFO [Partition __consumer_offsets-4 broker=1] Log loaded for partition __consumer_offsets-4 with initial high watermark 0 (kafka.cluster.Partition)
[2025-07-18 12:24:09,557] INFO [LogLoader partition=__consumer_offsets-39, dir=/tmp/kafka-logs] Loading producer state till offset 0 with message format version 2 (kafka.log.UnifiedLog$)
[2025-07-18 12:24:09,559] INFO Created log for partition __consumer_offsets-39 in /tmp/kafka-logs/__consumer_offsets-39 with properties {cleanup.policy=compact, compression.type="producer", segment.bytes=104857600} (kafka.log.LogManager)
[2025-07-18 12:24:09,559] INFO [Partition __consumer_offsets-39 broker=1] No checkpointed highwatermark is found for partition __consumer_offsets-39 (kafka.cluster.Partition)
[2025-07-18 12:24:09,559] INFO [Partition __consumer_offsets-39 broker=1] Log loaded for partition __consumer_offsets-39 with initial high watermark 0 (kafka.cluster.Partition)
[2025-07-18 12:24:09,573] INFO [LogLoader partition=__consumer_offsets-9, dir=/tmp/kafka-logs] Loading producer state till offset 0 with message format version 2 (kafka.log.UnifiedLog$)
[2025-07-18 12:24:09,574] INFO Created log for partition __consumer_offsets-9 in /tmp/kafka-logs/__consumer_offsets-9 with properties {cleanup.policy=compact, compression.type="producer", segment.bytes=104857600} (kafka.log.LogManager)
[2025-07-18 12:24:09,574] INFO [Partition __consumer_offsets-9 broker=1] No checkpointed highwatermark is found for partition __consumer_offsets-9 (kafka.cluster.Partition)
[2025-07-18 12:24:09,574] INFO [Partition __consumer_offsets-9 broker=1] Log loaded for partition __consumer_offsets-9 with initial high watermark 0 (kafka.cluster.Partition)
[2025-07-18 12:24:09,591] INFO [LogLoader partition=__consumer_offsets-24, dir=/tmp/kafka-logs] Loading producer state till offset 0 with message format version 2 (kafka.log.UnifiedLog$)
[2025-07-18 12:24:09,592] INFO Created log for partition __consumer_offsets-24 in /tmp/kafka-logs/__consumer_offsets-24 with properties {cleanup.policy=compact, compression.type="producer", segment.bytes=104857600} (kafka.log.LogManager)
[2025-07-18 12:24:09,593] INFO [Partition __consumer_offsets-24 broker=1] No checkpointed highwatermark is found for partition __consumer_offsets-24 (kafka.cluster.Partition)
[2025-07-18 12:24:09,593] INFO [Partition __consumer_offsets-24 broker=1] Log loaded for partition __consumer_offsets-24 with initial high watermark 0 (kafka.cluster.Partition)
[2025-07-18 12:24:09,610] INFO [LogLoader partition=__consumer_offsets-29, dir=/tmp/kafka-logs] Loading producer state till offset 0 with message format version 2 (kafka.log.UnifiedLog$)
[2025-07-18 12:24:09,611] INFO Created log for partition __consumer_offsets-29 in /tmp/kafka-logs/__consumer_offsets-29 with properties {cleanup.policy=compact, compression.type="producer", segment.bytes=104857600} (kafka.log.LogManager)
[2025-07-18 12:24:09,611] INFO [Partition __consumer_offsets-29 broker=1] No checkpointed highwatermark is found for partition __consumer_offsets-29 (kafka.cluster.Partition)
[2025-07-18 12:24:09,611] INFO [Partition __consumer_offsets-29 broker=1] Log loaded for partition __consumer_offsets-29 with initial high watermark 0 (kafka.cluster.Partition)
[2025-07-18 12:24:09,629] INFO [LogLoader partition=__consumer_offsets-44, dir=/tmp/kafka-logs] Loading producer state till offset 0 with message format version 2 (kafka.log.UnifiedLog$)
[2025-07-18 12:24:09,632] INFO Created log for partition __consumer_offsets-44 in /tmp/kafka-logs/__consumer_offsets-44 with properties {cleanup.policy=compact, compression.type="producer", segment.bytes=104857600} (kafka.log.LogManager)
[2025-07-18 12:24:09,632] INFO [Partition __consumer_offsets-44 broker=1] No checkpointed highwatermark is found for partition __consumer_offsets-44 (kafka.cluster.Partition)
[2025-07-18 12:24:09,632] INFO [Partition __consumer_offsets-44 broker=1] Log loaded for partition __consumer_offsets-44 with initial high watermark 0 (kafka.cluster.Partition)
[2025-07-18 12:24:09,653] INFO [LogLoader partition=__consumer_offsets-14, dir=/tmp/kafka-logs] Loading producer state till offset 0 with message format version 2 (kafka.log.UnifiedLog$)
[2025-07-18 12:24:09,654] INFO Created log for partition __consumer_offsets-14 in /tmp/kafka-logs/__consumer_offsets-14 with properties {cleanup.policy=compact, compression.type="producer", segment.bytes=104857600} (kafka.log.LogManager)
[2025-07-18 12:24:09,654] INFO [Partition __consumer_offsets-14 broker=1] No checkpointed highwatermark is found for partition __consumer_offsets-14 (kafka.cluster.Partition)
[2025-07-18 12:24:09,654] INFO [Partition __consumer_offsets-14 broker=1] Log loaded for partition __consumer_offsets-14 with initial high watermark 0 (kafka.cluster.Partition)
[2025-07-18 12:24:09,669] INFO [LogLoader partition=__consumer_offsets-49, dir=/tmp/kafka-logs] Loading producer state till offset 0 with message format version 2 (kafka.log.UnifiedLog$)
[2025-07-18 12:24:09,672] INFO Created log for partition __consumer_offsets-49 in /tmp/kafka-logs/__consumer_offsets-49 with properties {cleanup.policy=compact, compression.type="producer", segment.bytes=104857600} (kafka.log.LogManager)
[2025-07-18 12:24:09,672] INFO [Partition __consumer_offsets-49 broker=1] No checkpointed highwatermark is found for partition __consumer_offsets-49 (kafka.cluster.Partition)
[2025-07-18 12:24:09,672] INFO [Partition __consumer_offsets-49 broker=1] Log loaded for partition __consumer_offsets-49 with initial high watermark 0 (kafka.cluster.Partition)
[2025-07-18 12:24:09,684] INFO [GroupCoordinator 1]: Elected as the group coordinator for partition 19 in epoch 0 (kafka.coordinator.group.GroupCoordinator)
[2025-07-18 12:24:09,685] INFO [GroupMetadataManager brokerId=1] Scheduling loading of offsets and group metadata from __consumer_offsets-19 for epoch 0 (kafka.coordinator.group.GroupMetadataManager)
[2025-07-18 12:24:09,688] INFO [GroupCoordinator 1]: Elected as the group coordinator for partition 34 in epoch 0 (kafka.coordinator.group.GroupCoordinator)
[2025-07-18 12:24:09,688] INFO [GroupMetadataManager brokerId=1] Scheduling loading of offsets and group metadata from __consumer_offsets-34 for epoch 0 (kafka.coordinator.group.GroupMetadataManager)
[2025-07-18 12:24:09,688] INFO [GroupCoordinator 1]: Elected as the group coordinator for partition 4 in epoch 0 (kafka.coordinator.group.GroupCoordinator)
[2025-07-18 12:24:09,688] INFO [GroupMetadataManager brokerId=1] Scheduling loading of offsets and group metadata from __consumer_offsets-4 for epoch 0 (kafka.coordinator.group.GroupMetadataManager)
[2025-07-18 12:24:09,688] INFO [GroupCoordinator 1]: Elected as the group coordinator for partition 39 in epoch 0 (kafka.coordinator.group.GroupCoordinator)
[2025-07-18 12:24:09,688] INFO [GroupMetadataManager brokerId=1] Scheduling loading of offsets and group metadata from __consumer_offsets-39 for epoch 0 (kafka.coordinator.group.GroupMetadataManager)
[2025-07-18 12:24:09,688] INFO [GroupCoordinator 1]: Elected as the group coordinator for partition 9 in epoch 0 (kafka.coordinator.group.GroupCoordinator)
[2025-07-18 12:24:09,688] INFO [GroupMetadataManager brokerId=1] Scheduling loading of offsets and group metadata from __consumer_offsets-9 for epoch 0 (kafka.coordinator.group.GroupMetadataManager)
[2025-07-18 12:24:09,688] INFO [GroupCoordinator 1]: Elected as the group coordinator for partition 24 in epoch 0 (kafka.coordinator.group.GroupCoordinator)
[2025-07-18 12:24:09,688] INFO [GroupMetadataManager brokerId=1] Scheduling loading of offsets and group metadata from __consumer_offsets-24 for epoch 0 (kafka.coordinator.group.GroupMetadataManager)
[2025-07-18 12:24:09,688] INFO [GroupCoordinator 1]: Elected as the group coordinator for partition 29 in epoch 0 (kafka.coordinator.group.GroupCoordinator)
[2025-07-18 12:24:09,688] INFO [GroupMetadataManager brokerId=1] Scheduling loading of offsets and group metadata from __consumer_offsets-29 for epoch 0 (kafka.coordinator.group.GroupMetadataManager)
[2025-07-18 12:24:09,688] INFO [GroupCoordinator 1]: Elected as the group coordinator for partition 44 in epoch 0 (kafka.coordinator.group.GroupCoordinator)
[2025-07-18 12:24:09,688] INFO [GroupMetadataManager brokerId=1] Scheduling loading of offsets and group metadata from __consumer_offsets-44 for epoch 0 (kafka.coordinator.group.GroupMetadataManager)
[2025-07-18 12:24:09,688] INFO [GroupCoordinator 1]: Elected as the group coordinator for partition 14 in epoch 0 (kafka.coordinator.group.GroupCoordinator)
[2025-07-18 12:24:09,688] INFO [GroupMetadataManager brokerId=1] Scheduling loading of offsets and group metadata from __consumer_offsets-14 for epoch 0 (kafka.coordinator.group.GroupMetadataManager)
[2025-07-18 12:24:09,688] INFO [GroupCoordinator 1]: Elected as the group coordinator for partition 49 in epoch 0 (kafka.coordinator.group.GroupCoordinator)
[2025-07-18 12:24:09,688] INFO [GroupMetadataManager brokerId=1] Scheduling loading of offsets and group metadata from __consumer_offsets-49 for epoch 0 (kafka.coordinator.group.GroupMetadataManager)
[2025-07-18 12:24:09,700] INFO [GroupMetadataManager brokerId=1] Finished loading offsets and group metadata from __consumer_offsets-19 in 13 milliseconds for epoch 0, of which 4 milliseconds was spent in the scheduler. (kafka.coordinator.group.GroupMetadataManager)
[2025-07-18 12:24:09,703] INFO [GroupMetadataManager brokerId=1] Finished loading offsets and group metadata from __consumer_offsets-34 in 15 milliseconds for epoch 0, of which 15 milliseconds was spent in the scheduler. (kafka.coordinator.group.GroupMetadataManager)
[2025-07-18 12:24:09,703] INFO [GroupMetadataManager brokerId=1] Finished loading offsets and group metadata from __consumer_offsets-4 in 15 milliseconds for epoch 0, of which 15 milliseconds was spent in the scheduler. (kafka.coordinator.group.GroupMetadataManager)
[2025-07-18 12:24:09,704] INFO [GroupMetadataManager brokerId=1] Finished loading offsets and group metadata from __consumer_offsets-39 in 16 milliseconds for epoch 0, of which 15 milliseconds was spent in the scheduler. (kafka.coordinator.group.GroupMetadataManager)
[2025-07-18 12:24:09,704] INFO [GroupMetadataManager brokerId=1] Finished loading offsets and group metadata from __consumer_offsets-9 in 16 milliseconds for epoch 0, of which 16 milliseconds was spent in the scheduler. (kafka.coordinator.group.GroupMetadataManager)
[2025-07-18 12:24:09,704] INFO [GroupMetadataManager brokerId=1] Finished loading offsets and group metadata from __consumer_offsets-24 in 16 milliseconds for epoch 0, of which 16 milliseconds was spent in the scheduler. (kafka.coordinator.group.GroupMetadataManager)
[2025-07-18 12:24:09,704] INFO [GroupMetadataManager brokerId=1] Finished loading offsets and group metadata from __consumer_offsets-29 in 16 milliseconds for epoch 0, of which 16 milliseconds was spent in the scheduler. (kafka.coordinator.group.GroupMetadataManager)
[2025-07-18 12:24:09,704] INFO [GroupMetadataManager brokerId=1] Finished loading offsets and group metadata from __consumer_offsets-44 in 16 milliseconds for epoch 0, of which 16 milliseconds was spent in the scheduler. (kafka.coordinator.group.GroupMetadataManager)
[2025-07-18 12:24:09,704] INFO [GroupMetadataManager brokerId=1] Finished loading offsets and group metadata from __consumer_offsets-14 in 16 milliseconds for epoch 0, of which 16 milliseconds was spent in the scheduler. (kafka.coordinator.group.GroupMetadataManager)
[2025-07-18 12:24:09,704] INFO [GroupMetadataManager brokerId=1] Finished loading offsets and group metadata from __consumer_offsets-49 in 16 milliseconds for epoch 0, of which 16 milliseconds was spent in the scheduler. (kafka.coordinator.group.GroupMetadataManager)
[2025-07-18 12:24:21,671] INFO [GroupCoordinator 1]: Dynamic member with unknown member id joins group console-consumer-85794 in Empty state. Created a new member id console-consumer-c9fb0c07-cc1f-4b8c-b3ab-924710c214a2 and request the member to rejoin with this id. (kafka.coordinator.group.GroupCoordinator)
[2025-07-18 12:24:21,688] INFO [GroupCoordinator 1]: Preparing to rebalance group console-consumer-85794 in state PreparingRebalance with old generation 0 (__consumer_offsets-24) (reason: Adding new member console-consumer-c9fb0c07-cc1f-4b8c-b3ab-924710c214a2 with group instance id None; client reason: rebalance failed due to MemberIdRequiredException) (kafka.coordinator.group.GroupCoordinator)
[2025-07-18 12:24:21,703] INFO [GroupCoordinator 1]: Stabilized group console-consumer-85794 generation 1 (__consumer_offsets-24) with 1 members (kafka.coordinator.group.GroupCoordinator)
[2025-07-18 12:24:21,738] INFO [GroupCoordinator 1]: Assignment received from leader console-consumer-c9fb0c07-cc1f-4b8c-b3ab-924710c214a2 for group console-consumer-85794 for generation 1. The group has 1 members, 0 of which are static. (kafka.coordinator.group.GroupCoordinator)
[2025-07-18 12:25:21,992] INFO [GroupCoordinator 1]: Preparing to rebalance group console-consumer-85794 in state PreparingRebalance with old generation 1 (__consumer_offsets-24) (reason: Removing member console-consumer-c9fb0c07-cc1f-4b8c-b3ab-924710c214a2 on LeaveGroup; client reason: the consumer is being closed) (kafka.coordinator.group.GroupCoordinator)
[2025-07-18 12:25:21,994] INFO [GroupCoordinator 1]: Group console-consumer-85794 with generation 2 is now empty (__consumer_offsets-24) (kafka.coordinator.group.GroupCoordinator)
[2025-07-18 12:25:21,996] INFO [GroupCoordinator 1]: Member MemberMetadata(memberId=console-consumer-c9fb0c07-cc1f-4b8c-b3ab-924710c214a2, groupInstanceId=None, clientId=console-consumer, clientHost=/172.31.70.116, sessionTimeoutMs=45000, rebalanceTimeoutMs=300000, supportedProtocols=List(range, cooperative-sticky)) has left group console-consumer-85794 through explicit `LeaveGroup`; client reason: the consumer is being closed (kafka.coordinator.group.GroupCoordinator)
[2025-07-18 12:26:41,372] INFO [ReplicaFetcherManager on broker 1] Removed fetcher for partitions Set(demo-topic-0) (kafka.server.ReplicaFetcherManager)
[2025-07-18 12:26:41,403] INFO [ReplicaFetcherThread-0-4]: Shutting down (kafka.server.ReplicaFetcherThread)
[2025-07-18 12:26:41,405] INFO [ReplicaFetcherThread-0-4]: Stopped (kafka.server.ReplicaFetcherThread)
[2025-07-18 12:26:41,406] INFO [ReplicaFetcherThread-0-4]: Shutdown completed (kafka.server.ReplicaFetcherThread)
[2025-07-18 12:26:41,452] INFO [ReplicaFetcherManager on broker 1] Removed fetcher for partitions Set(demo-topic-9, demo-topic-4) (kafka.server.ReplicaFetcherManager)
[2025-07-18 12:26:41,468] INFO [ReplicaFetcherManager on broker 1] Removed fetcher for partitions HashSet(demo-topic-8) (kafka.server.ReplicaFetcherManager)
[2025-07-18 12:26:41,469] INFO [ReplicaFetcherManager on broker 1] Added fetcher to broker 5 for partitions Map(demo-topic-8 -> InitialFetchState(Some(4jN896TtQ8-WYjK8CsWtCA),BrokerEndPoint(id=5, host=kafka-nodo05:9092),1,2)) (kafka.server.ReplicaFetcherManager)
[2025-07-18 12:26:41,528] INFO [ReplicaFetcher replicaId=1, leaderId=5, fetcherId=0] Partition demo-topic-8 has a newer epoch (1) than the current leader. Retry the partition later. (kafka.server.ReplicaFetcherThread)
[2025-07-18 12:29:36,422] INFO [Controller id=1, targetBrokerId=4] Node 4 disconnected. (org.apache.kafka.clients.NetworkClient)
[2025-07-18 12:29:36,422] WARN [Controller id=1, targetBrokerId=4] Connection to node 4 (kafka-nodo04/172.31.65.228:9092) could not be established. Broker may not be available. (org.apache.kafka.clients.NetworkClient)
[2025-07-18 12:29:36,423] INFO [Controller id=1, targetBrokerId=4] Client requested connection close from node 4 (org.apache.kafka.clients.NetworkClient)
[2025-07-18 12:29:36,524] INFO [Controller id=1, targetBrokerId=4] Node 4 disconnected. (org.apache.kafka.clients.NetworkClient)
[2025-07-18 12:29:36,524] WARN [Controller id=1, targetBrokerId=4] Connection to node 4 (kafka-nodo04/172.31.65.228:9092) could not be established. Broker may not be available. (org.apache.kafka.clients.NetworkClient)
[2025-07-18 12:29:36,524] INFO [Controller id=1, targetBrokerId=4] Client requested connection close from node 4 (org.apache.kafka.clients.NetworkClient)
[2025-07-18 12:29:36,625] INFO [Controller id=1, targetBrokerId=4] Node 4 disconnected. (org.apache.kafka.clients.NetworkClient)
[2025-07-18 12:29:36,625] WARN [Controller id=1, targetBrokerId=4] Connection to node 4 (kafka-nodo04/172.31.65.228:9092) could not be established. Broker may not be available. (org.apache.kafka.clients.NetworkClient)
[2025-07-18 12:29:36,626] INFO [Controller id=1, targetBrokerId=4] Client requested connection close from node 4 (org.apache.kafka.clients.NetworkClient)
[2025-07-18 12:29:36,727] INFO [Controller id=1, targetBrokerId=4] Node 4 disconnected. (org.apache.kafka.clients.NetworkClient)
[2025-07-18 12:29:36,727] WARN [Controller id=1, targetBrokerId=4] Connection to node 4 (kafka-nodo04/172.31.65.228:9092) could not be established. Broker may not be available. (org.apache.kafka.clients.NetworkClient)
[2025-07-18 12:29:36,727] INFO [Controller id=1, targetBrokerId=4] Client requested connection close from node 4 (org.apache.kafka.clients.NetworkClient)
[2025-07-18 12:29:37,356] INFO [Partition demo-topic-0 broker=1] ISR updated to 1,2,4  and version updated to 2 (kafka.cluster.Partition)
[2025-07-18 12:29:37,389] INFO [Partition demo-topic-4 broker=1] ISR updated to 1,5,4  and version updated to 2 (kafka.cluster.Partition)
[2025-07-18 12:29:37,389] INFO [Partition demo-topic-9 broker=1] ISR updated to 1,2,4  and version updated to 2 (kafka.cluster.Partition)
[2025-07-18 12:30:16,628] INFO [GroupMetadataManager brokerId=1] Group console-consumer-85794 transitioned to Dead in generation 2 (kafka.coordinator.group.GroupMetadataManager)
[2025-07-18 12:30:21,993] INFO [ReplicaFetcherManager on broker 1] Removed fetcher for partitions HashSet(demo-topic-0) (kafka.server.ReplicaFetcherManager)
[2025-07-18 12:30:21,998] INFO [ReplicaFetcherThread-0-4]: Starting (kafka.server.ReplicaFetcherThread)
[2025-07-18 12:30:21,999] INFO [ReplicaFetcherManager on broker 1] Added fetcher to broker 4 for partitions Map(demo-topic-0 -> InitialFetchState(Some(4jN896TtQ8-WYjK8CsWtCA),BrokerEndPoint(id=4, host=kafka-nodo04:9092),2,6)) (kafka.server.ReplicaFetcherManager)
[2025-07-18 12:36:05,878] INFO [BrokerToControllerChannelManager id=1 name=forwarding] Node 1 disconnected. (org.apache.kafka.clients.NetworkClient)
[2025-07-18 12:39:37,399] INFO [BrokerToControllerChannelManager id=1 name=alter-partition] Node 1 disconnected. (org.apache.kafka.clients.NetworkClient)
