[2025-07-18 12:20:16,825] INFO [Controller id=1 epoch=1] Sending UpdateMetadata request to brokers HashSet(1, 3) for 0 partitions (state.change.logger)
[2025-07-18 12:20:17,151] INFO [Controller id=1 epoch=1] Sending UpdateMetadata request to brokers HashSet(1, 3) for 0 partitions (state.change.logger)
[2025-07-18 12:20:17,152] INFO [Controller id=1 epoch=1] Sending UpdateMetadata request to brokers HashSet(2) for 0 partitions (state.change.logger)
[2025-07-18 12:20:17,942] INFO [Controller id=1 epoch=1] Sending UpdateMetadata request to brokers HashSet(1, 2, 3) for 0 partitions (state.change.logger)
[2025-07-18 12:20:17,943] INFO [Controller id=1 epoch=1] Sending UpdateMetadata request to brokers HashSet(4) for 0 partitions (state.change.logger)
[2025-07-18 12:20:21,230] INFO [Controller id=1 epoch=1] Sending UpdateMetadata request to brokers HashSet(1, 2, 3, 4) for 0 partitions (state.change.logger)
[2025-07-18 12:20:21,231] INFO [Controller id=1 epoch=1] Sending UpdateMetadata request to brokers HashSet(5) for 0 partitions (state.change.logger)
[2025-07-18 12:23:58,380] INFO [Controller id=1 epoch=1] Changed partition demo-topic-2 state from NonExistentPartition to NewPartition with assigned replicas 3,2,5 (state.change.logger)
[2025-07-18 12:23:58,380] INFO [Controller id=1 epoch=1] Changed partition demo-topic-8 state from NonExistentPartition to NewPartition with assigned replicas 5,1,4 (state.change.logger)
[2025-07-18 12:23:58,381] INFO [Controller id=1 epoch=1] Changed partition demo-topic-9 state from NonExistentPartition to NewPartition with assigned replicas 1,4,2 (state.change.logger)
[2025-07-18 12:23:58,381] INFO [Controller id=1 epoch=1] Changed partition demo-topic-3 state from NonExistentPartition to NewPartition with assigned replicas 5,3,1 (state.change.logger)
[2025-07-18 12:23:58,381] INFO [Controller id=1 epoch=1] Changed partition demo-topic-6 state from NonExistentPartition to NewPartition with assigned replicas 2,3,5 (state.change.logger)
[2025-07-18 12:23:58,381] INFO [Controller id=1 epoch=1] Changed partition demo-topic-7 state from NonExistentPartition to NewPartition with assigned replicas 3,5,1 (state.change.logger)
[2025-07-18 12:23:58,381] INFO [Controller id=1 epoch=1] Changed partition demo-topic-0 state from NonExistentPartition to NewPartition with assigned replicas 4,1,2 (state.change.logger)
[2025-07-18 12:23:58,381] INFO [Controller id=1 epoch=1] Changed partition demo-topic-4 state from NonExistentPartition to NewPartition with assigned replicas 1,5,4 (state.change.logger)
[2025-07-18 12:23:58,381] INFO [Controller id=1 epoch=1] Changed partition demo-topic-5 state from NonExistentPartition to NewPartition with assigned replicas 4,2,3 (state.change.logger)
[2025-07-18 12:23:58,381] INFO [Controller id=1 epoch=1] Changed partition demo-topic-1 state from NonExistentPartition to NewPartition with assigned replicas 2,4,3 (state.change.logger)
[2025-07-18 12:23:58,381] INFO [Controller id=1 epoch=1] Sending UpdateMetadata request to brokers HashSet() for 0 partitions (state.change.logger)
[2025-07-18 12:23:58,387] INFO [Controller id=1 epoch=1] Sending UpdateMetadata request to brokers HashSet() for 0 partitions (state.change.logger)
[2025-07-18 12:23:58,462] INFO [Controller id=1 epoch=1] Changed partition demo-topic-2 from NewPartition to OnlinePartition with state LeaderAndIsr(leader=3, leaderEpoch=0, isrWithBrokerEpoch=List(BrokerState(brokerId=3, brokerEpoch=-1), BrokerState(brokerId=2, brokerEpoch=-1), BrokerState(brokerId=5, brokerEpoch=-1)), leaderRecoveryState=RECOVERED, partitionEpoch=0) (state.change.logger)
[2025-07-18 12:23:58,463] INFO [Controller id=1 epoch=1] Changed partition demo-topic-8 from NewPartition to OnlinePartition with state LeaderAndIsr(leader=5, leaderEpoch=0, isrWithBrokerEpoch=List(BrokerState(brokerId=5, brokerEpoch=-1), BrokerState(brokerId=1, brokerEpoch=-1), BrokerState(brokerId=4, brokerEpoch=-1)), leaderRecoveryState=RECOVERED, partitionEpoch=0) (state.change.logger)
[2025-07-18 12:23:58,463] INFO [Controller id=1 epoch=1] Changed partition demo-topic-9 from NewPartition to OnlinePartition with state LeaderAndIsr(leader=1, leaderEpoch=0, isrWithBrokerEpoch=List(BrokerState(brokerId=1, brokerEpoch=-1), BrokerState(brokerId=4, brokerEpoch=-1), BrokerState(brokerId=2, brokerEpoch=-1)), leaderRecoveryState=RECOVERED, partitionEpoch=0) (state.change.logger)
[2025-07-18 12:23:58,463] INFO [Controller id=1 epoch=1] Changed partition demo-topic-3 from NewPartition to OnlinePartition with state LeaderAndIsr(leader=5, leaderEpoch=0, isrWithBrokerEpoch=List(BrokerState(brokerId=5, brokerEpoch=-1), BrokerState(brokerId=3, brokerEpoch=-1), BrokerState(brokerId=1, brokerEpoch=-1)), leaderRecoveryState=RECOVERED, partitionEpoch=0) (state.change.logger)
[2025-07-18 12:23:58,463] INFO [Controller id=1 epoch=1] Changed partition demo-topic-6 from NewPartition to OnlinePartition with state LeaderAndIsr(leader=2, leaderEpoch=0, isrWithBrokerEpoch=List(BrokerState(brokerId=2, brokerEpoch=-1), BrokerState(brokerId=3, brokerEpoch=-1), BrokerState(brokerId=5, brokerEpoch=-1)), leaderRecoveryState=RECOVERED, partitionEpoch=0) (state.change.logger)
[2025-07-18 12:23:58,463] INFO [Controller id=1 epoch=1] Changed partition demo-topic-7 from NewPartition to OnlinePartition with state LeaderAndIsr(leader=3, leaderEpoch=0, isrWithBrokerEpoch=List(BrokerState(brokerId=3, brokerEpoch=-1), BrokerState(brokerId=5, brokerEpoch=-1), BrokerState(brokerId=1, brokerEpoch=-1)), leaderRecoveryState=RECOVERED, partitionEpoch=0) (state.change.logger)
[2025-07-18 12:23:58,463] INFO [Controller id=1 epoch=1] Changed partition demo-topic-0 from NewPartition to OnlinePartition with state LeaderAndIsr(leader=4, leaderEpoch=0, isrWithBrokerEpoch=List(BrokerState(brokerId=4, brokerEpoch=-1), BrokerState(brokerId=1, brokerEpoch=-1), BrokerState(brokerId=2, brokerEpoch=-1)), leaderRecoveryState=RECOVERED, partitionEpoch=0) (state.change.logger)
[2025-07-18 12:23:58,463] INFO [Controller id=1 epoch=1] Changed partition demo-topic-4 from NewPartition to OnlinePartition with state LeaderAndIsr(leader=1, leaderEpoch=0, isrWithBrokerEpoch=List(BrokerState(brokerId=1, brokerEpoch=-1), BrokerState(brokerId=5, brokerEpoch=-1), BrokerState(brokerId=4, brokerEpoch=-1)), leaderRecoveryState=RECOVERED, partitionEpoch=0) (state.change.logger)
[2025-07-18 12:23:58,463] INFO [Controller id=1 epoch=1] Changed partition demo-topic-5 from NewPartition to OnlinePartition with state LeaderAndIsr(leader=4, leaderEpoch=0, isrWithBrokerEpoch=List(BrokerState(brokerId=4, brokerEpoch=-1), BrokerState(brokerId=2, brokerEpoch=-1), BrokerState(brokerId=3, brokerEpoch=-1)), leaderRecoveryState=RECOVERED, partitionEpoch=0) (state.change.logger)
[2025-07-18 12:23:58,463] INFO [Controller id=1 epoch=1] Changed partition demo-topic-1 from NewPartition to OnlinePartition with state LeaderAndIsr(leader=2, leaderEpoch=0, isrWithBrokerEpoch=List(BrokerState(brokerId=2, brokerEpoch=-1), BrokerState(brokerId=4, brokerEpoch=-1), BrokerState(brokerId=3, brokerEpoch=-1)), leaderRecoveryState=RECOVERED, partitionEpoch=0) (state.change.logger)
[2025-07-18 12:23:58,466] INFO [Controller id=1 epoch=1] Sending LeaderAndIsr request to broker 1 with 2 become-leader and 4 become-follower partitions (state.change.logger)
[2025-07-18 12:23:58,469] INFO [Controller id=1 epoch=1] Sending LeaderAndIsr request to broker 2 with 2 become-leader and 4 become-follower partitions (state.change.logger)
[2025-07-18 12:23:58,470] INFO [Controller id=1 epoch=1] Sending LeaderAndIsr request to broker 3 with 2 become-leader and 4 become-follower partitions (state.change.logger)
[2025-07-18 12:23:58,473] INFO [Controller id=1 epoch=1] Sending LeaderAndIsr request to broker 4 with 2 become-leader and 4 become-follower partitions (state.change.logger)
[2025-07-18 12:23:58,473] INFO [Controller id=1 epoch=1] Sending LeaderAndIsr request to broker 5 with 2 become-leader and 4 become-follower partitions (state.change.logger)
[2025-07-18 12:23:58,473] INFO [Controller id=1 epoch=1] Sending UpdateMetadata request to brokers HashSet(1, 2, 3, 4, 5) for 10 partitions (state.change.logger)
[2025-07-18 12:23:58,481] INFO [Controller id=1 epoch=1] Sending UpdateMetadata request to brokers HashSet() for 0 partitions (state.change.logger)
[2025-07-18 12:23:58,483] INFO [Broker id=1] Handling LeaderAndIsr request correlationId 4 from controller 1 for 6 partitions (state.change.logger)
[2025-07-18 12:23:58,519] INFO [Broker id=1] Stopped fetchers as part of LeaderAndIsr request correlationId 4 from controller 1 epoch 1 as part of the become-leader transition for 2 partitions (state.change.logger)
[2025-07-18 12:23:58,633] INFO [Broker id=1] Leader demo-topic-9 with topic id Some(4jN896TtQ8-WYjK8CsWtCA) starts at leader epoch 0 from offset 0 with partition epoch 0, high watermark 0, ISR [1,4,2], adding replicas [] and removing replicas [] . Previous leader None and previous leader epoch was -1. (state.change.logger)
[2025-07-18 12:23:58,659] INFO [Broker id=1] Leader demo-topic-4 with topic id Some(4jN896TtQ8-WYjK8CsWtCA) starts at leader epoch 0 from offset 0 with partition epoch 0, high watermark 0, ISR [1,5,4], adding replicas [] and removing replicas [] . Previous leader None and previous leader epoch was -1. (state.change.logger)
[2025-07-18 12:23:58,684] INFO [Broker id=1] Follower demo-topic-0 starts at leader epoch 0 from offset 0 with partition epoch 0 and high watermark 0. Current leader is 4. Previous leader Some(4) and previous leader epoch was 0. (state.change.logger)
[2025-07-18 12:23:58,692] INFO [Broker id=1] Follower demo-topic-3 starts at leader epoch 0 from offset 0 with partition epoch 0 and high watermark 0. Current leader is 5. Previous leader Some(5) and previous leader epoch was 0. (state.change.logger)
[2025-07-18 12:23:58,701] INFO [Broker id=1] Follower demo-topic-8 starts at leader epoch 0 from offset 0 with partition epoch 0 and high watermark 0. Current leader is 5. Previous leader Some(5) and previous leader epoch was 0. (state.change.logger)
[2025-07-18 12:23:58,708] INFO [Broker id=1] Follower demo-topic-7 starts at leader epoch 0 from offset 0 with partition epoch 0 and high watermark 0. Current leader is 3. Previous leader Some(3) and previous leader epoch was 0. (state.change.logger)
[2025-07-18 12:23:58,710] INFO [Broker id=1] Stopped fetchers as part of become-follower request from controller 1 epoch 1 with correlation id 4 for 4 partitions (state.change.logger)
[2025-07-18 12:23:58,840] INFO [Broker id=1] Finished LeaderAndIsr request in 357ms correlationId 4 from controller 1 for 6 partitions (state.change.logger)
[2025-07-18 12:23:58,854] INFO [Broker id=1] Add 10 partitions and deleted 0 partitions from metadata cache in response to UpdateMetadata request sent by controller 1 epoch 1 with correlation id 5 (state.change.logger)
[2025-07-18 12:24:09,217] INFO [Controller id=1 epoch=1] Changed partition __consumer_offsets-22 state from NonExistentPartition to NewPartition with assigned replicas 3 (state.change.logger)
[2025-07-18 12:24:09,217] INFO [Controller id=1 epoch=1] Changed partition __consumer_offsets-30 state from NonExistentPartition to NewPartition with assigned replicas 4 (state.change.logger)
[2025-07-18 12:24:09,217] INFO [Controller id=1 epoch=1] Changed partition __consumer_offsets-25 state from NonExistentPartition to NewPartition with assigned replicas 4 (state.change.logger)
[2025-07-18 12:24:09,217] INFO [Controller id=1 epoch=1] Changed partition __consumer_offsets-35 state from NonExistentPartition to NewPartition with assigned replicas 4 (state.change.logger)
[2025-07-18 12:24:09,217] INFO [Controller id=1 epoch=1] Changed partition __consumer_offsets-37 state from NonExistentPartition to NewPartition with assigned replicas 3 (state.change.logger)
[2025-07-18 12:24:09,217] INFO [Controller id=1 epoch=1] Changed partition __consumer_offsets-38 state from NonExistentPartition to NewPartition with assigned replicas 5 (state.change.logger)
[2025-07-18 12:24:09,217] INFO [Controller id=1 epoch=1] Changed partition __consumer_offsets-13 state from NonExistentPartition to NewPartition with assigned replicas 5 (state.change.logger)
[2025-07-18 12:24:09,217] INFO [Controller id=1 epoch=1] Changed partition __consumer_offsets-8 state from NonExistentPartition to NewPartition with assigned replicas 5 (state.change.logger)
[2025-07-18 12:24:09,217] INFO [Controller id=1 epoch=1] Changed partition __consumer_offsets-21 state from NonExistentPartition to NewPartition with assigned replicas 2 (state.change.logger)
[2025-07-18 12:24:09,217] INFO [Controller id=1 epoch=1] Changed partition __consumer_offsets-4 state from NonExistentPartition to NewPartition with assigned replicas 1 (state.change.logger)
[2025-07-18 12:24:09,217] INFO [Controller id=1 epoch=1] Changed partition __consumer_offsets-27 state from NonExistentPartition to NewPartition with assigned replicas 3 (state.change.logger)
[2025-07-18 12:24:09,217] INFO [Controller id=1 epoch=1] Changed partition __consumer_offsets-7 state from NonExistentPartition to NewPartition with assigned replicas 3 (state.change.logger)
[2025-07-18 12:24:09,217] INFO [Controller id=1 epoch=1] Changed partition __consumer_offsets-9 state from NonExistentPartition to NewPartition with assigned replicas 1 (state.change.logger)
[2025-07-18 12:24:09,217] INFO [Controller id=1 epoch=1] Changed partition __consumer_offsets-46 state from NonExistentPartition to NewPartition with assigned replicas 2 (state.change.logger)
[2025-07-18 12:24:09,217] INFO [Controller id=1 epoch=1] Changed partition __consumer_offsets-41 state from NonExistentPartition to NewPartition with assigned replicas 2 (state.change.logger)
[2025-07-18 12:24:09,217] INFO [Controller id=1 epoch=1] Changed partition __consumer_offsets-33 state from NonExistentPartition to NewPartition with assigned replicas 5 (state.change.logger)
[2025-07-18 12:24:09,217] INFO [Controller id=1 epoch=1] Changed partition __consumer_offsets-23 state from NonExistentPartition to NewPartition with assigned replicas 5 (state.change.logger)
[2025-07-18 12:24:09,217] INFO [Controller id=1 epoch=1] Changed partition __consumer_offsets-49 state from NonExistentPartition to NewPartition with assigned replicas 1 (state.change.logger)
[2025-07-18 12:24:09,218] INFO [Controller id=1 epoch=1] Changed partition __consumer_offsets-47 state from NonExistentPartition to NewPartition with assigned replicas 3 (state.change.logger)
[2025-07-18 12:24:09,218] INFO [Controller id=1 epoch=1] Changed partition __consumer_offsets-16 state from NonExistentPartition to NewPartition with assigned replicas 2 (state.change.logger)
[2025-07-18 12:24:09,218] INFO [Controller id=1 epoch=1] Changed partition __consumer_offsets-28 state from NonExistentPartition to NewPartition with assigned replicas 5 (state.change.logger)
[2025-07-18 12:24:09,218] INFO [Controller id=1 epoch=1] Changed partition __consumer_offsets-31 state from NonExistentPartition to NewPartition with assigned replicas 2 (state.change.logger)
[2025-07-18 12:24:09,218] INFO [Controller id=1 epoch=1] Changed partition __consumer_offsets-36 state from NonExistentPartition to NewPartition with assigned replicas 2 (state.change.logger)
[2025-07-18 12:24:09,218] INFO [Controller id=1 epoch=1] Changed partition __consumer_offsets-42 state from NonExistentPartition to NewPartition with assigned replicas 3 (state.change.logger)
[2025-07-18 12:24:09,218] INFO [Controller id=1 epoch=1] Changed partition __consumer_offsets-3 state from NonExistentPartition to NewPartition with assigned replicas 5 (state.change.logger)
[2025-07-18 12:24:09,218] INFO [Controller id=1 epoch=1] Changed partition __consumer_offsets-18 state from NonExistentPartition to NewPartition with assigned replicas 5 (state.change.logger)
[2025-07-18 12:24:09,218] INFO [Controller id=1 epoch=1] Changed partition __consumer_offsets-15 state from NonExistentPartition to NewPartition with assigned replicas 4 (state.change.logger)
[2025-07-18 12:24:09,218] INFO [Controller id=1 epoch=1] Changed partition __consumer_offsets-24 state from NonExistentPartition to NewPartition with assigned replicas 1 (state.change.logger)
[2025-07-18 12:24:09,218] INFO [Controller id=1 epoch=1] Changed partition __consumer_offsets-17 state from NonExistentPartition to NewPartition with assigned replicas 3 (state.change.logger)
[2025-07-18 12:24:09,218] INFO [Controller id=1 epoch=1] Changed partition __consumer_offsets-48 state from NonExistentPartition to NewPartition with assigned replicas 5 (state.change.logger)
[2025-07-18 12:24:09,218] INFO [Controller id=1 epoch=1] Changed partition __consumer_offsets-19 state from NonExistentPartition to NewPartition with assigned replicas 1 (state.change.logger)
[2025-07-18 12:24:09,218] INFO [Controller id=1 epoch=1] Changed partition __consumer_offsets-11 state from NonExistentPartition to NewPartition with assigned replicas 2 (state.change.logger)
[2025-07-18 12:24:09,218] INFO [Controller id=1 epoch=1] Changed partition __consumer_offsets-2 state from NonExistentPartition to NewPartition with assigned replicas 3 (state.change.logger)
[2025-07-18 12:24:09,218] INFO [Controller id=1 epoch=1] Changed partition __consumer_offsets-43 state from NonExistentPartition to NewPartition with assigned replicas 5 (state.change.logger)
[2025-07-18 12:24:09,218] INFO [Controller id=1 epoch=1] Changed partition __consumer_offsets-6 state from NonExistentPartition to NewPartition with assigned replicas 2 (state.change.logger)
[2025-07-18 12:24:09,218] INFO [Controller id=1 epoch=1] Changed partition __consumer_offsets-14 state from NonExistentPartition to NewPartition with assigned replicas 1 (state.change.logger)
[2025-07-18 12:24:09,218] INFO [Controller id=1 epoch=1] Changed partition __consumer_offsets-20 state from NonExistentPartition to NewPartition with assigned replicas 4 (state.change.logger)
[2025-07-18 12:24:09,218] INFO [Controller id=1 epoch=1] Changed partition __consumer_offsets-0 state from NonExistentPartition to NewPartition with assigned replicas 4 (state.change.logger)
[2025-07-18 12:24:09,218] INFO [Controller id=1 epoch=1] Changed partition __consumer_offsets-44 state from NonExistentPartition to NewPartition with assigned replicas 1 (state.change.logger)
[2025-07-18 12:24:09,218] INFO [Controller id=1 epoch=1] Changed partition __consumer_offsets-39 state from NonExistentPartition to NewPartition with assigned replicas 1 (state.change.logger)
[2025-07-18 12:24:09,218] INFO [Controller id=1 epoch=1] Changed partition __consumer_offsets-12 state from NonExistentPartition to NewPartition with assigned replicas 3 (state.change.logger)
[2025-07-18 12:24:09,218] INFO [Controller id=1 epoch=1] Changed partition __consumer_offsets-45 state from NonExistentPartition to NewPartition with assigned replicas 4 (state.change.logger)
[2025-07-18 12:24:09,218] INFO [Controller id=1 epoch=1] Changed partition __consumer_offsets-1 state from NonExistentPartition to NewPartition with assigned replicas 2 (state.change.logger)
[2025-07-18 12:24:09,218] INFO [Controller id=1 epoch=1] Changed partition __consumer_offsets-5 state from NonExistentPartition to NewPartition with assigned replicas 4 (state.change.logger)
[2025-07-18 12:24:09,218] INFO [Controller id=1 epoch=1] Changed partition __consumer_offsets-26 state from NonExistentPartition to NewPartition with assigned replicas 2 (state.change.logger)
[2025-07-18 12:24:09,218] INFO [Controller id=1 epoch=1] Changed partition __consumer_offsets-29 state from NonExistentPartition to NewPartition with assigned replicas 1 (state.change.logger)
[2025-07-18 12:24:09,218] INFO [Controller id=1 epoch=1] Changed partition __consumer_offsets-34 state from NonExistentPartition to NewPartition with assigned replicas 1 (state.change.logger)
[2025-07-18 12:24:09,218] INFO [Controller id=1 epoch=1] Changed partition __consumer_offsets-10 state from NonExistentPartition to NewPartition with assigned replicas 4 (state.change.logger)
[2025-07-18 12:24:09,218] INFO [Controller id=1 epoch=1] Changed partition __consumer_offsets-32 state from NonExistentPartition to NewPartition with assigned replicas 3 (state.change.logger)
[2025-07-18 12:24:09,218] INFO [Controller id=1 epoch=1] Changed partition __consumer_offsets-40 state from NonExistentPartition to NewPartition with assigned replicas 4 (state.change.logger)
[2025-07-18 12:24:09,218] INFO [Controller id=1 epoch=1] Sending UpdateMetadata request to brokers HashSet() for 0 partitions (state.change.logger)
[2025-07-18 12:24:09,220] INFO [Controller id=1 epoch=1] Sending UpdateMetadata request to brokers HashSet() for 0 partitions (state.change.logger)
[2025-07-18 12:24:09,413] INFO [Controller id=1 epoch=1] Changed partition __consumer_offsets-22 from NewPartition to OnlinePartition with state LeaderAndIsr(leader=3, leaderEpoch=0, isrWithBrokerEpoch=List(BrokerState(brokerId=3, brokerEpoch=-1)), leaderRecoveryState=RECOVERED, partitionEpoch=0) (state.change.logger)
[2025-07-18 12:24:09,413] INFO [Controller id=1 epoch=1] Changed partition __consumer_offsets-30 from NewPartition to OnlinePartition with state LeaderAndIsr(leader=4, leaderEpoch=0, isrWithBrokerEpoch=List(BrokerState(brokerId=4, brokerEpoch=-1)), leaderRecoveryState=RECOVERED, partitionEpoch=0) (state.change.logger)
[2025-07-18 12:24:09,413] INFO [Controller id=1 epoch=1] Changed partition __consumer_offsets-25 from NewPartition to OnlinePartition with state LeaderAndIsr(leader=4, leaderEpoch=0, isrWithBrokerEpoch=List(BrokerState(brokerId=4, brokerEpoch=-1)), leaderRecoveryState=RECOVERED, partitionEpoch=0) (state.change.logger)
[2025-07-18 12:24:09,413] INFO [Controller id=1 epoch=1] Changed partition __consumer_offsets-35 from NewPartition to OnlinePartition with state LeaderAndIsr(leader=4, leaderEpoch=0, isrWithBrokerEpoch=List(BrokerState(brokerId=4, brokerEpoch=-1)), leaderRecoveryState=RECOVERED, partitionEpoch=0) (state.change.logger)
[2025-07-18 12:24:09,413] INFO [Controller id=1 epoch=1] Changed partition __consumer_offsets-37 from NewPartition to OnlinePartition with state LeaderAndIsr(leader=3, leaderEpoch=0, isrWithBrokerEpoch=List(BrokerState(brokerId=3, brokerEpoch=-1)), leaderRecoveryState=RECOVERED, partitionEpoch=0) (state.change.logger)
[2025-07-18 12:24:09,413] INFO [Controller id=1 epoch=1] Changed partition __consumer_offsets-38 from NewPartition to OnlinePartition with state LeaderAndIsr(leader=5, leaderEpoch=0, isrWithBrokerEpoch=List(BrokerState(brokerId=5, brokerEpoch=-1)), leaderRecoveryState=RECOVERED, partitionEpoch=0) (state.change.logger)
[2025-07-18 12:24:09,413] INFO [Controller id=1 epoch=1] Changed partition __consumer_offsets-13 from NewPartition to OnlinePartition with state LeaderAndIsr(leader=5, leaderEpoch=0, isrWithBrokerEpoch=List(BrokerState(brokerId=5, brokerEpoch=-1)), leaderRecoveryState=RECOVERED, partitionEpoch=0) (state.change.logger)
[2025-07-18 12:24:09,413] INFO [Controller id=1 epoch=1] Changed partition __consumer_offsets-8 from NewPartition to OnlinePartition with state LeaderAndIsr(leader=5, leaderEpoch=0, isrWithBrokerEpoch=List(BrokerState(brokerId=5, brokerEpoch=-1)), leaderRecoveryState=RECOVERED, partitionEpoch=0) (state.change.logger)
[2025-07-18 12:24:09,413] INFO [Controller id=1 epoch=1] Changed partition __consumer_offsets-21 from NewPartition to OnlinePartition with state LeaderAndIsr(leader=2, leaderEpoch=0, isrWithBrokerEpoch=List(BrokerState(brokerId=2, brokerEpoch=-1)), leaderRecoveryState=RECOVERED, partitionEpoch=0) (state.change.logger)
[2025-07-18 12:24:09,413] INFO [Controller id=1 epoch=1] Changed partition __consumer_offsets-4 from NewPartition to OnlinePartition with state LeaderAndIsr(leader=1, leaderEpoch=0, isrWithBrokerEpoch=List(BrokerState(brokerId=1, brokerEpoch=-1)), leaderRecoveryState=RECOVERED, partitionEpoch=0) (state.change.logger)
[2025-07-18 12:24:09,413] INFO [Controller id=1 epoch=1] Changed partition __consumer_offsets-27 from NewPartition to OnlinePartition with state LeaderAndIsr(leader=3, leaderEpoch=0, isrWithBrokerEpoch=List(BrokerState(brokerId=3, brokerEpoch=-1)), leaderRecoveryState=RECOVERED, partitionEpoch=0) (state.change.logger)
[2025-07-18 12:24:09,413] INFO [Controller id=1 epoch=1] Changed partition __consumer_offsets-7 from NewPartition to OnlinePartition with state LeaderAndIsr(leader=3, leaderEpoch=0, isrWithBrokerEpoch=List(BrokerState(brokerId=3, brokerEpoch=-1)), leaderRecoveryState=RECOVERED, partitionEpoch=0) (state.change.logger)
[2025-07-18 12:24:09,413] INFO [Controller id=1 epoch=1] Changed partition __consumer_offsets-9 from NewPartition to OnlinePartition with state LeaderAndIsr(leader=1, leaderEpoch=0, isrWithBrokerEpoch=List(BrokerState(brokerId=1, brokerEpoch=-1)), leaderRecoveryState=RECOVERED, partitionEpoch=0) (state.change.logger)
[2025-07-18 12:24:09,413] INFO [Controller id=1 epoch=1] Changed partition __consumer_offsets-46 from NewPartition to OnlinePartition with state LeaderAndIsr(leader=2, leaderEpoch=0, isrWithBrokerEpoch=List(BrokerState(brokerId=2, brokerEpoch=-1)), leaderRecoveryState=RECOVERED, partitionEpoch=0) (state.change.logger)
[2025-07-18 12:24:09,413] INFO [Controller id=1 epoch=1] Changed partition __consumer_offsets-41 from NewPartition to OnlinePartition with state LeaderAndIsr(leader=2, leaderEpoch=0, isrWithBrokerEpoch=List(BrokerState(brokerId=2, brokerEpoch=-1)), leaderRecoveryState=RECOVERED, partitionEpoch=0) (state.change.logger)
[2025-07-18 12:24:09,414] INFO [Controller id=1 epoch=1] Changed partition __consumer_offsets-33 from NewPartition to OnlinePartition with state LeaderAndIsr(leader=5, leaderEpoch=0, isrWithBrokerEpoch=List(BrokerState(brokerId=5, brokerEpoch=-1)), leaderRecoveryState=RECOVERED, partitionEpoch=0) (state.change.logger)
[2025-07-18 12:24:09,414] INFO [Controller id=1 epoch=1] Changed partition __consumer_offsets-23 from NewPartition to OnlinePartition with state LeaderAndIsr(leader=5, leaderEpoch=0, isrWithBrokerEpoch=List(BrokerState(brokerId=5, brokerEpoch=-1)), leaderRecoveryState=RECOVERED, partitionEpoch=0) (state.change.logger)
[2025-07-18 12:24:09,414] INFO [Controller id=1 epoch=1] Changed partition __consumer_offsets-49 from NewPartition to OnlinePartition with state LeaderAndIsr(leader=1, leaderEpoch=0, isrWithBrokerEpoch=List(BrokerState(brokerId=1, brokerEpoch=-1)), leaderRecoveryState=RECOVERED, partitionEpoch=0) (state.change.logger)
[2025-07-18 12:24:09,414] INFO [Controller id=1 epoch=1] Changed partition __consumer_offsets-47 from NewPartition to OnlinePartition with state LeaderAndIsr(leader=3, leaderEpoch=0, isrWithBrokerEpoch=List(BrokerState(brokerId=3, brokerEpoch=-1)), leaderRecoveryState=RECOVERED, partitionEpoch=0) (state.change.logger)
[2025-07-18 12:24:09,414] INFO [Controller id=1 epoch=1] Changed partition __consumer_offsets-16 from NewPartition to OnlinePartition with state LeaderAndIsr(leader=2, leaderEpoch=0, isrWithBrokerEpoch=List(BrokerState(brokerId=2, brokerEpoch=-1)), leaderRecoveryState=RECOVERED, partitionEpoch=0) (state.change.logger)
[2025-07-18 12:24:09,414] INFO [Controller id=1 epoch=1] Changed partition __consumer_offsets-28 from NewPartition to OnlinePartition with state LeaderAndIsr(leader=5, leaderEpoch=0, isrWithBrokerEpoch=List(BrokerState(brokerId=5, brokerEpoch=-1)), leaderRecoveryState=RECOVERED, partitionEpoch=0) (state.change.logger)
[2025-07-18 12:24:09,414] INFO [Controller id=1 epoch=1] Changed partition __consumer_offsets-31 from NewPartition to OnlinePartition with state LeaderAndIsr(leader=2, leaderEpoch=0, isrWithBrokerEpoch=List(BrokerState(brokerId=2, brokerEpoch=-1)), leaderRecoveryState=RECOVERED, partitionEpoch=0) (state.change.logger)
[2025-07-18 12:24:09,414] INFO [Controller id=1 epoch=1] Changed partition __consumer_offsets-36 from NewPartition to OnlinePartition with state LeaderAndIsr(leader=2, leaderEpoch=0, isrWithBrokerEpoch=List(BrokerState(brokerId=2, brokerEpoch=-1)), leaderRecoveryState=RECOVERED, partitionEpoch=0) (state.change.logger)
[2025-07-18 12:24:09,414] INFO [Controller id=1 epoch=1] Changed partition __consumer_offsets-42 from NewPartition to OnlinePartition with state LeaderAndIsr(leader=3, leaderEpoch=0, isrWithBrokerEpoch=List(BrokerState(brokerId=3, brokerEpoch=-1)), leaderRecoveryState=RECOVERED, partitionEpoch=0) (state.change.logger)
[2025-07-18 12:24:09,414] INFO [Controller id=1 epoch=1] Changed partition __consumer_offsets-3 from NewPartition to OnlinePartition with state LeaderAndIsr(leader=5, leaderEpoch=0, isrWithBrokerEpoch=List(BrokerState(brokerId=5, brokerEpoch=-1)), leaderRecoveryState=RECOVERED, partitionEpoch=0) (state.change.logger)
[2025-07-18 12:24:09,414] INFO [Controller id=1 epoch=1] Changed partition __consumer_offsets-18 from NewPartition to OnlinePartition with state LeaderAndIsr(leader=5, leaderEpoch=0, isrWithBrokerEpoch=List(BrokerState(brokerId=5, brokerEpoch=-1)), leaderRecoveryState=RECOVERED, partitionEpoch=0) (state.change.logger)
[2025-07-18 12:24:09,414] INFO [Controller id=1 epoch=1] Changed partition __consumer_offsets-15 from NewPartition to OnlinePartition with state LeaderAndIsr(leader=4, leaderEpoch=0, isrWithBrokerEpoch=List(BrokerState(brokerId=4, brokerEpoch=-1)), leaderRecoveryState=RECOVERED, partitionEpoch=0) (state.change.logger)
[2025-07-18 12:24:09,414] INFO [Controller id=1 epoch=1] Changed partition __consumer_offsets-24 from NewPartition to OnlinePartition with state LeaderAndIsr(leader=1, leaderEpoch=0, isrWithBrokerEpoch=List(BrokerState(brokerId=1, brokerEpoch=-1)), leaderRecoveryState=RECOVERED, partitionEpoch=0) (state.change.logger)
[2025-07-18 12:24:09,415] INFO [Controller id=1 epoch=1] Changed partition __consumer_offsets-17 from NewPartition to OnlinePartition with state LeaderAndIsr(leader=3, leaderEpoch=0, isrWithBrokerEpoch=List(BrokerState(brokerId=3, brokerEpoch=-1)), leaderRecoveryState=RECOVERED, partitionEpoch=0) (state.change.logger)
[2025-07-18 12:24:09,415] INFO [Controller id=1 epoch=1] Changed partition __consumer_offsets-48 from NewPartition to OnlinePartition with state LeaderAndIsr(leader=5, leaderEpoch=0, isrWithBrokerEpoch=List(BrokerState(brokerId=5, brokerEpoch=-1)), leaderRecoveryState=RECOVERED, partitionEpoch=0) (state.change.logger)
[2025-07-18 12:24:09,415] INFO [Controller id=1 epoch=1] Changed partition __consumer_offsets-19 from NewPartition to OnlinePartition with state LeaderAndIsr(leader=1, leaderEpoch=0, isrWithBrokerEpoch=List(BrokerState(brokerId=1, brokerEpoch=-1)), leaderRecoveryState=RECOVERED, partitionEpoch=0) (state.change.logger)
[2025-07-18 12:24:09,415] INFO [Controller id=1 epoch=1] Changed partition __consumer_offsets-11 from NewPartition to OnlinePartition with state LeaderAndIsr(leader=2, leaderEpoch=0, isrWithBrokerEpoch=List(BrokerState(brokerId=2, brokerEpoch=-1)), leaderRecoveryState=RECOVERED, partitionEpoch=0) (state.change.logger)
[2025-07-18 12:24:09,415] INFO [Controller id=1 epoch=1] Changed partition __consumer_offsets-2 from NewPartition to OnlinePartition with state LeaderAndIsr(leader=3, leaderEpoch=0, isrWithBrokerEpoch=List(BrokerState(brokerId=3, brokerEpoch=-1)), leaderRecoveryState=RECOVERED, partitionEpoch=0) (state.change.logger)
[2025-07-18 12:24:09,415] INFO [Controller id=1 epoch=1] Changed partition __consumer_offsets-43 from NewPartition to OnlinePartition with state LeaderAndIsr(leader=5, leaderEpoch=0, isrWithBrokerEpoch=List(BrokerState(brokerId=5, brokerEpoch=-1)), leaderRecoveryState=RECOVERED, partitionEpoch=0) (state.change.logger)
[2025-07-18 12:24:09,415] INFO [Controller id=1 epoch=1] Changed partition __consumer_offsets-6 from NewPartition to OnlinePartition with state LeaderAndIsr(leader=2, leaderEpoch=0, isrWithBrokerEpoch=List(BrokerState(brokerId=2, brokerEpoch=-1)), leaderRecoveryState=RECOVERED, partitionEpoch=0) (state.change.logger)
[2025-07-18 12:24:09,415] INFO [Controller id=1 epoch=1] Changed partition __consumer_offsets-14 from NewPartition to OnlinePartition with state LeaderAndIsr(leader=1, leaderEpoch=0, isrWithBrokerEpoch=List(BrokerState(brokerId=1, brokerEpoch=-1)), leaderRecoveryState=RECOVERED, partitionEpoch=0) (state.change.logger)
[2025-07-18 12:24:09,415] INFO [Controller id=1 epoch=1] Changed partition __consumer_offsets-20 from NewPartition to OnlinePartition with state LeaderAndIsr(leader=4, leaderEpoch=0, isrWithBrokerEpoch=List(BrokerState(brokerId=4, brokerEpoch=-1)), leaderRecoveryState=RECOVERED, partitionEpoch=0) (state.change.logger)
[2025-07-18 12:24:09,415] INFO [Controller id=1 epoch=1] Changed partition __consumer_offsets-0 from NewPartition to OnlinePartition with state LeaderAndIsr(leader=4, leaderEpoch=0, isrWithBrokerEpoch=List(BrokerState(brokerId=4, brokerEpoch=-1)), leaderRecoveryState=RECOVERED, partitionEpoch=0) (state.change.logger)
[2025-07-18 12:24:09,415] INFO [Controller id=1 epoch=1] Changed partition __consumer_offsets-44 from NewPartition to OnlinePartition with state LeaderAndIsr(leader=1, leaderEpoch=0, isrWithBrokerEpoch=List(BrokerState(brokerId=1, brokerEpoch=-1)), leaderRecoveryState=RECOVERED, partitionEpoch=0) (state.change.logger)
[2025-07-18 12:24:09,415] INFO [Controller id=1 epoch=1] Changed partition __consumer_offsets-39 from NewPartition to OnlinePartition with state LeaderAndIsr(leader=1, leaderEpoch=0, isrWithBrokerEpoch=List(BrokerState(brokerId=1, brokerEpoch=-1)), leaderRecoveryState=RECOVERED, partitionEpoch=0) (state.change.logger)
[2025-07-18 12:24:09,415] INFO [Controller id=1 epoch=1] Changed partition __consumer_offsets-12 from NewPartition to OnlinePartition with state LeaderAndIsr(leader=3, leaderEpoch=0, isrWithBrokerEpoch=List(BrokerState(brokerId=3, brokerEpoch=-1)), leaderRecoveryState=RECOVERED, partitionEpoch=0) (state.change.logger)
[2025-07-18 12:24:09,415] INFO [Controller id=1 epoch=1] Changed partition __consumer_offsets-45 from NewPartition to OnlinePartition with state LeaderAndIsr(leader=4, leaderEpoch=0, isrWithBrokerEpoch=List(BrokerState(brokerId=4, brokerEpoch=-1)), leaderRecoveryState=RECOVERED, partitionEpoch=0) (state.change.logger)
[2025-07-18 12:24:09,415] INFO [Controller id=1 epoch=1] Changed partition __consumer_offsets-1 from NewPartition to OnlinePartition with state LeaderAndIsr(leader=2, leaderEpoch=0, isrWithBrokerEpoch=List(BrokerState(brokerId=2, brokerEpoch=-1)), leaderRecoveryState=RECOVERED, partitionEpoch=0) (state.change.logger)
[2025-07-18 12:24:09,415] INFO [Controller id=1 epoch=1] Changed partition __consumer_offsets-5 from NewPartition to OnlinePartition with state LeaderAndIsr(leader=4, leaderEpoch=0, isrWithBrokerEpoch=List(BrokerState(brokerId=4, brokerEpoch=-1)), leaderRecoveryState=RECOVERED, partitionEpoch=0) (state.change.logger)
[2025-07-18 12:24:09,415] INFO [Controller id=1 epoch=1] Changed partition __consumer_offsets-26 from NewPartition to OnlinePartition with state LeaderAndIsr(leader=2, leaderEpoch=0, isrWithBrokerEpoch=List(BrokerState(brokerId=2, brokerEpoch=-1)), leaderRecoveryState=RECOVERED, partitionEpoch=0) (state.change.logger)
[2025-07-18 12:24:09,415] INFO [Controller id=1 epoch=1] Changed partition __consumer_offsets-29 from NewPartition to OnlinePartition with state LeaderAndIsr(leader=1, leaderEpoch=0, isrWithBrokerEpoch=List(BrokerState(brokerId=1, brokerEpoch=-1)), leaderRecoveryState=RECOVERED, partitionEpoch=0) (state.change.logger)
[2025-07-18 12:24:09,415] INFO [Controller id=1 epoch=1] Changed partition __consumer_offsets-34 from NewPartition to OnlinePartition with state LeaderAndIsr(leader=1, leaderEpoch=0, isrWithBrokerEpoch=List(BrokerState(brokerId=1, brokerEpoch=-1)), leaderRecoveryState=RECOVERED, partitionEpoch=0) (state.change.logger)
[2025-07-18 12:24:09,442] INFO [Controller id=1 epoch=1] Changed partition __consumer_offsets-10 from NewPartition to OnlinePartition with state LeaderAndIsr(leader=4, leaderEpoch=0, isrWithBrokerEpoch=List(BrokerState(brokerId=4, brokerEpoch=-1)), leaderRecoveryState=RECOVERED, partitionEpoch=0) (state.change.logger)
[2025-07-18 12:24:09,443] INFO [Controller id=1 epoch=1] Changed partition __consumer_offsets-32 from NewPartition to OnlinePartition with state LeaderAndIsr(leader=3, leaderEpoch=0, isrWithBrokerEpoch=List(BrokerState(brokerId=3, brokerEpoch=-1)), leaderRecoveryState=RECOVERED, partitionEpoch=0) (state.change.logger)
[2025-07-18 12:24:09,443] INFO [Controller id=1 epoch=1] Changed partition __consumer_offsets-40 from NewPartition to OnlinePartition with state LeaderAndIsr(leader=4, leaderEpoch=0, isrWithBrokerEpoch=List(BrokerState(brokerId=4, brokerEpoch=-1)), leaderRecoveryState=RECOVERED, partitionEpoch=0) (state.change.logger)
[2025-07-18 12:24:09,443] INFO [Controller id=1 epoch=1] Sending LeaderAndIsr request to broker 1 with 10 become-leader and 0 become-follower partitions (state.change.logger)
[2025-07-18 12:24:09,443] INFO [Controller id=1 epoch=1] Sending LeaderAndIsr request to broker 2 with 10 become-leader and 0 become-follower partitions (state.change.logger)
[2025-07-18 12:24:09,451] INFO [Controller id=1 epoch=1] Sending LeaderAndIsr request to broker 3 with 10 become-leader and 0 become-follower partitions (state.change.logger)
[2025-07-18 12:24:09,452] INFO [Broker id=1] Handling LeaderAndIsr request correlationId 6 from controller 1 for 10 partitions (state.change.logger)
[2025-07-18 12:24:09,453] INFO [Controller id=1 epoch=1] Sending LeaderAndIsr request to broker 4 with 10 become-leader and 0 become-follower partitions (state.change.logger)
[2025-07-18 12:24:09,453] INFO [Controller id=1 epoch=1] Sending LeaderAndIsr request to broker 5 with 10 become-leader and 0 become-follower partitions (state.change.logger)
[2025-07-18 12:24:09,455] INFO [Controller id=1 epoch=1] Sending UpdateMetadata request to brokers HashSet(1, 2, 3, 4, 5) for 50 partitions (state.change.logger)
[2025-07-18 12:24:09,457] INFO [Controller id=1 epoch=1] Sending UpdateMetadata request to brokers HashSet() for 0 partitions (state.change.logger)
[2025-07-18 12:24:09,473] INFO [Broker id=1] Stopped fetchers as part of LeaderAndIsr request correlationId 6 from controller 1 epoch 1 as part of the become-leader transition for 10 partitions (state.change.logger)
[2025-07-18 12:24:09,497] INFO [Broker id=1] Leader __consumer_offsets-19 with topic id Some(LhHpqcFVReGjfx2XisDA0w) starts at leader epoch 0 from offset 0 with partition epoch 0, high watermark 0, ISR [1], adding replicas [] and removing replicas [] . Previous leader None and previous leader epoch was -1. (state.change.logger)
[2025-07-18 12:24:09,529] INFO [Broker id=1] Leader __consumer_offsets-34 with topic id Some(LhHpqcFVReGjfx2XisDA0w) starts at leader epoch 0 from offset 0 with partition epoch 0, high watermark 0, ISR [1], adding replicas [] and removing replicas [] . Previous leader None and previous leader epoch was -1. (state.change.logger)
[2025-07-18 12:24:09,542] INFO [Broker id=1] Leader __consumer_offsets-4 with topic id Some(LhHpqcFVReGjfx2XisDA0w) starts at leader epoch 0 from offset 0 with partition epoch 0, high watermark 0, ISR [1], adding replicas [] and removing replicas [] . Previous leader None and previous leader epoch was -1. (state.change.logger)
[2025-07-18 12:24:09,559] INFO [Broker id=1] Leader __consumer_offsets-39 with topic id Some(LhHpqcFVReGjfx2XisDA0w) starts at leader epoch 0 from offset 0 with partition epoch 0, high watermark 0, ISR [1], adding replicas [] and removing replicas [] . Previous leader None and previous leader epoch was -1. (state.change.logger)
[2025-07-18 12:24:09,574] INFO [Broker id=1] Leader __consumer_offsets-9 with topic id Some(LhHpqcFVReGjfx2XisDA0w) starts at leader epoch 0 from offset 0 with partition epoch 0, high watermark 0, ISR [1], adding replicas [] and removing replicas [] . Previous leader None and previous leader epoch was -1. (state.change.logger)
[2025-07-18 12:24:09,593] INFO [Broker id=1] Leader __consumer_offsets-24 with topic id Some(LhHpqcFVReGjfx2XisDA0w) starts at leader epoch 0 from offset 0 with partition epoch 0, high watermark 0, ISR [1], adding replicas [] and removing replicas [] . Previous leader None and previous leader epoch was -1. (state.change.logger)
[2025-07-18 12:24:09,611] INFO [Broker id=1] Leader __consumer_offsets-29 with topic id Some(LhHpqcFVReGjfx2XisDA0w) starts at leader epoch 0 from offset 0 with partition epoch 0, high watermark 0, ISR [1], adding replicas [] and removing replicas [] . Previous leader None and previous leader epoch was -1. (state.change.logger)
[2025-07-18 12:24:09,632] INFO [Broker id=1] Leader __consumer_offsets-44 with topic id Some(LhHpqcFVReGjfx2XisDA0w) starts at leader epoch 0 from offset 0 with partition epoch 0, high watermark 0, ISR [1], adding replicas [] and removing replicas [] . Previous leader None and previous leader epoch was -1. (state.change.logger)
[2025-07-18 12:24:09,654] INFO [Broker id=1] Leader __consumer_offsets-14 with topic id Some(LhHpqcFVReGjfx2XisDA0w) starts at leader epoch 0 from offset 0 with partition epoch 0, high watermark 0, ISR [1], adding replicas [] and removing replicas [] . Previous leader None and previous leader epoch was -1. (state.change.logger)
[2025-07-18 12:24:09,672] INFO [Broker id=1] Leader __consumer_offsets-49 with topic id Some(LhHpqcFVReGjfx2XisDA0w) starts at leader epoch 0 from offset 0 with partition epoch 0, high watermark 0, ISR [1], adding replicas [] and removing replicas [] . Previous leader None and previous leader epoch was -1. (state.change.logger)
[2025-07-18 12:24:09,688] INFO [Broker id=1] Finished LeaderAndIsr request in 236ms correlationId 6 from controller 1 for 10 partitions (state.change.logger)
[2025-07-18 12:24:09,697] INFO [Broker id=1] Add 50 partitions and deleted 0 partitions from metadata cache in response to UpdateMetadata request sent by controller 1 epoch 1 with correlation id 7 (state.change.logger)
[2025-07-18 12:26:41,369] INFO [Controller id=1 epoch=1] Changed partition demo-topic-0 from OnlinePartition to OnlinePartition with state LeaderAndIsr(leader=1, leaderEpoch=1, isrWithBrokerEpoch=List(BrokerState(brokerId=1, brokerEpoch=-1), BrokerState(brokerId=2, brokerEpoch=-1)), leaderRecoveryState=RECOVERED, partitionEpoch=1) (state.change.logger)
[2025-07-18 12:26:41,369] INFO [Controller id=1 epoch=1] Changed partition demo-topic-5 from OnlinePartition to OnlinePartition with state LeaderAndIsr(leader=2, leaderEpoch=1, isrWithBrokerEpoch=List(BrokerState(brokerId=2, brokerEpoch=-1), BrokerState(brokerId=3, brokerEpoch=-1)), leaderRecoveryState=RECOVERED, partitionEpoch=1) (state.change.logger)
[2025-07-18 12:26:41,369] INFO [Controller id=1 epoch=1] Sending LeaderAndIsr request to broker 1 with 1 become-leader and 0 become-follower partitions (state.change.logger)
[2025-07-18 12:26:41,370] INFO [Controller id=1 epoch=1] Sending LeaderAndIsr request to broker 2 with 1 become-leader and 1 become-follower partitions (state.change.logger)
[2025-07-18 12:26:41,371] INFO [Controller id=1 epoch=1] Sending LeaderAndIsr request to broker 3 with 0 become-leader and 1 become-follower partitions (state.change.logger)
[2025-07-18 12:26:41,371] INFO [Controller id=1 epoch=1] Sending LeaderAndIsr request to broker 4 with 0 become-leader and 2 become-follower partitions (state.change.logger)
[2025-07-18 12:26:41,371] INFO [Broker id=1] Handling LeaderAndIsr request correlationId 8 from controller 1 for 1 partitions (state.change.logger)
[2025-07-18 12:26:41,372] INFO [Controller id=1 epoch=1] Sending UpdateMetadata request to brokers HashSet(1, 2, 3, 4, 5) for 2 partitions (state.change.logger)
[2025-07-18 12:26:41,373] INFO [Broker id=1] Stopped fetchers as part of LeaderAndIsr request correlationId 8 from controller 1 epoch 1 as part of the become-leader transition for 1 partitions (state.change.logger)
[2025-07-18 12:26:41,374] INFO [Broker id=1] Leader demo-topic-0 with topic id Some(4jN896TtQ8-WYjK8CsWtCA) starts at leader epoch 1 from offset 2 with partition epoch 1, high watermark 2, ISR [1,2], adding replicas [] and removing replicas [] . Previous leader Some(4) and previous leader epoch was 0. (state.change.logger)
[2025-07-18 12:26:41,400] INFO [Controller id=1 epoch=1] Sending UpdateMetadata request to brokers HashSet() for 0 partitions (state.change.logger)
[2025-07-18 12:26:41,402] INFO [Controller id=1 epoch=1] Sending StopReplica request for 4 replicas to broker 4 (state.change.logger)
[2025-07-18 12:26:41,413] INFO [Broker id=1] Finished LeaderAndIsr request in 42ms correlationId 8 from controller 1 for 1 partitions (state.change.logger)
[2025-07-18 12:26:41,415] INFO [Broker id=1] Add 2 partitions and deleted 0 partitions from metadata cache in response to UpdateMetadata request sent by controller 1 epoch 1 with correlation id 9 (state.change.logger)
[2025-07-18 12:26:41,446] INFO [Controller id=1 epoch=1] Partition demo-topic-1 state changed to (Leader:2,ISR:2,3,LeaderRecoveryState:RECOVERED,LeaderEpoch:1,ZkVersion:1,ControllerEpoch:1) after removing replica 4 from the ISR as part of transition to OfflineReplica (state.change.logger)
[2025-07-18 12:26:41,446] INFO [Controller id=1 epoch=1] Partition demo-topic-4 state changed to (Leader:1,ISR:1,5,LeaderRecoveryState:RECOVERED,LeaderEpoch:1,ZkVersion:1,ControllerEpoch:1) after removing replica 4 from the ISR as part of transition to OfflineReplica (state.change.logger)
[2025-07-18 12:26:41,447] INFO [Controller id=1 epoch=1] Partition demo-topic-9 state changed to (Leader:1,ISR:1,2,LeaderRecoveryState:RECOVERED,LeaderEpoch:1,ZkVersion:1,ControllerEpoch:1) after removing replica 4 from the ISR as part of transition to OfflineReplica (state.change.logger)
[2025-07-18 12:26:41,447] INFO [Controller id=1 epoch=1] Partition demo-topic-8 state changed to (Leader:5,ISR:5,1,LeaderRecoveryState:RECOVERED,LeaderEpoch:1,ZkVersion:1,ControllerEpoch:1) after removing replica 4 from the ISR as part of transition to OfflineReplica (state.change.logger)
[2025-07-18 12:26:41,449] INFO [Controller id=1 epoch=1] Sending LeaderAndIsr request to broker 1 with 2 become-leader and 1 become-follower partitions (state.change.logger)
[2025-07-18 12:26:41,449] INFO [Controller id=1 epoch=1] Sending LeaderAndIsr request to broker 2 with 1 become-leader and 1 become-follower partitions (state.change.logger)
[2025-07-18 12:26:41,451] INFO [Controller id=1 epoch=1] Sending LeaderAndIsr request to broker 3 with 0 become-leader and 1 become-follower partitions (state.change.logger)
[2025-07-18 12:26:41,451] INFO [Controller id=1 epoch=1] Sending LeaderAndIsr request to broker 5 with 1 become-leader and 1 become-follower partitions (state.change.logger)
[2025-07-18 12:26:41,452] INFO [Controller id=1 epoch=1] Sending UpdateMetadata request to brokers HashSet(1, 2, 3, 4, 5) for 4 partitions (state.change.logger)
[2025-07-18 12:26:41,452] INFO [Broker id=1] Handling LeaderAndIsr request correlationId 10 from controller 1 for 3 partitions (state.change.logger)
[2025-07-18 12:26:41,452] INFO [Controller id=1 epoch=1] Sending StopReplica request for 4 replicas to broker 4 (state.change.logger)
[2025-07-18 12:26:41,452] INFO [Broker id=1] Stopped fetchers as part of LeaderAndIsr request correlationId 10 from controller 1 epoch 1 as part of the become-leader transition for 2 partitions (state.change.logger)
[2025-07-18 12:26:41,453] INFO [Broker id=1] Leader demo-topic-9 with topic id Some(4jN896TtQ8-WYjK8CsWtCA) starts at leader epoch 1 from offset 0 with partition epoch 1, high watermark 0, ISR [1,2], adding replicas [] and removing replicas [] . Previous leader Some(1) and previous leader epoch was 0. (state.change.logger)
[2025-07-18 12:26:41,461] INFO [Broker id=1] Leader demo-topic-4 with topic id Some(4jN896TtQ8-WYjK8CsWtCA) starts at leader epoch 1 from offset 1 with partition epoch 1, high watermark 1, ISR [1,5], adding replicas [] and removing replicas [] . Previous leader Some(1) and previous leader epoch was 0. (state.change.logger)
[2025-07-18 12:26:41,468] INFO [Broker id=1] Follower demo-topic-8 starts at leader epoch 1 from offset 2 with partition epoch 1 and high watermark 2. Current leader is 5. Previous leader Some(5) and previous leader epoch was 1. (state.change.logger)
[2025-07-18 12:26:41,468] INFO [Broker id=1] Stopped fetchers as part of become-follower request from controller 1 epoch 1 with correlation id 10 for 1 partitions (state.change.logger)
[2025-07-18 12:26:41,469] INFO [Broker id=1] Finished LeaderAndIsr request in 17ms correlationId 10 from controller 1 for 3 partitions (state.change.logger)
[2025-07-18 12:26:41,472] INFO [Broker id=1] Add 4 partitions and deleted 0 partitions from metadata cache in response to UpdateMetadata request sent by controller 1 epoch 1 with correlation id 11 (state.change.logger)
[2025-07-18 12:26:41,644] INFO [Controller id=1 epoch=1] Sending UpdateMetadata request to brokers HashSet() for 0 partitions (state.change.logger)
[2025-07-18 12:26:41,661] ERROR [Controller id=1 epoch=1] Controller 1 epoch 1 failed to change state for partition __consumer_offsets-30 from OfflinePartition to OnlinePartition (state.change.logger)
kafka.common.StateChangeFailedException: Failed to elect leader for partition __consumer_offsets-30 under strategy OfflinePartitionLeaderElectionStrategy(false)
	at kafka.controller.ZkPartitionStateMachine.$anonfun$doElectLeaderForPartitions$7(PartitionStateMachine.scala:433)
	at scala.collection.IterableOnceOps.foreach(IterableOnce.scala:576)
	at scala.collection.IterableOnceOps.foreach$(IterableOnce.scala:574)
	at scala.collection.AbstractIterable.foreach(Iterable.scala:933)
	at kafka.controller.ZkPartitionStateMachine.doElectLeaderForPartitions(PartitionStateMachine.scala:430)
	at kafka.controller.ZkPartitionStateMachine.electLeaderForPartitions(PartitionStateMachine.scala:336)
	at kafka.controller.ZkPartitionStateMachine.doHandleStateChanges(PartitionStateMachine.scala:242)
	at kafka.controller.ZkPartitionStateMachine.handleStateChanges(PartitionStateMachine.scala:162)
	at kafka.controller.PartitionStateMachine.triggerOnlineStateChangeForPartitions(PartitionStateMachine.scala:76)
	at kafka.controller.PartitionStateMachine.triggerOnlinePartitionStateChange(PartitionStateMachine.scala:61)
	at kafka.controller.KafkaController.onReplicasBecomeOffline(KafkaController.scala:673)
	at kafka.controller.KafkaController.onBrokerFailure(KafkaController.scala:643)
	at kafka.controller.KafkaController.processBrokerChange(KafkaController.scala:1660)
	at kafka.controller.KafkaController.process(KafkaController.scala:2620)
	at kafka.controller.QueuedEvent.process(ControllerEventManager.scala:54)
	at kafka.controller.ControllerEventManager$ControllerEventThread.process$1(ControllerEventManager.scala:138)
	at kafka.controller.ControllerEventManager$ControllerEventThread.$anonfun$doWork$1(ControllerEventManager.scala:141)
	at kafka.controller.ControllerEventManager$ControllerEventThread.$anonfun$doWork$1$adapted(ControllerEventManager.scala:141)
	at com.yammer.metrics.core.Timer.time(Timer.java:91)
	at kafka.controller.ControllerEventManager$ControllerEventThread.doWork(ControllerEventManager.scala:141)
	at org.apache.kafka.server.util.ShutdownableThread.run(ShutdownableThread.java:130)
[2025-07-18 12:26:41,662] ERROR [Controller id=1 epoch=1] Controller 1 epoch 1 failed to change state for partition __consumer_offsets-25 from OfflinePartition to OnlinePartition (state.change.logger)
kafka.common.StateChangeFailedException: Failed to elect leader for partition __consumer_offsets-25 under strategy OfflinePartitionLeaderElectionStrategy(false)
	at kafka.controller.ZkPartitionStateMachine.$anonfun$doElectLeaderForPartitions$7(PartitionStateMachine.scala:433)
	at scala.collection.IterableOnceOps.foreach(IterableOnce.scala:576)
	at scala.collection.IterableOnceOps.foreach$(IterableOnce.scala:574)
	at scala.collection.AbstractIterable.foreach(Iterable.scala:933)
	at kafka.controller.ZkPartitionStateMachine.doElectLeaderForPartitions(PartitionStateMachine.scala:430)
	at kafka.controller.ZkPartitionStateMachine.electLeaderForPartitions(PartitionStateMachine.scala:336)
	at kafka.controller.ZkPartitionStateMachine.doHandleStateChanges(PartitionStateMachine.scala:242)
	at kafka.controller.ZkPartitionStateMachine.handleStateChanges(PartitionStateMachine.scala:162)
	at kafka.controller.PartitionStateMachine.triggerOnlineStateChangeForPartitions(PartitionStateMachine.scala:76)
	at kafka.controller.PartitionStateMachine.triggerOnlinePartitionStateChange(PartitionStateMachine.scala:61)
	at kafka.controller.KafkaController.onReplicasBecomeOffline(KafkaController.scala:673)
	at kafka.controller.KafkaController.onBrokerFailure(KafkaController.scala:643)
	at kafka.controller.KafkaController.processBrokerChange(KafkaController.scala:1660)
	at kafka.controller.KafkaController.process(KafkaController.scala:2620)
	at kafka.controller.QueuedEvent.process(ControllerEventManager.scala:54)
	at kafka.controller.ControllerEventManager$ControllerEventThread.process$1(ControllerEventManager.scala:138)
	at kafka.controller.ControllerEventManager$ControllerEventThread.$anonfun$doWork$1(ControllerEventManager.scala:141)
	at kafka.controller.ControllerEventManager$ControllerEventThread.$anonfun$doWork$1$adapted(ControllerEventManager.scala:141)
	at com.yammer.metrics.core.Timer.time(Timer.java:91)
	at kafka.controller.ControllerEventManager$ControllerEventThread.doWork(ControllerEventManager.scala:141)
	at org.apache.kafka.server.util.ShutdownableThread.run(ShutdownableThread.java:130)
[2025-07-18 12:26:41,662] ERROR [Controller id=1 epoch=1] Controller 1 epoch 1 failed to change state for partition __consumer_offsets-35 from OfflinePartition to OnlinePartition (state.change.logger)
kafka.common.StateChangeFailedException: Failed to elect leader for partition __consumer_offsets-35 under strategy OfflinePartitionLeaderElectionStrategy(false)
	at kafka.controller.ZkPartitionStateMachine.$anonfun$doElectLeaderForPartitions$7(PartitionStateMachine.scala:433)
	at scala.collection.IterableOnceOps.foreach(IterableOnce.scala:576)
	at scala.collection.IterableOnceOps.foreach$(IterableOnce.scala:574)
	at scala.collection.AbstractIterable.foreach(Iterable.scala:933)
	at kafka.controller.ZkPartitionStateMachine.doElectLeaderForPartitions(PartitionStateMachine.scala:430)
	at kafka.controller.ZkPartitionStateMachine.electLeaderForPartitions(PartitionStateMachine.scala:336)
	at kafka.controller.ZkPartitionStateMachine.doHandleStateChanges(PartitionStateMachine.scala:242)
	at kafka.controller.ZkPartitionStateMachine.handleStateChanges(PartitionStateMachine.scala:162)
	at kafka.controller.PartitionStateMachine.triggerOnlineStateChangeForPartitions(PartitionStateMachine.scala:76)
	at kafka.controller.PartitionStateMachine.triggerOnlinePartitionStateChange(PartitionStateMachine.scala:61)
	at kafka.controller.KafkaController.onReplicasBecomeOffline(KafkaController.scala:673)
	at kafka.controller.KafkaController.onBrokerFailure(KafkaController.scala:643)
	at kafka.controller.KafkaController.processBrokerChange(KafkaController.scala:1660)
	at kafka.controller.KafkaController.process(KafkaController.scala:2620)
	at kafka.controller.QueuedEvent.process(ControllerEventManager.scala:54)
	at kafka.controller.ControllerEventManager$ControllerEventThread.process$1(ControllerEventManager.scala:138)
	at kafka.controller.ControllerEventManager$ControllerEventThread.$anonfun$doWork$1(ControllerEventManager.scala:141)
	at kafka.controller.ControllerEventManager$ControllerEventThread.$anonfun$doWork$1$adapted(ControllerEventManager.scala:141)
	at com.yammer.metrics.core.Timer.time(Timer.java:91)
	at kafka.controller.ControllerEventManager$ControllerEventThread.doWork(ControllerEventManager.scala:141)
	at org.apache.kafka.server.util.ShutdownableThread.run(ShutdownableThread.java:130)
[2025-07-18 12:26:41,662] ERROR [Controller id=1 epoch=1] Controller 1 epoch 1 failed to change state for partition __consumer_offsets-15 from OfflinePartition to OnlinePartition (state.change.logger)
kafka.common.StateChangeFailedException: Failed to elect leader for partition __consumer_offsets-15 under strategy OfflinePartitionLeaderElectionStrategy(false)
	at kafka.controller.ZkPartitionStateMachine.$anonfun$doElectLeaderForPartitions$7(PartitionStateMachine.scala:433)
	at scala.collection.IterableOnceOps.foreach(IterableOnce.scala:576)
	at scala.collection.IterableOnceOps.foreach$(IterableOnce.scala:574)
	at scala.collection.AbstractIterable.foreach(Iterable.scala:933)
	at kafka.controller.ZkPartitionStateMachine.doElectLeaderForPartitions(PartitionStateMachine.scala:430)
	at kafka.controller.ZkPartitionStateMachine.electLeaderForPartitions(PartitionStateMachine.scala:336)
	at kafka.controller.ZkPartitionStateMachine.doHandleStateChanges(PartitionStateMachine.scala:242)
	at kafka.controller.ZkPartitionStateMachine.handleStateChanges(PartitionStateMachine.scala:162)
	at kafka.controller.PartitionStateMachine.triggerOnlineStateChangeForPartitions(PartitionStateMachine.scala:76)
	at kafka.controller.PartitionStateMachine.triggerOnlinePartitionStateChange(PartitionStateMachine.scala:61)
	at kafka.controller.KafkaController.onReplicasBecomeOffline(KafkaController.scala:673)
	at kafka.controller.KafkaController.onBrokerFailure(KafkaController.scala:643)
	at kafka.controller.KafkaController.processBrokerChange(KafkaController.scala:1660)
	at kafka.controller.KafkaController.process(KafkaController.scala:2620)
	at kafka.controller.QueuedEvent.process(ControllerEventManager.scala:54)
	at kafka.controller.ControllerEventManager$ControllerEventThread.process$1(ControllerEventManager.scala:138)
	at kafka.controller.ControllerEventManager$ControllerEventThread.$anonfun$doWork$1(ControllerEventManager.scala:141)
	at kafka.controller.ControllerEventManager$ControllerEventThread.$anonfun$doWork$1$adapted(ControllerEventManager.scala:141)
	at com.yammer.metrics.core.Timer.time(Timer.java:91)
	at kafka.controller.ControllerEventManager$ControllerEventThread.doWork(ControllerEventManager.scala:141)
	at org.apache.kafka.server.util.ShutdownableThread.run(ShutdownableThread.java:130)
[2025-07-18 12:26:41,662] ERROR [Controller id=1 epoch=1] Controller 1 epoch 1 failed to change state for partition __consumer_offsets-20 from OfflinePartition to OnlinePartition (state.change.logger)
kafka.common.StateChangeFailedException: Failed to elect leader for partition __consumer_offsets-20 under strategy OfflinePartitionLeaderElectionStrategy(false)
	at kafka.controller.ZkPartitionStateMachine.$anonfun$doElectLeaderForPartitions$7(PartitionStateMachine.scala:433)
	at scala.collection.IterableOnceOps.foreach(IterableOnce.scala:576)
	at scala.collection.IterableOnceOps.foreach$(IterableOnce.scala:574)
	at scala.collection.AbstractIterable.foreach(Iterable.scala:933)
	at kafka.controller.ZkPartitionStateMachine.doElectLeaderForPartitions(PartitionStateMachine.scala:430)
	at kafka.controller.ZkPartitionStateMachine.electLeaderForPartitions(PartitionStateMachine.scala:336)
	at kafka.controller.ZkPartitionStateMachine.doHandleStateChanges(PartitionStateMachine.scala:242)
	at kafka.controller.ZkPartitionStateMachine.handleStateChanges(PartitionStateMachine.scala:162)
	at kafka.controller.PartitionStateMachine.triggerOnlineStateChangeForPartitions(PartitionStateMachine.scala:76)
	at kafka.controller.PartitionStateMachine.triggerOnlinePartitionStateChange(PartitionStateMachine.scala:61)
	at kafka.controller.KafkaController.onReplicasBecomeOffline(KafkaController.scala:673)
	at kafka.controller.KafkaController.onBrokerFailure(KafkaController.scala:643)
	at kafka.controller.KafkaController.processBrokerChange(KafkaController.scala:1660)
	at kafka.controller.KafkaController.process(KafkaController.scala:2620)
	at kafka.controller.QueuedEvent.process(ControllerEventManager.scala:54)
	at kafka.controller.ControllerEventManager$ControllerEventThread.process$1(ControllerEventManager.scala:138)
	at kafka.controller.ControllerEventManager$ControllerEventThread.$anonfun$doWork$1(ControllerEventManager.scala:141)
	at kafka.controller.ControllerEventManager$ControllerEventThread.$anonfun$doWork$1$adapted(ControllerEventManager.scala:141)
	at com.yammer.metrics.core.Timer.time(Timer.java:91)
	at kafka.controller.ControllerEventManager$ControllerEventThread.doWork(ControllerEventManager.scala:141)
	at org.apache.kafka.server.util.ShutdownableThread.run(ShutdownableThread.java:130)
[2025-07-18 12:26:41,662] ERROR [Controller id=1 epoch=1] Controller 1 epoch 1 failed to change state for partition __consumer_offsets-0 from OfflinePartition to OnlinePartition (state.change.logger)
kafka.common.StateChangeFailedException: Failed to elect leader for partition __consumer_offsets-0 under strategy OfflinePartitionLeaderElectionStrategy(false)
	at kafka.controller.ZkPartitionStateMachine.$anonfun$doElectLeaderForPartitions$7(PartitionStateMachine.scala:433)
	at scala.collection.IterableOnceOps.foreach(IterableOnce.scala:576)
	at scala.collection.IterableOnceOps.foreach$(IterableOnce.scala:574)
	at scala.collection.AbstractIterable.foreach(Iterable.scala:933)
	at kafka.controller.ZkPartitionStateMachine.doElectLeaderForPartitions(PartitionStateMachine.scala:430)
	at kafka.controller.ZkPartitionStateMachine.electLeaderForPartitions(PartitionStateMachine.scala:336)
	at kafka.controller.ZkPartitionStateMachine.doHandleStateChanges(PartitionStateMachine.scala:242)
	at kafka.controller.ZkPartitionStateMachine.handleStateChanges(PartitionStateMachine.scala:162)
	at kafka.controller.PartitionStateMachine.triggerOnlineStateChangeForPartitions(PartitionStateMachine.scala:76)
	at kafka.controller.PartitionStateMachine.triggerOnlinePartitionStateChange(PartitionStateMachine.scala:61)
	at kafka.controller.KafkaController.onReplicasBecomeOffline(KafkaController.scala:673)
	at kafka.controller.KafkaController.onBrokerFailure(KafkaController.scala:643)
	at kafka.controller.KafkaController.processBrokerChange(KafkaController.scala:1660)
	at kafka.controller.KafkaController.process(KafkaController.scala:2620)
	at kafka.controller.QueuedEvent.process(ControllerEventManager.scala:54)
	at kafka.controller.ControllerEventManager$ControllerEventThread.process$1(ControllerEventManager.scala:138)
	at kafka.controller.ControllerEventManager$ControllerEventThread.$anonfun$doWork$1(ControllerEventManager.scala:141)
	at kafka.controller.ControllerEventManager$ControllerEventThread.$anonfun$doWork$1$adapted(ControllerEventManager.scala:141)
	at com.yammer.metrics.core.Timer.time(Timer.java:91)
	at kafka.controller.ControllerEventManager$ControllerEventThread.doWork(ControllerEventManager.scala:141)
	at org.apache.kafka.server.util.ShutdownableThread.run(ShutdownableThread.java:130)
[2025-07-18 12:26:41,663] ERROR [Controller id=1 epoch=1] Controller 1 epoch 1 failed to change state for partition __consumer_offsets-45 from OfflinePartition to OnlinePartition (state.change.logger)
kafka.common.StateChangeFailedException: Failed to elect leader for partition __consumer_offsets-45 under strategy OfflinePartitionLeaderElectionStrategy(false)
	at kafka.controller.ZkPartitionStateMachine.$anonfun$doElectLeaderForPartitions$7(PartitionStateMachine.scala:433)
	at scala.collection.IterableOnceOps.foreach(IterableOnce.scala:576)
	at scala.collection.IterableOnceOps.foreach$(IterableOnce.scala:574)
	at scala.collection.AbstractIterable.foreach(Iterable.scala:933)
	at kafka.controller.ZkPartitionStateMachine.doElectLeaderForPartitions(PartitionStateMachine.scala:430)
	at kafka.controller.ZkPartitionStateMachine.electLeaderForPartitions(PartitionStateMachine.scala:336)
	at kafka.controller.ZkPartitionStateMachine.doHandleStateChanges(PartitionStateMachine.scala:242)
	at kafka.controller.ZkPartitionStateMachine.handleStateChanges(PartitionStateMachine.scala:162)
	at kafka.controller.PartitionStateMachine.triggerOnlineStateChangeForPartitions(PartitionStateMachine.scala:76)
	at kafka.controller.PartitionStateMachine.triggerOnlinePartitionStateChange(PartitionStateMachine.scala:61)
	at kafka.controller.KafkaController.onReplicasBecomeOffline(KafkaController.scala:673)
	at kafka.controller.KafkaController.onBrokerFailure(KafkaController.scala:643)
	at kafka.controller.KafkaController.processBrokerChange(KafkaController.scala:1660)
	at kafka.controller.KafkaController.process(KafkaController.scala:2620)
	at kafka.controller.QueuedEvent.process(ControllerEventManager.scala:54)
	at kafka.controller.ControllerEventManager$ControllerEventThread.process$1(ControllerEventManager.scala:138)
	at kafka.controller.ControllerEventManager$ControllerEventThread.$anonfun$doWork$1(ControllerEventManager.scala:141)
	at kafka.controller.ControllerEventManager$ControllerEventThread.$anonfun$doWork$1$adapted(ControllerEventManager.scala:141)
	at com.yammer.metrics.core.Timer.time(Timer.java:91)
	at kafka.controller.ControllerEventManager$ControllerEventThread.doWork(ControllerEventManager.scala:141)
	at org.apache.kafka.server.util.ShutdownableThread.run(ShutdownableThread.java:130)
[2025-07-18 12:26:41,663] ERROR [Controller id=1 epoch=1] Controller 1 epoch 1 failed to change state for partition __consumer_offsets-5 from OfflinePartition to OnlinePartition (state.change.logger)
kafka.common.StateChangeFailedException: Failed to elect leader for partition __consumer_offsets-5 under strategy OfflinePartitionLeaderElectionStrategy(false)
	at kafka.controller.ZkPartitionStateMachine.$anonfun$doElectLeaderForPartitions$7(PartitionStateMachine.scala:433)
	at scala.collection.IterableOnceOps.foreach(IterableOnce.scala:576)
	at scala.collection.IterableOnceOps.foreach$(IterableOnce.scala:574)
	at scala.collection.AbstractIterable.foreach(Iterable.scala:933)
	at kafka.controller.ZkPartitionStateMachine.doElectLeaderForPartitions(PartitionStateMachine.scala:430)
	at kafka.controller.ZkPartitionStateMachine.electLeaderForPartitions(PartitionStateMachine.scala:336)
	at kafka.controller.ZkPartitionStateMachine.doHandleStateChanges(PartitionStateMachine.scala:242)
	at kafka.controller.ZkPartitionStateMachine.handleStateChanges(PartitionStateMachine.scala:162)
	at kafka.controller.PartitionStateMachine.triggerOnlineStateChangeForPartitions(PartitionStateMachine.scala:76)
	at kafka.controller.PartitionStateMachine.triggerOnlinePartitionStateChange(PartitionStateMachine.scala:61)
	at kafka.controller.KafkaController.onReplicasBecomeOffline(KafkaController.scala:673)
	at kafka.controller.KafkaController.onBrokerFailure(KafkaController.scala:643)
	at kafka.controller.KafkaController.processBrokerChange(KafkaController.scala:1660)
	at kafka.controller.KafkaController.process(KafkaController.scala:2620)
	at kafka.controller.QueuedEvent.process(ControllerEventManager.scala:54)
	at kafka.controller.ControllerEventManager$ControllerEventThread.process$1(ControllerEventManager.scala:138)
	at kafka.controller.ControllerEventManager$ControllerEventThread.$anonfun$doWork$1(ControllerEventManager.scala:141)
	at kafka.controller.ControllerEventManager$ControllerEventThread.$anonfun$doWork$1$adapted(ControllerEventManager.scala:141)
	at com.yammer.metrics.core.Timer.time(Timer.java:91)
	at kafka.controller.ControllerEventManager$ControllerEventThread.doWork(ControllerEventManager.scala:141)
	at org.apache.kafka.server.util.ShutdownableThread.run(ShutdownableThread.java:130)
[2025-07-18 12:26:41,663] ERROR [Controller id=1 epoch=1] Controller 1 epoch 1 failed to change state for partition __consumer_offsets-10 from OfflinePartition to OnlinePartition (state.change.logger)
kafka.common.StateChangeFailedException: Failed to elect leader for partition __consumer_offsets-10 under strategy OfflinePartitionLeaderElectionStrategy(false)
	at kafka.controller.ZkPartitionStateMachine.$anonfun$doElectLeaderForPartitions$7(PartitionStateMachine.scala:433)
	at scala.collection.IterableOnceOps.foreach(IterableOnce.scala:576)
	at scala.collection.IterableOnceOps.foreach$(IterableOnce.scala:574)
	at scala.collection.AbstractIterable.foreach(Iterable.scala:933)
	at kafka.controller.ZkPartitionStateMachine.doElectLeaderForPartitions(PartitionStateMachine.scala:430)
	at kafka.controller.ZkPartitionStateMachine.electLeaderForPartitions(PartitionStateMachine.scala:336)
	at kafka.controller.ZkPartitionStateMachine.doHandleStateChanges(PartitionStateMachine.scala:242)
	at kafka.controller.ZkPartitionStateMachine.handleStateChanges(PartitionStateMachine.scala:162)
	at kafka.controller.PartitionStateMachine.triggerOnlineStateChangeForPartitions(PartitionStateMachine.scala:76)
	at kafka.controller.PartitionStateMachine.triggerOnlinePartitionStateChange(PartitionStateMachine.scala:61)
	at kafka.controller.KafkaController.onReplicasBecomeOffline(KafkaController.scala:673)
	at kafka.controller.KafkaController.onBrokerFailure(KafkaController.scala:643)
	at kafka.controller.KafkaController.processBrokerChange(KafkaController.scala:1660)
	at kafka.controller.KafkaController.process(KafkaController.scala:2620)
	at kafka.controller.QueuedEvent.process(ControllerEventManager.scala:54)
	at kafka.controller.ControllerEventManager$ControllerEventThread.process$1(ControllerEventManager.scala:138)
	at kafka.controller.ControllerEventManager$ControllerEventThread.$anonfun$doWork$1(ControllerEventManager.scala:141)
	at kafka.controller.ControllerEventManager$ControllerEventThread.$anonfun$doWork$1$adapted(ControllerEventManager.scala:141)
	at com.yammer.metrics.core.Timer.time(Timer.java:91)
	at kafka.controller.ControllerEventManager$ControllerEventThread.doWork(ControllerEventManager.scala:141)
	at org.apache.kafka.server.util.ShutdownableThread.run(ShutdownableThread.java:130)
[2025-07-18 12:26:41,663] ERROR [Controller id=1 epoch=1] Controller 1 epoch 1 failed to change state for partition __consumer_offsets-40 from OfflinePartition to OnlinePartition (state.change.logger)
kafka.common.StateChangeFailedException: Failed to elect leader for partition __consumer_offsets-40 under strategy OfflinePartitionLeaderElectionStrategy(false)
	at kafka.controller.ZkPartitionStateMachine.$anonfun$doElectLeaderForPartitions$7(PartitionStateMachine.scala:433)
	at scala.collection.IterableOnceOps.foreach(IterableOnce.scala:576)
	at scala.collection.IterableOnceOps.foreach$(IterableOnce.scala:574)
	at scala.collection.AbstractIterable.foreach(Iterable.scala:933)
	at kafka.controller.ZkPartitionStateMachine.doElectLeaderForPartitions(PartitionStateMachine.scala:430)
	at kafka.controller.ZkPartitionStateMachine.electLeaderForPartitions(PartitionStateMachine.scala:336)
	at kafka.controller.ZkPartitionStateMachine.doHandleStateChanges(PartitionStateMachine.scala:242)
	at kafka.controller.ZkPartitionStateMachine.handleStateChanges(PartitionStateMachine.scala:162)
	at kafka.controller.PartitionStateMachine.triggerOnlineStateChangeForPartitions(PartitionStateMachine.scala:76)
	at kafka.controller.PartitionStateMachine.triggerOnlinePartitionStateChange(PartitionStateMachine.scala:61)
	at kafka.controller.KafkaController.onReplicasBecomeOffline(KafkaController.scala:673)
	at kafka.controller.KafkaController.onBrokerFailure(KafkaController.scala:643)
	at kafka.controller.KafkaController.processBrokerChange(KafkaController.scala:1660)
	at kafka.controller.KafkaController.process(KafkaController.scala:2620)
	at kafka.controller.QueuedEvent.process(ControllerEventManager.scala:54)
	at kafka.controller.ControllerEventManager$ControllerEventThread.process$1(ControllerEventManager.scala:138)
	at kafka.controller.ControllerEventManager$ControllerEventThread.$anonfun$doWork$1(ControllerEventManager.scala:141)
	at kafka.controller.ControllerEventManager$ControllerEventThread.$anonfun$doWork$1$adapted(ControllerEventManager.scala:141)
	at com.yammer.metrics.core.Timer.time(Timer.java:91)
	at kafka.controller.ControllerEventManager$ControllerEventThread.doWork(ControllerEventManager.scala:141)
	at org.apache.kafka.server.util.ShutdownableThread.run(ShutdownableThread.java:130)
[2025-07-18 12:26:41,663] INFO [Controller id=1 epoch=1] Sending UpdateMetadata request to brokers HashSet() for 0 partitions (state.change.logger)
[2025-07-18 12:26:41,696] INFO [Controller id=1 epoch=1] Partition __consumer_offsets-30 state changed to (Leader:-1,ISR:4,LeaderRecoveryState:RECOVERED,LeaderEpoch:1,ZkVersion:1,ControllerEpoch:1) after removing replica 4 from the ISR as part of transition to OfflineReplica (state.change.logger)
[2025-07-18 12:26:41,696] INFO [Controller id=1 epoch=1] Partition demo-topic-8 state changed to (Leader:5,ISR:5,1,LeaderRecoveryState:RECOVERED,LeaderEpoch:1,ZkVersion:1,ControllerEpoch:1) after removing replica 4 from the ISR as part of transition to OfflineReplica (state.change.logger)
[2025-07-18 12:26:41,696] INFO [Controller id=1 epoch=1] Partition __consumer_offsets-25 state changed to (Leader:-1,ISR:4,LeaderRecoveryState:RECOVERED,LeaderEpoch:1,ZkVersion:1,ControllerEpoch:1) after removing replica 4 from the ISR as part of transition to OfflineReplica (state.change.logger)
[2025-07-18 12:26:41,696] INFO [Controller id=1 epoch=1] Partition __consumer_offsets-35 state changed to (Leader:-1,ISR:4,LeaderRecoveryState:RECOVERED,LeaderEpoch:1,ZkVersion:1,ControllerEpoch:1) after removing replica 4 from the ISR as part of transition to OfflineReplica (state.change.logger)
[2025-07-18 12:26:41,696] INFO [Controller id=1 epoch=1] Partition demo-topic-9 state changed to (Leader:1,ISR:1,2,LeaderRecoveryState:RECOVERED,LeaderEpoch:1,ZkVersion:1,ControllerEpoch:1) after removing replica 4 from the ISR as part of transition to OfflineReplica (state.change.logger)
[2025-07-18 12:26:41,696] INFO [Controller id=1 epoch=1] Partition __consumer_offsets-15 state changed to (Leader:-1,ISR:4,LeaderRecoveryState:RECOVERED,LeaderEpoch:1,ZkVersion:1,ControllerEpoch:1) after removing replica 4 from the ISR as part of transition to OfflineReplica (state.change.logger)
[2025-07-18 12:26:41,697] INFO [Controller id=1 epoch=1] Partition demo-topic-0 state changed to (Leader:1,ISR:1,2,LeaderRecoveryState:RECOVERED,LeaderEpoch:1,ZkVersion:1,ControllerEpoch:1) after removing replica 4 from the ISR as part of transition to OfflineReplica (state.change.logger)
[2025-07-18 12:26:41,697] INFO [Controller id=1 epoch=1] Partition demo-topic-4 state changed to (Leader:1,ISR:1,5,LeaderRecoveryState:RECOVERED,LeaderEpoch:1,ZkVersion:1,ControllerEpoch:1) after removing replica 4 from the ISR as part of transition to OfflineReplica (state.change.logger)
[2025-07-18 12:26:41,697] INFO [Controller id=1 epoch=1] Partition __consumer_offsets-20 state changed to (Leader:-1,ISR:4,LeaderRecoveryState:RECOVERED,LeaderEpoch:1,ZkVersion:1,ControllerEpoch:1) after removing replica 4 from the ISR as part of transition to OfflineReplica (state.change.logger)
[2025-07-18 12:26:41,697] INFO [Controller id=1 epoch=1] Partition __consumer_offsets-0 state changed to (Leader:-1,ISR:4,LeaderRecoveryState:RECOVERED,LeaderEpoch:1,ZkVersion:1,ControllerEpoch:1) after removing replica 4 from the ISR as part of transition to OfflineReplica (state.change.logger)
[2025-07-18 12:26:41,697] INFO [Controller id=1 epoch=1] Partition __consumer_offsets-45 state changed to (Leader:-1,ISR:4,LeaderRecoveryState:RECOVERED,LeaderEpoch:1,ZkVersion:1,ControllerEpoch:1) after removing replica 4 from the ISR as part of transition to OfflineReplica (state.change.logger)
[2025-07-18 12:26:41,697] INFO [Controller id=1 epoch=1] Partition __consumer_offsets-5 state changed to (Leader:-1,ISR:4,LeaderRecoveryState:RECOVERED,LeaderEpoch:1,ZkVersion:1,ControllerEpoch:1) after removing replica 4 from the ISR as part of transition to OfflineReplica (state.change.logger)
[2025-07-18 12:26:41,697] INFO [Controller id=1 epoch=1] Partition demo-topic-5 state changed to (Leader:2,ISR:2,3,LeaderRecoveryState:RECOVERED,LeaderEpoch:1,ZkVersion:1,ControllerEpoch:1) after removing replica 4 from the ISR as part of transition to OfflineReplica (state.change.logger)
[2025-07-18 12:26:41,697] INFO [Controller id=1 epoch=1] Partition demo-topic-1 state changed to (Leader:2,ISR:2,3,LeaderRecoveryState:RECOVERED,LeaderEpoch:1,ZkVersion:1,ControllerEpoch:1) after removing replica 4 from the ISR as part of transition to OfflineReplica (state.change.logger)
[2025-07-18 12:26:41,697] INFO [Controller id=1 epoch=1] Partition __consumer_offsets-10 state changed to (Leader:-1,ISR:4,LeaderRecoveryState:RECOVERED,LeaderEpoch:1,ZkVersion:1,ControllerEpoch:1) after removing replica 4 from the ISR as part of transition to OfflineReplica (state.change.logger)
[2025-07-18 12:26:41,697] INFO [Controller id=1 epoch=1] Partition __consumer_offsets-40 state changed to (Leader:-1,ISR:4,LeaderRecoveryState:RECOVERED,LeaderEpoch:1,ZkVersion:1,ControllerEpoch:1) after removing replica 4 from the ISR as part of transition to OfflineReplica (state.change.logger)
[2025-07-18 12:26:41,697] INFO [Controller id=1 epoch=1] Sending LeaderAndIsr request to broker 1 with 3 become-leader and 1 become-follower partitions (state.change.logger)
[2025-07-18 12:26:41,697] INFO [Controller id=1 epoch=1] Sending LeaderAndIsr request to broker 2 with 2 become-leader and 2 become-follower partitions (state.change.logger)
[2025-07-18 12:26:41,698] INFO [Controller id=1 epoch=1] Sending LeaderAndIsr request to broker 3 with 0 become-leader and 2 become-follower partitions (state.change.logger)
[2025-07-18 12:26:41,698] INFO [Controller id=1 epoch=1] Sending LeaderAndIsr request to broker 5 with 1 become-leader and 1 become-follower partitions (state.change.logger)
[2025-07-18 12:26:41,698] INFO [Controller id=1 epoch=1] Sending UpdateMetadata request to brokers HashSet(1, 2, 3, 5) for 16 partitions (state.change.logger)
[2025-07-18 12:26:41,700] INFO [Broker id=1] Handling LeaderAndIsr request correlationId 12 from controller 1 for 4 partitions (state.change.logger)
[2025-07-18 12:26:41,701] INFO [Broker id=1] Ignoring LeaderAndIsr request from controller 1 with correlation id 12 epoch 1 for partition demo-topic-0 since its associated leader epoch 1 matches the current leader epoch (state.change.logger)
[2025-07-18 12:26:41,701] INFO [Broker id=1] Ignoring LeaderAndIsr request from controller 1 with correlation id 12 epoch 1 for partition demo-topic-4 since its associated leader epoch 1 matches the current leader epoch (state.change.logger)
[2025-07-18 12:26:41,701] INFO [Broker id=1] Ignoring LeaderAndIsr request from controller 1 with correlation id 12 epoch 1 for partition demo-topic-9 since its associated leader epoch 1 matches the current leader epoch (state.change.logger)
[2025-07-18 12:26:41,701] INFO [Broker id=1] Ignoring LeaderAndIsr request from controller 1 with correlation id 12 epoch 1 for partition demo-topic-8 since its associated leader epoch 1 matches the current leader epoch (state.change.logger)
[2025-07-18 12:26:41,702] INFO [Broker id=1] Finished LeaderAndIsr request in 2ms correlationId 12 from controller 1 for 4 partitions (state.change.logger)
[2025-07-18 12:26:41,704] INFO [Broker id=1] Add 16 partitions and deleted 0 partitions from metadata cache in response to UpdateMetadata request sent by controller 1 epoch 1 with correlation id 13 (state.change.logger)
[2025-07-18 12:29:36,418] INFO [Controller id=1 epoch=1] Sending UpdateMetadata request to brokers HashSet(1, 2, 3, 5) for 0 partitions (state.change.logger)
[2025-07-18 12:29:36,421] INFO [Controller id=1 epoch=1] Sending UpdateMetadata request to brokers HashSet(4) for 60 partitions (state.change.logger)
[2025-07-18 12:29:36,424] INFO [Controller id=1 epoch=1] Sending LeaderAndIsr request to broker 4 with 0 become-leader and 16 become-follower partitions (state.change.logger)
[2025-07-18 12:29:36,425] INFO [Controller id=1 epoch=1] Sending UpdateMetadata request to brokers HashSet(1, 2, 3, 4, 5) for 16 partitions (state.change.logger)
[2025-07-18 12:29:36,427] INFO [Broker id=1] Add 16 partitions and deleted 0 partitions from metadata cache in response to UpdateMetadata request sent by controller 1 epoch 1 with correlation id 15 (state.change.logger)
[2025-07-18 12:29:36,446] INFO [Controller id=1 epoch=1] Changed partition __consumer_offsets-30 from OfflinePartition to OnlinePartition with state LeaderAndIsr(leader=4, leaderEpoch=2, isrWithBrokerEpoch=List(BrokerState(brokerId=4, brokerEpoch=-1)), leaderRecoveryState=RECOVERED, partitionEpoch=2) (state.change.logger)
[2025-07-18 12:29:36,446] INFO [Controller id=1 epoch=1] Changed partition __consumer_offsets-25 from OfflinePartition to OnlinePartition with state LeaderAndIsr(leader=4, leaderEpoch=2, isrWithBrokerEpoch=List(BrokerState(brokerId=4, brokerEpoch=-1)), leaderRecoveryState=RECOVERED, partitionEpoch=2) (state.change.logger)
[2025-07-18 12:29:36,446] INFO [Controller id=1 epoch=1] Changed partition __consumer_offsets-35 from OfflinePartition to OnlinePartition with state LeaderAndIsr(leader=4, leaderEpoch=2, isrWithBrokerEpoch=List(BrokerState(brokerId=4, brokerEpoch=-1)), leaderRecoveryState=RECOVERED, partitionEpoch=2) (state.change.logger)
[2025-07-18 12:29:36,446] INFO [Controller id=1 epoch=1] Changed partition __consumer_offsets-15 from OfflinePartition to OnlinePartition with state LeaderAndIsr(leader=4, leaderEpoch=2, isrWithBrokerEpoch=List(BrokerState(brokerId=4, brokerEpoch=-1)), leaderRecoveryState=RECOVERED, partitionEpoch=2) (state.change.logger)
[2025-07-18 12:29:36,447] INFO [Controller id=1 epoch=1] Changed partition __consumer_offsets-20 from OfflinePartition to OnlinePartition with state LeaderAndIsr(leader=4, leaderEpoch=2, isrWithBrokerEpoch=List(BrokerState(brokerId=4, brokerEpoch=-1)), leaderRecoveryState=RECOVERED, partitionEpoch=2) (state.change.logger)
[2025-07-18 12:29:36,447] INFO [Controller id=1 epoch=1] Changed partition __consumer_offsets-0 from OfflinePartition to OnlinePartition with state LeaderAndIsr(leader=4, leaderEpoch=2, isrWithBrokerEpoch=List(BrokerState(brokerId=4, brokerEpoch=-1)), leaderRecoveryState=RECOVERED, partitionEpoch=2) (state.change.logger)
[2025-07-18 12:29:36,447] INFO [Controller id=1 epoch=1] Changed partition __consumer_offsets-45 from OfflinePartition to OnlinePartition with state LeaderAndIsr(leader=4, leaderEpoch=2, isrWithBrokerEpoch=List(BrokerState(brokerId=4, brokerEpoch=-1)), leaderRecoveryState=RECOVERED, partitionEpoch=2) (state.change.logger)
[2025-07-18 12:29:36,447] INFO [Controller id=1 epoch=1] Changed partition __consumer_offsets-5 from OfflinePartition to OnlinePartition with state LeaderAndIsr(leader=4, leaderEpoch=2, isrWithBrokerEpoch=List(BrokerState(brokerId=4, brokerEpoch=-1)), leaderRecoveryState=RECOVERED, partitionEpoch=2) (state.change.logger)
[2025-07-18 12:29:36,447] INFO [Controller id=1 epoch=1] Changed partition __consumer_offsets-10 from OfflinePartition to OnlinePartition with state LeaderAndIsr(leader=4, leaderEpoch=2, isrWithBrokerEpoch=List(BrokerState(brokerId=4, brokerEpoch=-1)), leaderRecoveryState=RECOVERED, partitionEpoch=2) (state.change.logger)
[2025-07-18 12:29:36,447] INFO [Controller id=1 epoch=1] Changed partition __consumer_offsets-40 from OfflinePartition to OnlinePartition with state LeaderAndIsr(leader=4, leaderEpoch=2, isrWithBrokerEpoch=List(BrokerState(brokerId=4, brokerEpoch=-1)), leaderRecoveryState=RECOVERED, partitionEpoch=2) (state.change.logger)
[2025-07-18 12:29:36,447] INFO [Controller id=1 epoch=1] Sending LeaderAndIsr request to broker 4 with 10 become-leader and 0 become-follower partitions (state.change.logger)
[2025-07-18 12:29:36,447] INFO [Controller id=1 epoch=1] Sending UpdateMetadata request to brokers HashSet(1, 2, 3, 4, 5) for 10 partitions (state.change.logger)
[2025-07-18 12:29:36,449] INFO [Broker id=1] Add 10 partitions and deleted 0 partitions from metadata cache in response to UpdateMetadata request sent by controller 1 epoch 1 with correlation id 16 (state.change.logger)
[2025-07-18 12:29:37,285] INFO [Controller id=1 epoch=1] Sending UpdateMetadata request to brokers HashSet(1, 2, 3, 4, 5) for 1 partitions (state.change.logger)
[2025-07-18 12:29:37,290] INFO [Broker id=1] Add 1 partitions and deleted 0 partitions from metadata cache in response to UpdateMetadata request sent by controller 1 epoch 1 with correlation id 17 (state.change.logger)
[2025-07-18 12:29:37,322] INFO [Controller id=1 epoch=1] Sending UpdateMetadata request to brokers HashSet(1, 2, 3, 4, 5) for 1 partitions (state.change.logger)
[2025-07-18 12:29:37,325] INFO [Broker id=1] Add 1 partitions and deleted 0 partitions from metadata cache in response to UpdateMetadata request sent by controller 1 epoch 1 with correlation id 18 (state.change.logger)
[2025-07-18 12:29:37,339] INFO [Controller id=1 epoch=1] Sending UpdateMetadata request to brokers HashSet(1, 2, 3, 4, 5) for 1 partitions (state.change.logger)
[2025-07-18 12:29:37,340] INFO [Broker id=1] Add 1 partitions and deleted 0 partitions from metadata cache in response to UpdateMetadata request sent by controller 1 epoch 1 with correlation id 19 (state.change.logger)
[2025-07-18 12:29:37,355] INFO [Controller id=1 epoch=1] Sending UpdateMetadata request to brokers HashSet(1, 2, 3, 4, 5) for 1 partitions (state.change.logger)
[2025-07-18 12:29:37,365] INFO [Broker id=1] Add 1 partitions and deleted 0 partitions from metadata cache in response to UpdateMetadata request sent by controller 1 epoch 1 with correlation id 20 (state.change.logger)
[2025-07-18 12:29:37,382] INFO [Controller id=1 epoch=1] Sending UpdateMetadata request to brokers HashSet(1, 2, 3, 4, 5) for 2 partitions (state.change.logger)
[2025-07-18 12:29:37,388] INFO [Broker id=1] Add 2 partitions and deleted 0 partitions from metadata cache in response to UpdateMetadata request sent by controller 1 epoch 1 with correlation id 21 (state.change.logger)
[2025-07-18 12:30:21,990] INFO [Controller id=1 epoch=1] Changed partition demo-topic-0 from OnlinePartition to OnlinePartition with state LeaderAndIsr(leader=4, leaderEpoch=2, isrWithBrokerEpoch=List(BrokerState(brokerId=1, brokerEpoch=-1), BrokerState(brokerId=2, brokerEpoch=-1), BrokerState(brokerId=4, brokerEpoch=-1)), leaderRecoveryState=RECOVERED, partitionEpoch=3) (state.change.logger)
[2025-07-18 12:30:21,990] INFO [Controller id=1 epoch=1] Changed partition demo-topic-5 from OnlinePartition to OnlinePartition with state LeaderAndIsr(leader=4, leaderEpoch=2, isrWithBrokerEpoch=List(BrokerState(brokerId=2, brokerEpoch=-1), BrokerState(brokerId=3, brokerEpoch=-1), BrokerState(brokerId=4, brokerEpoch=-1)), leaderRecoveryState=RECOVERED, partitionEpoch=3) (state.change.logger)
[2025-07-18 12:30:21,991] INFO [Controller id=1 epoch=1] Sending LeaderAndIsr request to broker 1 with 0 become-leader and 1 become-follower partitions (state.change.logger)
[2025-07-18 12:30:21,991] INFO [Controller id=1 epoch=1] Sending LeaderAndIsr request to broker 2 with 0 become-leader and 2 become-follower partitions (state.change.logger)
[2025-07-18 12:30:21,991] INFO [Controller id=1 epoch=1] Sending LeaderAndIsr request to broker 3 with 0 become-leader and 1 become-follower partitions (state.change.logger)
[2025-07-18 12:30:21,992] INFO [Controller id=1 epoch=1] Sending LeaderAndIsr request to broker 4 with 2 become-leader and 0 become-follower partitions (state.change.logger)
[2025-07-18 12:30:21,992] INFO [Controller id=1 epoch=1] Sending UpdateMetadata request to brokers HashSet(1, 2, 3, 4, 5) for 2 partitions (state.change.logger)
[2025-07-18 12:30:21,993] INFO [Broker id=1] Handling LeaderAndIsr request correlationId 22 from controller 1 for 1 partitions (state.change.logger)
[2025-07-18 12:30:21,993] INFO [Broker id=1] Follower demo-topic-0 starts at leader epoch 2 from offset 6 with partition epoch 3 and high watermark 6. Current leader is 4. Previous leader Some(4) and previous leader epoch was 2. (state.change.logger)
[2025-07-18 12:30:21,993] INFO [Broker id=1] Stopped fetchers as part of become-follower request from controller 1 epoch 1 with correlation id 22 for 1 partitions (state.change.logger)
[2025-07-18 12:30:21,999] INFO [Broker id=1] Finished LeaderAndIsr request in 6ms correlationId 22 from controller 1 for 1 partitions (state.change.logger)
[2025-07-18 12:30:22,002] INFO [Broker id=1] Add 2 partitions and deleted 0 partitions from metadata cache in response to UpdateMetadata request sent by controller 1 epoch 1 with correlation id 23 (state.change.logger)
