[2025-07-18T12:20:03.817+0000][gc,heap] Heap region size: 1M
[2025-07-18T12:20:03.825+0000][gc     ] Using G1
[2025-07-18T12:20:03.825+0000][gc,heap,coops] Heap address: 0x00000000e0000000, size: 512 MB, Compressed Oops mode: 32-bit
[2025-07-18T12:20:03.825+0000][gc,cds       ] Mark closed archive regions in map: [0x00000000fff00000, 0x00000000fff6bff8]
[2025-07-18T12:20:03.825+0000][gc,cds       ] Mark open archive regions in map: [0x00000000ffe00000, 0x00000000ffe47ff8]
[2025-07-18T12:20:05.727+0000][gc,start     ] GC(0) Pause Young (Normal) (G1 Evacuation Pause)
[2025-07-18T12:20:05.727+0000][gc,task      ] GC(0) Using 2 workers of 2 for evacuation
[2025-07-18T12:20:05.747+0000][gc,phases    ] GC(0)   Pre Evacuate Collection Set: 0.0ms
[2025-07-18T12:20:05.747+0000][gc,phases    ] GC(0)   Evacuate Collection Set: 19.0ms
[2025-07-18T12:20:05.747+0000][gc,phases    ] GC(0)   Post Evacuate Collection Set: 0.5ms
[2025-07-18T12:20:05.747+0000][gc,phases    ] GC(0)   Other: 0.3ms
[2025-07-18T12:20:05.747+0000][gc,heap      ] GC(0) Eden regions: 25->0(21)
[2025-07-18T12:20:05.747+0000][gc,heap      ] GC(0) Survivor regions: 0->4(4)
[2025-07-18T12:20:05.747+0000][gc,heap      ] GC(0) Old regions: 2->6
[2025-07-18T12:20:05.747+0000][gc,heap      ] GC(0) Humongous regions: 0->0
[2025-07-18T12:20:05.747+0000][gc,metaspace ] GC(0) Metaspace: 7491K(7936K)->7491K(7936K) NonClass: 6653K(6912K)->6653K(6912K) Class: 838K(1024K)->838K(1024K)
[2025-07-18T12:20:05.747+0000][gc           ] GC(0) Pause Young (Normal) (G1 Evacuation Pause) 25M->7M(512M) 19.998ms
[2025-07-18T12:20:05.747+0000][gc,cpu       ] GC(0) User=0.02s Sys=0.00s Real=0.02s
[2025-07-18T12:26:41.667+0000][gc,start     ] GC(1) Pause Young (Normal) (G1 Evacuation Pause)
[2025-07-18T12:26:41.667+0000][gc,task      ] GC(1) Using 2 workers of 2 for evacuation
[2025-07-18T12:26:41.676+0000][gc,phases    ] GC(1)   Pre Evacuate Collection Set: 0.0ms
[2025-07-18T12:26:41.676+0000][gc,phases    ] GC(1)   Evacuate Collection Set: 9.1ms
[2025-07-18T12:26:41.676+0000][gc,phases    ] GC(1)   Post Evacuate Collection Set: 0.4ms
[2025-07-18T12:26:41.676+0000][gc,phases    ] GC(1)   Other: 0.1ms
[2025-07-18T12:26:41.676+0000][gc,heap      ] GC(1) Eden regions: 21->0(24)
[2025-07-18T12:26:41.676+0000][gc,heap      ] GC(1) Survivor regions: 4->1(4)
[2025-07-18T12:26:41.676+0000][gc,heap      ] GC(1) Old regions: 6->10
[2025-07-18T12:26:41.676+0000][gc,heap      ] GC(1) Humongous regions: 0->0
[2025-07-18T12:26:41.676+0000][gc,metaspace ] GC(1) Metaspace: 10167K(10752K)->10167K(10752K) NonClass: 9077K(9472K)->9077K(9472K) Class: 1090K(1280K)->1090K(1280K)
[2025-07-18T12:26:41.676+0000][gc           ] GC(1) Pause Young (Normal) (G1 Evacuation Pause) 28M->9M(512M) 9.750ms
[2025-07-18T12:26:41.676+0000][gc,cpu       ] GC(1) User=0.02s Sys=0.00s Real=0.00s
